20:17:59 **** Incremental Build of configuration Debug for project keypad_lcd ****
make -j4 all 
arm-none-eabi-gcc "../Core/Src/keypad.c" -mcpu=cortex-m7 -std=gnu11 -g3 -DDEBUG -DUSE_PWR_DIRECT_SMPS_SUPPLY -DUSE_NUCLEO_64 -DUSE_HAL_DRIVER -DSTM32H7A3xxQ -c -I../Core/Inc -I../Drivers/STM32H7xx_HAL_Driver/Inc -I../Drivers/STM32H7xx_HAL_Driver/Inc/Legacy -I../Drivers/BSP/STM32H7xx_Nucleo -I../Drivers/CMSIS/Device/ST/STM32H7xx/Include -I../Drivers/CMSIS/Include -O0 -ffunction-sections -fdata-sections -Wall -fstack-usage -fcyclomatic-complexity -MMD -MP -MF"Core/Src/keypad.d" -MT"Core/Src/keypad.o" --specs=nano.specs -mfpu=fpv5-d16 -mfloat-abi=hard -mthumb -o "Core/Src/keypad.o"
arm-none-eabi-gcc "../Core/Src/main.c" -mcpu=cortex-m7 -std=gnu11 -g3 -DDEBUG -DUSE_PWR_DIRECT_SMPS_SUPPLY -DUSE_NUCLEO_64 -DUSE_HAL_DRIVER -DSTM32H7A3xxQ -c -I../Core/Inc -I../Drivers/STM32H7xx_HAL_Driver/Inc -I../Drivers/STM32H7xx_HAL_Driver/Inc/Legacy -I../Drivers/BSP/STM32H7xx_Nucleo -I../Drivers/CMSIS/Device/ST/STM32H7xx/Include -I../Drivers/CMSIS/Include -O0 -ffunction-sections -fdata-sections -Wall -fstack-usage -fcyclomatic-complexity -MMD -MP -MF"Core/Src/main.d" -MT"Core/Src/main.o" --specs=nano.specs -mfpu=fpv5-d16 -mfloat-abi=hard -mthumb -o "Core/Src/main.o"
arm-none-eabi-gcc -o "keypad_lcd.elf" @"objects.list"   -mcpu=cortex-m7 -T"C:\Users\ift70\OneDrive\Documents\School\ECE402\AudioSampler_SP\CubeMX_STM32MX_DevBoard\keypad_lcd\keypad_lcd\STM32H7A3ZITXQ_FLASH.ld" --specs=nosys.specs -Wl,-Map="keypad_lcd.map" -Wl,--gc-sections -static --specs=nano.specs -mfpu=fpv5-d16 -mfloat-abi=hard -mthumb -Wl,--start-group -lc -lm -Wl,--end-group
Finished building target: keypad_lcd.elf
 
arm-none-eabi-size  keypad_lcd.elf 
arm-none-eabi-objdump -h -S keypad_lcd.elf  > "keypad_lcd.list"
   text	   data	    bss	    dec	    hex	filename
  31604	    124	   3188	  34916	   8864	keypad_lcd.elf
Finished building: default.size.stdout
 
Finished building: keypad_lcd.list
 
