18:37:46 **** Incremental Build of configuration Release for project STM32H7A3ZIT ****
make -j4 all 
arm-none-eabi-gcc "../Core/Src/main.c" -mcpu=cortex-m7 -std=gnu11 -DUSE_HAL_DRIVER -DSTM32H7A3xx -DUSE_PWR_LDO_SUPPLY -c -I../Core/Inc -I../../Include -I"C:/Users/ift70/OneDrive/Documents/School/ECE402/AudioSampler_SP/CubeMX_STM32MX_DevBoard/Drivers/CMSIS/RTOS2/Include" -I"C:/Users/ift70/OneDrive/Documents/School/ECE402/AudioSampler_SP/CubeMX_STM32MX_DevBoard/Drivers/CMSIS/NN/NN_Lib_Tests/nn_test/RTE/_ARMCM7_SP" -I"C:/Users/ift70/OneDrive/Documents/School/ECE402/AudioSampler_SP/CubeMX_STM32MX_DevBoard/Drivers/CMSIS/Core_A/Include" -IC:/Users/l42li/STM32Cube/Repository/STM32Cube_FW_H7_V1.11.2/Drivers/STM32H7xx_HAL_Driver/Inc -IC:/Users/l42li/STM32Cube/Repository/STM32Cube_FW_H7_V1.11.2/Drivers/STM32H7xx_HAL_Driver/Inc/Legacy -IC:/Users/l42li/STM32Cube/Repository/STM32Cube_FW_H7_V1.11.2/Drivers/CMSIS/Device/ST/STM32H7xx/Include -IC:/Users/l42li/STM32Cube/Repository/STM32Cube_FW_H7_V1.11.2/Drivers/CMSIS/Include -I../Drivers/STM32H7xx_HAL_Driver/Inc -I../Drivers/STM32H7xx_HAL_Driver/Inc/Legacy -I../Drivers/CMSIS/Device/ST/STM32H7xx/Include -I../Drivers/CMSIS/Include -I../USB_DEVICE/App -I../USB_DEVICE/Target -I../Middlewares/ST/STM32_USB_Device_Library/Core/Inc -I../Middlewares/ST/STM32_USB_Device_Library/Class/CDC/Inc -Os -ffunction-sections -fdata-sections -Wall -fstack-usage -fcyclomatic-complexity -MMD -MP -MF"Core/Src/main.d" -MT"Core/Src/main.o" --specs=nano.specs -mfpu=fpv5-d16 -mfloat-abi=hard -mthumb -o "Core/Src/main.o"
arm-none-eabi-gcc -o "STM32H7A3ZIT.elf" @"objects.list"   -mcpu=cortex-m7 -T"C:\Users\ift70\OneDrive\Documents\School\ECE402\AudioSampler_SP\CubeMX_STM32H7A3ZIT\STM32H7A3ZITX_FLASH.ld" --specs=nosys.specs -Wl,-Map="STM32H7A3ZIT.map" -Wl,--gc-sections -static --specs=nano.specs -mfpu=fpv5-d16 -mfloat-abi=hard -mthumb -Wl,--start-group -lc -lm -Wl,--end-group
Finished building target: STM32H7A3ZIT.elf
 
arm-none-eabi-size  STM32H7A3ZIT.elf 
arm-none-eabi-objdump -h -S STM32H7A3ZIT.elf  > "STM32H7A3ZIT.list"
   text	   data	    bss	    dec	    hex	filename
  34292	    348	  13780	  48420	   bd24	STM32H7A3ZIT.elf
Finished building: default.size.stdout
 
Finished building: STM32H7A3ZIT.list
 
18:37:51 **** Incremental Build of configuration Debug for project STM32H7A3ZIT ****
make -j4 all 
arm-none-eabi-gcc "../Core/Src/main.c" -mcpu=cortex-m7 -std=gnu11 -g3 -DUSE_SDRAM -DSKIP_SYSCLK_INIT -DXIP_BOOT_HEADER_DCD_ENABLE=1 -DDEBUG -DUSE_HAL_DRIVER -DSTM32H7A3xx -DUSE_PWR_LDO_SUPPLY -c -I../Core/Inc -I"C:/Users/ift70/OneDrive/Documents/School/ECE402/AudioSampler_SP/CubeMX_STM32MX_DevBoard/Drivers/CMSIS/RTOS2/Include" -I"C:/Users/ift70/OneDrive/Documents/School/ECE402/AudioSampler_SP/CubeMX_STM32MX_DevBoard/Drivers/CMSIS/NN/NN_Lib_Tests/nn_test/RTE/_ARMCM7_SP" -I"C:/Users/ift70/OneDrive/Documents/School/ECE402/AudioSampler_SP/CubeMX_STM32MX_DevBoard/Drivers/CMSIS/Core_A/Include" -I../Drivers/STM32H7xx_HAL_Driver/Inc -I../Drivers/STM32H7xx_HAL_Driver/Inc/Legacy -I../Drivers/CMSIS/Device/ST/STM32H7xx/Include -I../Drivers/CMSIS/Include -I../USB_DEVICE/App -I../USB_DEVICE/Target -I../Middlewares/ST/STM32_USB_Device_Library/Core/Inc -I../Middlewares/ST/STM32_USB_Device_Library/Class/CDC/Inc -I"C:/Users/ift70/OneDrive/Documents/School/ECE402/AudioSampler_SP/CubeMX_STM32H7A3ZIT/USB_DEVICE/App" -O0 -ffunction-sections -fdata-sections -Wall -fstack-usage -fcyclomatic-complexity -MMD -MP -MF"Core/Src/main.d" -MT"Core/Src/main.o" --specs=nano.specs -mfpu=fpv5-d16 -mfloat-abi=hard -mthumb -o "Core/Src/main.o"
arm-none-eabi-gcc -o "STM32H7A3ZIT.elf" @"objects.list"   -mcpu=cortex-m7 -T"C:\Users\ift70\OneDrive\Documents\School\ECE402\AudioSampler_SP\CubeMX_STM32H7A3ZIT\STM32H7A3ZITX_FLASH.ld" --specs=nosys.specs -Wl,-Map="STM32H7A3ZIT.map" -Wl,--gc-sections -static --specs=nano.specs -mfpu=fpv5-d16 -mfloat-abi=hard -mthumb -Wl,--start-group -lc -lm -Wl,--end-group
Finished building target: STM32H7A3ZIT.elf
 
arm-none-eabi-size  STM32H7A3ZIT.elf 
arm-none-eabi-objdump -h -S STM32H7A3ZIT.elf  > "STM32H7A3ZIT.list"
   text	   data	    bss	    dec	    hex	filename
  61880	    352	  13776	  76008	  128e8	STM32H7A3ZIT.elf
Finished building: default.size.stdout
 
Finished building: STM32H7A3ZIT.list
 
