Archive member included to satisfy reference by file (symbol)

C:/ST/STM32CubeIDE_1.16.1/STM32CubeIDE/plugins/com.st.stm32cube.ide.mcu.externaltools.gnu-tools-for-stm32.12.3.rel1.win32_1.1.0.202410251130/tools/bin/../lib/gcc/arm-none-eabi/12.3.1/../../../../arm-none-eabi/lib/thumb/v7e-m+dp/hard\libc_nano.a(libc_a-exit.o)
                              C:/ST/STM32CubeIDE_1.16.1/STM32CubeIDE/plugins/com.st.stm32cube.ide.mcu.externaltools.gnu-tools-for-stm32.12.3.rel1.win32_1.1.0.202410251130/tools/bin/../lib/gcc/arm-none-eabi/12.3.1/../../../../arm-none-eabi/lib/thumb/v7e-m+dp/hard/crt0.o (exit)
C:/ST/STM32CubeIDE_1.16.1/STM32CubeIDE/plugins/com.st.stm32cube.ide.mcu.externaltools.gnu-tools-for-stm32.12.3.rel1.win32_1.1.0.202410251130/tools/bin/../lib/gcc/arm-none-eabi/12.3.1/../../../../arm-none-eabi/lib/thumb/v7e-m+dp/hard\libc_nano.a(libc_a-findfp.o)
                              C:/ST/STM32CubeIDE_1.16.1/STM32CubeIDE/plugins/com.st.stm32cube.ide.mcu.externaltools.gnu-tools-for-stm32.12.3.rel1.win32_1.1.0.202410251130/tools/bin/../lib/gcc/arm-none-eabi/12.3.1/../../../../arm-none-eabi/lib/thumb/v7e-m+dp/hard\libc_nano.a(libc_a-exit.o) (__stdio_exit_handler)
C:/ST/STM32CubeIDE_1.16.1/STM32CubeIDE/plugins/com.st.stm32cube.ide.mcu.externaltools.gnu-tools-for-stm32.12.3.rel1.win32_1.1.0.202410251130/tools/bin/../lib/gcc/arm-none-eabi/12.3.1/../../../../arm-none-eabi/lib/thumb/v7e-m+dp/hard\libc_nano.a(libc_a-fwalk.o)
                              C:/ST/STM32CubeIDE_1.16.1/STM32CubeIDE/plugins/com.st.stm32cube.ide.mcu.externaltools.gnu-tools-for-stm32.12.3.rel1.win32_1.1.0.202410251130/tools/bin/../lib/gcc/arm-none-eabi/12.3.1/../../../../arm-none-eabi/lib/thumb/v7e-m+dp/hard\libc_nano.a(libc_a-findfp.o) (_fwalk_sglue)
C:/ST/STM32CubeIDE_1.16.1/STM32CubeIDE/plugins/com.st.stm32cube.ide.mcu.externaltools.gnu-tools-for-stm32.12.3.rel1.win32_1.1.0.202410251130/tools/bin/../lib/gcc/arm-none-eabi/12.3.1/../../../../arm-none-eabi/lib/thumb/v7e-m+dp/hard\libc_nano.a(libc_a-snprintf.o)
                              ./Core/Src/ssd1306_tests.o (snprintf)
C:/ST/STM32CubeIDE_1.16.1/STM32CubeIDE/plugins/com.st.stm32cube.ide.mcu.externaltools.gnu-tools-for-stm32.12.3.rel1.win32_1.1.0.202410251130/tools/bin/../lib/gcc/arm-none-eabi/12.3.1/../../../../arm-none-eabi/lib/thumb/v7e-m+dp/hard\libc_nano.a(libc_a-stdio.o)
                              C:/ST/STM32CubeIDE_1.16.1/STM32CubeIDE/plugins/com.st.stm32cube.ide.mcu.externaltools.gnu-tools-for-stm32.12.3.rel1.win32_1.1.0.202410251130/tools/bin/../lib/gcc/arm-none-eabi/12.3.1/../../../../arm-none-eabi/lib/thumb/v7e-m+dp/hard\libc_nano.a(libc_a-findfp.o) (__sread)
C:/ST/STM32CubeIDE_1.16.1/STM32CubeIDE/plugins/com.st.stm32cube.ide.mcu.externaltools.gnu-tools-for-stm32.12.3.rel1.win32_1.1.0.202410251130/tools/bin/../lib/gcc/arm-none-eabi/12.3.1/../../../../arm-none-eabi/lib/thumb/v7e-m+dp/hard\libc_nano.a(libc_a-memmove.o)
                              ./Core/Src/ssd1306_tests.o (memmove)
C:/ST/STM32CubeIDE_1.16.1/STM32CubeIDE/plugins/com.st.stm32cube.ide.mcu.externaltools.gnu-tools-for-stm32.12.3.rel1.win32_1.1.0.202410251130/tools/bin/../lib/gcc/arm-none-eabi/12.3.1/../../../../arm-none-eabi/lib/thumb/v7e-m+dp/hard\libc_nano.a(libc_a-memset.o)
                              C:/ST/STM32CubeIDE_1.16.1/STM32CubeIDE/plugins/com.st.stm32cube.ide.mcu.externaltools.gnu-tools-for-stm32.12.3.rel1.win32_1.1.0.202410251130/tools/bin/../lib/gcc/arm-none-eabi/12.3.1/../../../../arm-none-eabi/lib/thumb/v7e-m+dp/hard/crt0.o (memset)
C:/ST/STM32CubeIDE_1.16.1/STM32CubeIDE/plugins/com.st.stm32cube.ide.mcu.externaltools.gnu-tools-for-stm32.12.3.rel1.win32_1.1.0.202410251130/tools/bin/../lib/gcc/arm-none-eabi/12.3.1/../../../../arm-none-eabi/lib/thumb/v7e-m+dp/hard\libc_nano.a(libc_a-closer.o)
                              C:/ST/STM32CubeIDE_1.16.1/STM32CubeIDE/plugins/com.st.stm32cube.ide.mcu.externaltools.gnu-tools-for-stm32.12.3.rel1.win32_1.1.0.202410251130/tools/bin/../lib/gcc/arm-none-eabi/12.3.1/../../../../arm-none-eabi/lib/thumb/v7e-m+dp/hard\libc_nano.a(libc_a-stdio.o) (_close_r)
C:/ST/STM32CubeIDE_1.16.1/STM32CubeIDE/plugins/com.st.stm32cube.ide.mcu.externaltools.gnu-tools-for-stm32.12.3.rel1.win32_1.1.0.202410251130/tools/bin/../lib/gcc/arm-none-eabi/12.3.1/../../../../arm-none-eabi/lib/thumb/v7e-m+dp/hard\libc_nano.a(libc_a-reent.o)
                              C:/ST/STM32CubeIDE_1.16.1/STM32CubeIDE/plugins/com.st.stm32cube.ide.mcu.externaltools.gnu-tools-for-stm32.12.3.rel1.win32_1.1.0.202410251130/tools/bin/../lib/gcc/arm-none-eabi/12.3.1/../../../../arm-none-eabi/lib/thumb/v7e-m+dp/hard\libc_nano.a(libc_a-closer.o) (errno)
C:/ST/STM32CubeIDE_1.16.1/STM32CubeIDE/plugins/com.st.stm32cube.ide.mcu.externaltools.gnu-tools-for-stm32.12.3.rel1.win32_1.1.0.202410251130/tools/bin/../lib/gcc/arm-none-eabi/12.3.1/../../../../arm-none-eabi/lib/thumb/v7e-m+dp/hard\libc_nano.a(libc_a-impure.o)
[...]
Memory Configuration

Name             Origin             Length             Attributes
ITCMRAM          0x00000000         0x00010000         xrw
FLASH            0x08000000         0x00200000         xr
DTCMRAM1         0x20000000         0x00010000         xrw
DTCMRAM2         0x20010000         0x00010000         xrw
RAM              0x24000000         0x00100000         xrw
RAM_CD           0x30000000         0x00020000         xrw
RAM_SRD          0x38000000         0x00008000         xrw
*default*        0x00000000         0xffffffff

Linker script and memory map

LOAD C:/ST/STM32CubeIDE_1.16.1/STM32CubeIDE/plugins/com.st.stm32cube.ide.mcu.externaltools.gnu-tools-for-stm32.12.3.rel1.win32_1.1.0.202410251130/tools/bin/../lib/gcc/arm-none-eabi/12.3.1/thumb/v7e-m+dp/hard/crti.o
LOAD C:/ST/STM32CubeIDE_1.16.1/STM32CubeIDE/plugins/com.st.stm32cube.ide.mcu.externaltools.gnu-tools-for-stm32.12.3.rel1.win32_1.1.0.202410251130/tools/bin/../lib/gcc/arm-none-eabi/12.3.1/thumb/v7e-m+dp/hard/crtbegin.o
LOAD C:/ST/STM32CubeIDE_1.16.1/STM32CubeIDE/plugins/com.st.stm32cube.ide.mcu.externaltools.gnu-tools-for-stm32.12.3.rel1.win32_1.1.0.202410251130/tools/bin/../lib/gcc/arm-none-eabi/12.3.1/../../../../arm-none-eabi/lib/thumb/v7e-m+dp/hard/crt0.o
LOAD ./Core/Src/main.o
LOAD ./Core/Src/ssd1306.o
LOAD ./Core/Src/ssd1306_fonts.o
LOAD ./Core/Src/ssd1306_tests.o
LOAD ./Core/Src/stm32h7xx_hal_msp.o
LOAD ./Core/Src/stm32h7xx_it.o
LOAD ./Core/Src/syscalls.o
LOAD ./Core/Src/sysmem.o
LOAD ./Core/Src/system_stm32h7xx.o
LOAD ./Core/Startup/startup_stm32h7a3zitxq.o
LOAD ./Drivers/BSP/STM32H7xx_Nucleo/stm32h7xx_nucleo.o
LOAD ./Drivers/STM32H7xx_HAL_Driver/Src/stm32h7xx_hal.o
LOAD ./Drivers/STM32H7xx_HAL_Driver/Src/stm32h7xx_hal_cortex.o
LOAD ./Drivers/STM32H7xx_HAL_Driver/Src/stm32h7xx_hal_dma.o
LOAD ./Drivers/STM32H7xx_HAL_Driver/Src/stm32h7xx_hal_dma_ex.o
LOAD ./Drivers/STM32H7xx_HAL_Driver/Src/stm32h7xx_hal_exti.o
LOAD ./Drivers/STM32H7xx_HAL_Driver/Src/stm32h7xx_hal_flash.o
LOAD ./Drivers/STM32H7xx_HAL_Driver/Src/stm32h7xx_hal_flash_ex.o
LOAD ./Drivers/STM32H7xx_HAL_Driver/Src/stm32h7xx_hal_gpio.o
LOAD ./Drivers/STM32H7xx_HAL_Driver/Src/stm32h7xx_hal_hsem.o
LOAD ./Drivers/STM32H7xx_HAL_Driver/Src/stm32h7xx_hal_i2c.o
LOAD ./Drivers/STM32H7xx_HAL_Driver/Src/stm32h7xx_hal_i2c_ex.o
LOAD ./Drivers/STM32H7xx_HAL_Driver/Src/stm32h7xx_hal_mdma.o
LOAD ./Drivers/STM32H7xx_HAL_Driver/Src/stm32h7xx_hal_pwr.o
LOAD ./Drivers/STM32H7xx_HAL_Driver/Src/stm32h7xx_hal_pwr_ex.o
LOAD ./Drivers/STM32H7xx_HAL_Driver/Src/stm32h7xx_hal_rcc.o
LOAD ./Drivers/STM32H7xx_HAL_Driver/Src/stm32h7xx_hal_rcc_ex.o
LOAD ./Drivers/STM32H7xx_HAL_Driver/Src/stm32h7xx_hal_uart.o
LOAD ./Drivers/STM32H7xx_HAL_Driver/Src/stm32h7xx_hal_uart_ex.o
LOAD ./Drivers/STM32H7xx_HAL_Driver/Src/stm32h7xx_hal_usart.o
LOAD ./Drivers/STM32H7xx_HAL_Driver/Src/stm32h7xx_hal_usart_ex.o
START GROUP
LOAD C:/ST/STM32CubeIDE_1.16.1/STM32CubeIDE/plugins/com.st.stm32cube.ide.mcu.externaltools.gnu-tools-for-stm32.12.3.rel1.win32_1.1.0.202410251130/tools/bin/../lib/gcc/arm-none-eabi/12.3.1/../../../../arm-none-eabi/lib/thumb/v7e-m+dp/hard\libc_nano.a
LOAD C:/ST/STM32CubeIDE_1.16.1/STM32CubeIDE/plugins/com.st.stm32cube.ide.mcu.externaltools.gnu-tools-for-stm32.12.3.rel1.win32_1.1.0.202410251130/tools/bin/../lib/gcc/arm-none-eabi/12.3.1/../../../../arm-none-eabi/lib/thumb/v7e-m+dp/hard\libm.a
END GROUP
START GROUP
LOAD C:/ST/STM32CubeIDE_1.16.1/STM32CubeIDE/plugins/com.st.stm32cube.ide.mcu.externaltools.gnu-tools-for-stm32.12.3.rel1.win32_1.1.0.202410251130/tools/bin/../lib/gcc/arm-none-eabi/12.3.1/thumb/v7e-m+dp/hard\libgcc.a
LOAD C:/ST/STM32CubeIDE_1.16.1/STM32CubeIDE/plugins/com.st.stm32cube.ide.mcu.externaltools.gnu-tools-for-stm32.12.3.rel1.win32_1.1.0.202410251130/tools/bin/../lib/gcc/arm-none-eabi/12.3.1/../../../../arm-none-eabi/lib/thumb/v7e-m+dp/hard\libc_nano.a
END GROUP
START GROUP
LOAD C:/ST/STM32CubeIDE_1.16.1/STM32CubeIDE/plugins/com.st.stm32cube.ide.mcu.externaltools.gnu-tools-for-stm32.12.3.rel1.win32_1.1.0.202410251130/tools/bin/../lib/gcc/arm-none-eabi/12.3.1/thumb/v7e-m+dp/hard\libgcc.a
LOAD C:/ST/STM32CubeIDE_1.16.1/STM32CubeIDE/plugins/com.st.stm32cube.ide.mcu.externaltools.gnu-tools-for-stm32.12.3.rel1.win32_1.1.0.202410251130/tools/bin/../lib/gcc/arm-none-eabi/12.3.1/../../../../arm-none-eabi/lib/thumb/v7e-m+dp/hard\libc_nano.a
LOAD C:/ST/STM32CubeIDE_1.16.1/STM32CubeIDE/plugins/com.st.stm32cube.ide.mcu.externaltools.gnu-tools-for-stm32.12.3.rel1.win32_1.1.0.202410251130/tools/bin/../lib/gcc/arm-none-eabi/12.3.1/../../../../arm-none-eabi/lib/thumb/v7e-m+dp/hard\libnosys.a
END GROUP
START GROUP
LOAD C:/ST/STM32CubeIDE_1.16.1/STM32CubeIDE/plugins/com.st.stm32cube.ide.mcu.externaltools.gnu-tools-for-stm32.12.3.rel1.win32_1.1.0.202410251130/tools/bin/../lib/gcc/arm-none-eabi/12.3.1/thumb/v7e-m+dp/hard\libgcc.a
LOAD C:/ST/STM32CubeIDE_1.16.1/STM32CubeIDE/plugins/com.st.stm32cube.ide.mcu.externaltools.gnu-tools-for-stm32.12.3.rel1.win32_1.1.0.202410251130/tools/bin/../lib/gcc/arm-none-eabi/12.3.1/../../../../arm-none-eabi/lib/thumb/v7e-m+dp/hard\libc_nano.a
LOAD C:/ST/STM32CubeIDE_1.16.1/STM32CubeIDE/plugins/com.st.stm32cube.ide.mcu.externaltools.gnu-tools-for-stm32.12.3.rel1.win32_1.1.0.202410251130/tools/bin/../lib/gcc/arm-none-eabi/12.3.1/../../../../arm-none-eabi/lib/thumb/v7e-m+dp/hard\libnosys.a
END GROUP
LOAD C:/ST/STM32CubeIDE_1.16.1/STM32CubeIDE/plugins/com.st.stm32cube.ide.mcu.externaltools.gnu-tools-for-stm32.12.3.rel1.win32_1.1.0.202410251130/tools/bin/../lib/gcc/arm-none-eabi/12.3.1/thumb/v7e-m+dp/hard/crtend.o
LOAD C:/ST/STM32CubeIDE_1.16.1/STM32CubeIDE/plugins/com.st.stm32cube.ide.mcu.externaltools.gnu-tools-for-stm32.12.3.rel1.win32_1.1.0.202410251130/tools/bin/../lib/gcc/arm-none-eabi/12.3.1/thumb/v7e-m+dp/hard/crtn.o
                0x24100000                        _estack = (ORIGIN (RAM) + LENGTH (RAM))
                0x00000200                        _Min_Heap_Size = 0x200
                0x00000400                        _Min_Stack_Size = 0x400

.isr_vector     0x08000000      0x2ac
                0x08000000                        . = ALIGN (0x4)
 *(.isr_vector)
 .isr_vector    0x08000000      0x2ac ./Core/Startup/startup_stm32h7a3zitxq.o
                0x08000000                g_pfnVectors
                0x080002ac                        . = ALIGN (0x4)

.text           0x080002b0     0x8654
                0x080002b0                        . = ALIGN (0x4)
 *(.text)
 .text          0x080002b0       0x40 C:/ST/STM32CubeIDE_1.16.1/STM32CubeIDE/plugins/com.st.stm32cube.ide.mcu.externaltools.gnu-tools-for-stm32.12.3.rel1.win32_1.1.0.202410251130/tools/bin/../lib/gcc/arm-none-eabi/12.3.1/thumb/v7e-m+dp/hard/crtbegin.o
 .text          0x080002f0       0xa0 C:/ST/STM32CubeIDE_1.16.1/STM32CubeIDE/plugins/com.st.stm32cube.ide.mcu.externaltools.gnu-tools-for-stm32.12.3.rel1.win32_1.1.0.202410251130/tools/bin/../lib/gcc/arm-none-eabi/12.3.1/../../../../arm-none-eabi/lib/thumb/v7e-m+dp/hard\libc_nano.a(libc_a-memchr.o)
                0x080002f0                memchr
 .text          0x08000390      0x378 C:/ST/STM32CubeIDE_1.16.1/STM32CubeIDE/plugins/com.st.stm32cube.ide.mcu.externaltools.gnu-tools-for-stm32.12.3.rel1.win32_1.1.0.202410251130/tools/bin/../lib/gcc/arm-none-eabi/12.3.1/thumb/v7e-m+dp/hard\libgcc.a(_arm_addsubdf3.o)
                0x08000390                __aeabi_drsub
                0x08000398                __aeabi_dsub
                0x08000398                __subdf3
                0x0800039c                __aeabi_dadd
                0x0800039c                __adddf3
                0x08000614                __floatunsidf
                0x08000614                __aeabi_ui2d
                0x08000634                __floatsidf
                0x08000634                __aeabi_i2d
                0x08000658                __aeabi_f2d
                0x08000658                __extendsfdf2
                0x0800069c                __floatundidf
                0x0800069c                __aeabi_ul2d
                0x080006ac                __floatdidf
                0x080006ac                __aeabi_l2d
 .text          0x08000708       0x30 C:/ST/STM32CubeIDE_1.16.1/STM32CubeIDE/plugins/com.st.stm32cube.ide.mcu.externaltools.gnu-tools-for-stm32.12.3.rel1.win32_1.1.0.202410251130/tools/bin/../lib/gcc/arm-none-eabi/12.3.1/thumb/v7e-m+dp/hard\libgcc.a(_aeabi_uldivmod.o)
                0x08000708                __aeabi_uldivmod
 .text          0x08000738      0x2bc C:/ST/STM32CubeIDE_1.16.1/STM32CubeIDE/plugins/com.st.stm32cube.ide.mcu.externaltools.gnu-tools-for-stm32.12.3.rel1.win32_1.1.0.202410251130/tools/bin/../lib/gcc/arm-none-eabi/12.3.1/thumb/v7e-m+dp/hard\libgcc.a(_udivmoddi4.o)
                0x08000738                __udivmoddi4
 .text          0x080009f4        0x4 C:/ST/STM32CubeIDE_1.16.1/STM32CubeIDE/plugins/com.st.stm32cube.ide.mcu.externaltools.gnu-tools-for-stm32.12.3.rel1.win32_1.1.0.202410251130/tools/bin/../lib/gcc/arm-none-eabi/12.3.1/thumb/v7e-m+dp/hard\libgcc.a(_dvmd_tls.o)
                0x080009f4                __aeabi_idiv0
                0x080009f4                __aeabi_ldiv0
 *(.text*)
 .text.main     0x080009f8       0xd4 ./Core/Src/main.o
                0x080009f8                main
 .text.SystemClock_Config
                0x08000acc       0xe8 ./Core/Src/main.o
                0x08000acc                SystemClock_Config
 .text.MX_I2C4_Init
                0x08000bb4       0x80 ./Core/Src/main.o
 .text.MX_GPIO_Init
                0x08000c34      0x1b0 ./Core/Src/main.o
 .text.MPU_Config
                0x08000de4       0x58 ./Core/Src/main.o
 .text.Error_Handler
                0x08000e3c        0xc ./Core/Src/main.o
                0x08000e3c                Error_Handler
 .text.ssd1306_Reset
                0x08000e48        0xe ./Core/Src/ssd1306.o
                0x08000e48                ssd1306_Reset
 *fill*         0x08000e56        0x2 
 .text.ssd1306_WriteCommand
                0x08000e58       0x30 ./Core/Src/ssd1306.o
                0x08000e58                ssd1306_WriteCommand
 .text.ssd1306_WriteData
                0x08000e88       0x34 ./Core/Src/ssd1306.o
                0x08000e88                ssd1306_WriteData
 .text.ssd1306_Init
                0x08000ebc       0xd4 ./Core/Src/ssd1306.o
                0x08000ebc                ssd1306_Init
 .text.ssd1306_Fill
                0x08000f90       0x30 ./Core/Src/ssd1306.o
                0x08000f90                ssd1306_Fill
 .text.ssd1306_UpdateScreen
                0x08000fc0       0x50 ./Core/Src/ssd1306.o
                0x08000fc0                ssd1306_UpdateScreen
 .text.ssd1306_DrawPixel
                0x08001010       0xa8 ./Core/Src/ssd1306.o
                0x08001010                ssd1306_DrawPixel
 .text.ssd1306_WriteChar
                0x080010b8      0x120 ./Core/Src/ssd1306.o
                0x080010b8                ssd1306_WriteChar
 .text.ssd1306_WriteString
                0x080011d8       0x4c ./Core/Src/ssd1306.o
                0x080011d8                ssd1306_WriteString
 .text.ssd1306_SetCursor
                0x08001224       0x30 ./Core/Src/ssd1306.o
                0x08001224                ssd1306_SetCursor
 .text.ssd1306_Line
                0x08001254       0xd8 ./Core/Src/ssd1306.o
                0x08001254                ssd1306_Line
 .text.ssd1306_Polyline
                0x0800132c       0x74 ./Core/Src/ssd1306.o
                0x0800132c                ssd1306_Polyline
 .text.ssd1306_DegToRad
                0x080013a0       0x28 ./Core/Src/ssd1306.o
 .text.ssd1306_NormalizeTo0_360
                0x080013c8       0x54 ./Core/Src/ssd1306.o
 .text.ssd1306_DrawArc
                0x0800141c      0x1d0 ./Core/Src/ssd1306.o
                0x0800141c                ssd1306_DrawArc
 .text.ssd1306_DrawArcWithRadiusLine
                0x080015ec      0x280 ./Core/Src/ssd1306.o
                0x080015ec                ssd1306_DrawArcWithRadiusLine
 .text.ssd1306_DrawCircle
                0x0800186c      0x10e ./Core/Src/ssd1306.o
                0x0800186c                ssd1306_DrawCircle
 .text.ssd1306_FillCircle
                0x0800197a       0xe6 ./Core/Src/ssd1306.o
                0x0800197a                ssd1306_FillCircle
 .text.ssd1306_DrawRectangle
                0x08001a60       0x6e ./Core/Src/ssd1306.o
                0x08001a60                ssd1306_DrawRectangle
 .text.ssd1306_FillRectangle
                0x08001ace       0x9c ./Core/Src/ssd1306.o
                0x08001ace                ssd1306_FillRectangle
 *fill*         0x08001b6a        0x2 
 .text.ssd1306_InvertRectangle
                0x08001b6c      0x178 ./Core/Src/ssd1306.o
                0x08001b6c                ssd1306_InvertRectangle
 .text.ssd1306_DrawBitmap
                0x08001ce4       0xb6 ./Core/Src/ssd1306.o
                0x08001ce4                ssd1306_DrawBitmap
 .text.ssd1306_SetContrast
                0x08001d9a       0x26 ./Core/Src/ssd1306.o
                0x08001d9a                ssd1306_SetContrast
 .text.ssd1306_SetDisplayOn
                0x08001dc0       0x3c ./Core/Src/ssd1306.o
                0x08001dc0                ssd1306_SetDisplayOn
 .text.ssd1306_TestBorder
                0x08001dfc       0x94 ./Core/Src/ssd1306_tests.o
                0x08001dfc                ssd1306_TestBorder
 .text.ssd1306_TestFonts1
                0x08001e90       0xb0 ./Core/Src/ssd1306_tests.o
                0x08001e90                ssd1306_TestFonts1
 .text.ssd1306_TestFonts2
                0x08001f40       0x74 ./Core/Src/ssd1306_tests.o
                0x08001f40                ssd1306_TestFonts2
 .text.ssd1306_TestFonts3
                0x08001fb4       0x68 ./Core/Src/ssd1306_tests.o
                0x08001fb4                ssd1306_TestFonts3
 *fill*         0x0800201c        0x4 
 .text.ssd1306_TestFPS
                0x08002020      0x134 ./Core/Src/ssd1306_tests.o
                0x08002020                ssd1306_TestFPS
 .text.ssd1306_TestLine
                0x08002154       0x30 ./Core/Src/ssd1306_tests.o
                0x08002154                ssd1306_TestLine
 .text.ssd1306_TestRectangle
                0x08002184       0x70 ./Core/Src/ssd1306_tests.o
                0x08002184                ssd1306_TestRectangle
 .text.ssd1306_TestRectangleFill
                0x080021f4       0x50 ./Core/Src/ssd1306_tests.o
                0x080021f4                ssd1306_TestRectangleFill
 .text.ssd1306_TestRectangleInvert
                0x08002244       0xbc ./Core/Src/ssd1306_tests.o
                0x08002244                ssd1306_TestRectangleInvert
 .text.ssd1306_TestCircle
                0x08002300       0x70 ./Core/Src/ssd1306_tests.o
                0x08002300                ssd1306_TestCircle
 .text.ssd1306_TestArc
                0x08002370       0x3c ./Core/Src/ssd1306_tests.o
                0x08002370                ssd1306_TestArc
 .text.ssd1306_TestPolyline
                0x080023ac       0x2c ./Core/Src/ssd1306_tests.o
                0x080023ac                ssd1306_TestPolyline
 .text.ssd1306_TestDrawBitmap
                0x080023d8       0x80 ./Core/Src/ssd1306_tests.o
                0x080023d8                ssd1306_TestDrawBitmap
 .text.ssd1306_TestAll
                0x08002458       0xbc ./Core/Src/ssd1306_tests.o
                0x08002458                ssd1306_TestAll
 .text.HAL_MspInit
                0x08002514       0x34 ./Core/Src/stm32h7xx_hal_msp.o
                0x08002514                HAL_MspInit
 .text.HAL_I2C_MspInit
                0x08002548       0xd4 ./Core/Src/stm32h7xx_hal_msp.o
                0x08002548                HAL_I2C_MspInit
 .text.NMI_Handler
                0x0800261c        0x8 ./Core/Src/stm32h7xx_it.o
                0x0800261c                NMI_Handler
 .text.HardFault_Handler
                0x08002624        0x8 ./Core/Src/stm32h7xx_it.o
                0x08002624                HardFault_Handler
 .text.MemManage_Handler
                0x0800262c        0x8 ./Core/Src/stm32h7xx_it.o
                0x0800262c                MemManage_Handler
 .text.BusFault_Handler
                0x08002634        0x8 ./Core/Src/stm32h7xx_it.o
                0x08002634                BusFault_Handler
 .text.UsageFault_Handler
                0x0800263c        0x8 ./Core/Src/stm32h7xx_it.o
                0x0800263c                UsageFault_Handler
 .text.SVC_Handler
                0x08002644        0xe ./Core/Src/stm32h7xx_it.o
                0x08002644                SVC_Handler
 .text.DebugMon_Handler
                0x08002652        0xe ./Core/Src/stm32h7xx_it.o
                0x08002652                DebugMon_Handler
 .text.PendSV_Handler
                0x08002660        0xe ./Core/Src/stm32h7xx_it.o
                0x08002660                PendSV_Handler
 .text.SysTick_Handler
                0x0800266e        0xc ./Core/Src/stm32h7xx_it.o
                0x0800266e                SysTick_Handler
 .text.EXTI15_10_IRQHandler
                0x0800267a        0xe ./Core/Src/stm32h7xx_it.o
                0x0800267a                EXTI15_10_IRQHandler
 .text._sbrk    0x08002688       0x6c ./Core/Src/sysmem.o
                0x08002688                _sbrk
 .text.SystemInit
                0x080026f4       0xf0 ./Core/Src/system_stm32h7xx.o
                0x080026f4                SystemInit
 .text.ExitRun0Mode
                0x080027e4       0x30 ./Core/Src/system_stm32h7xx.o
                0x080027e4                ExitRun0Mode
 .text.Reset_Handler
                0x08002814       0x54 ./Core/Startup/startup_stm32h7a3zitxq.o
                0x08002814                Reset_Handler
 .text.Default_Handler
                0x08002868        0x2 ./Core/Startup/startup_stm32h7a3zitxq.o
                0x08002868                RTC_Alarm_IRQHandler
                0x08002868                EXTI2_IRQHandler
                0x08002868                TIM8_CC_IRQHandler
                0x08002868                UART8_IRQHandler
                0x08002868                BDMA2_Channel1_IRQHandler
                0x08002868                SPI4_IRQHandler
                0x08002868                BDMA2_Channel0_IRQHandler
                0x08002868                TIM1_CC_IRQHandler
                0x08002868                DMA2_Stream5_IRQHandler
                0x08002868                JPEG_IRQHandler
                0x08002868                DMA1_Stream5_IRQHandler
                0x08002868                EXTI3_IRQHandler
                0x08002868                LPTIM4_IRQHandler
                0x08002868                TIM8_TRG_COM_TIM14_IRQHandler
                0x08002868                LPTIM2_IRQHandler
                0x08002868                DFSDM1_FLT1_IRQHandler
                0x08002868                DMAMUX2_OVR_IRQHandler
                0x08002868                GFXMMU_IRQHandler
                0x08002868                TIM8_UP_TIM13_IRQHandler
                0x08002868                I2C3_ER_IRQHandler
                0x08002868                DFSDM1_FLT2_IRQHandler
                0x08002868                USART10_IRQHandler
                0x08002868                MDMA_IRQHandler
                0x08002868                LPTIM3_IRQHandler
                0x08002868                BDMA2_Channel3_IRQHandler
                0x08002868                HSEM1_IRQHandler
                0x08002868                EXTI0_IRQHandler
                0x08002868                I2C2_EV_IRQHandler
                0x08002868                DAC2_IRQHandler
                0x08002868                DMA1_Stream2_IRQHandler
                0x08002868                FPU_IRQHandler
                0x08002868                OTG_HS_WKUP_IRQHandler
                0x08002868                FDCAN1_IT1_IRQHandler
                0x08002868                LTDC_ER_IRQHandler
                0x08002868                DMA2_Stream2_IRQHandler
                0x08002868                SPI1_IRQHandler
                0x08002868                OCTOSPI1_IRQHandler
                0x08002868                TIM6_DAC_IRQHandler
                0x08002868                BDMA2_Channel6_IRQHandler
                0x08002868                DMA2_Stream3_IRQHandler
                0x08002868                OCTOSPI2_IRQHandler
                0x08002868                SAI2_IRQHandler
                0x08002868                BDMA1_IRQHandler
                0x08002868                DFSDM1_FLT3_IRQHandler
                0x08002868                USART6_IRQHandler
                0x08002868                TIM17_IRQHandler
                0x08002868                USART3_IRQHandler
                0x08002868                LPTIM5_IRQHandler
                0x08002868                UART5_IRQHandler
                0x08002868                DMA2_Stream0_IRQHandler
                0x08002868                TIM4_IRQHandler
                0x08002868                I2C1_EV_IRQHandler
                0x08002868                DMA1_Stream6_IRQHandler
                0x08002868                DMAMUX1_OVR_IRQHandler
                0x08002868                DMA1_Stream1_IRQHandler
                0x08002868                TIM16_IRQHandler
                0x08002868                UART4_IRQHandler
                0x08002868                TIM3_IRQHandler
                0x08002868                RCC_IRQHandler
                0x08002868                UART9_IRQHandler
                0x08002868                TIM8_BRK_TIM12_IRQHandler
                0x08002868                TIM1_TRG_COM_IRQHandler
                0x08002868                Default_Handler
                0x08002868                ECC_IRQHandler
                0x08002868                BDMA2_Channel2_IRQHandler
                0x08002868                CEC_IRQHandler
                0x08002868                DFSDM1_FLT4_IRQHandler
                0x08002868                ADC_IRQHandler
                0x08002868                DMA1_Stream7_IRQHandler
                0x08002868                SPI5_IRQHandler
                0x08002868                TIM7_IRQHandler
                0x08002868                SDMMC1_IRQHandler
                0x08002868                TIM5_IRQHandler
                0x08002868                DMA2_Stream7_IRQHandler
                0x08002868                TIM15_IRQHandler
                0x08002868                I2C3_EV_IRQHandler
                0x08002868                DFSDM2_IRQHandler
                0x08002868                EXTI9_5_IRQHandler
                0x08002868                RTC_WKUP_IRQHandler
                0x08002868                LTDC_IRQHandler
                0x08002868                SPDIF_RX_IRQHandler
                0x08002868                PVD_PVM_IRQHandler
                0x08002868                SPI2_IRQHandler
                0x08002868                OTG_HS_EP1_IN_IRQHandler
                0x08002868                DFSDM1_FLT5_IRQHandler
                0x08002868                DMA1_Stream0_IRQHandler
                0x08002868                CRS_IRQHandler
                0x08002868                EXTI4_IRQHandler
                0x08002868                DFSDM1_FLT6_IRQHandler
                0x08002868                RNG_IRQHandler
                0x08002868                FDCAN2_IT1_IRQHandler
                0x08002868                COMP_IRQHandler
                0x08002868                TIM1_UP_IRQHandler
                0x08002868                OTG_HS_EP1_OUT_IRQHandler
                0x08002868                WWDG_IRQHandler
                0x08002868                SPI6_IRQHandler
                0x08002868                MDIOS_IRQHandler
                0x08002868                I2C4_EV_IRQHandler
                0x08002868                FDCAN2_IT0_IRQHandler
                0x08002868                LPUART1_IRQHandler
                0x08002868                FDCAN1_IT0_IRQHandler
                0x08002868                TIM2_IRQHandler
                0x08002868                BDMA2_Channel5_IRQHandler
                0x08002868                OTG_HS_IRQHandler
                0x08002868                DMA2D_IRQHandler
                0x08002868                TIM1_BRK_IRQHandler
                0x08002868                EXTI1_IRQHandler
                0x08002868                SDMMC2_IRQHandler
                0x08002868                DTS_IRQHandler
                0x08002868                UART7_IRQHandler
                0x08002868                MDIOS_WKUP_IRQHandler
                0x08002868                USART2_IRQHandler
                0x08002868                DFSDM1_FLT0_IRQHandler
                0x08002868                I2C2_ER_IRQHandler
                0x08002868                DMA2_Stream1_IRQHandler
                0x08002868                DFSDM1_FLT7_IRQHandler
                0x08002868                FLASH_IRQHandler
                0x08002868                DMA2_Stream4_IRQHandler
                0x08002868                USART1_IRQHandler
                0x08002868                SPI3_IRQHandler
                0x08002868                WAKEUP_PIN_IRQHandler
                0x08002868                DMA1_Stream4_IRQHandler
                0x08002868                I2C1_ER_IRQHandler
                0x08002868                FMC_IRQHandler
                0x08002868                BDMA2_Channel7_IRQHandler
                0x08002868                FDCAN_CAL_IRQHandler
                0x08002868                SWPMI1_IRQHandler
                0x08002868                LPTIM1_IRQHandler
                0x08002868                DCMI_PSSI_IRQHandler
                0x08002868                I2C4_ER_IRQHandler
                0x08002868                DMA2_Stream6_IRQHandler
                0x08002868                SAI1_IRQHandler
                0x08002868                DMA1_Stream3_IRQHandler
                0x08002868                RTC_TAMP_STAMP_CSS_LSE_IRQHandler
                0x08002868                BDMA2_Channel4_IRQHandler
 *fill*         0x0800286a        0x2 
 .text.BSP_LED_Init
                0x0800286c       0xec ./Drivers/BSP/STM32H7xx_Nucleo/stm32h7xx_nucleo.o
                0x0800286c                BSP_LED_Init
 .text.BSP_PB_Init
                0x08002958       0xe4 ./Drivers/BSP/STM32H7xx_Nucleo/stm32h7xx_nucleo.o
                0x08002958                BSP_PB_Init
 .text.BSP_PB_IRQHandler
                0x08002a3c       0x24 ./Drivers/BSP/STM32H7xx_Nucleo/stm32h7xx_nucleo.o
                0x08002a3c                BSP_PB_IRQHandler
 .text.BSP_PB_Callback
                0x08002a60       0x16 ./Drivers/BSP/STM32H7xx_Nucleo/stm32h7xx_nucleo.o
                0x08002a60                BSP_PB_Callback
 *fill*         0x08002a76        0x2 
 .text.BSP_COM_Init
                0x08002a78       0x60 ./Drivers/BSP/STM32H7xx_Nucleo/stm32h7xx_nucleo.o
                0x08002a78                BSP_COM_Init
 .text.MX_USART3_Init
                0x08002ad8       0x64 ./Drivers/BSP/STM32H7xx_Nucleo/stm32h7xx_nucleo.o
                0x08002ad8                MX_USART3_Init
 .text.BUTTON_USER_EXTI_Callback
                0x08002b3c        0xe ./Drivers/BSP/STM32H7xx_Nucleo/stm32h7xx_nucleo.o
 *fill*         0x08002b4a        0x2 
 .text.COM1_MspInit
                0x08002b4c       0xb0 ./Drivers/BSP/STM32H7xx_Nucleo/stm32h7xx_nucleo.o
 .text.HAL_Init
                0x08002bfc       0x78 ./Drivers/STM32H7xx_HAL_Driver/Src/stm32h7xx_hal.o
                0x08002bfc                HAL_Init
 .text.HAL_InitTick
                0x08002c74       0x6c ./Drivers/STM32H7xx_HAL_Driver/Src/stm32h7xx_hal.o
                0x08002c74                HAL_InitTick
 .text.HAL_IncTick
                0x08002ce0       0x28 ./Drivers/STM32H7xx_HAL_Driver/Src/stm32h7xx_hal.o
                0x08002ce0                HAL_IncTick
 .text.HAL_GetTick
                0x08002d08       0x18 ./Drivers/STM32H7xx_HAL_Driver/Src/stm32h7xx_hal.o
                0x08002d08                HAL_GetTick
 .text.HAL_Delay
                0x08002d20       0x48 ./Drivers/STM32H7xx_HAL_Driver/Src/stm32h7xx_hal.o
                0x08002d20                HAL_Delay
 .text.__NVIC_SetPriorityGrouping
                0x08002d68       0x48 ./Drivers/STM32H7xx_HAL_Driver/Src/stm32h7xx_hal_cortex.o
 .text.__NVIC_GetPriorityGrouping
                0x08002db0       0x1c ./Drivers/STM32H7xx_HAL_Driver/Src/stm32h7xx_hal_cortex.o
 .text.__NVIC_EnableIRQ
                0x08002dcc       0x3c ./Drivers/STM32H7xx_HAL_Driver/Src/stm32h7xx_hal_cortex.o
 .text.__NVIC_SetPriority
                0x08002e08       0x54 ./Drivers/STM32H7xx_HAL_Driver/Src/stm32h7xx_hal_cortex.o
 .text.NVIC_EncodePriority
                0x08002e5c       0x66 ./Drivers/STM32H7xx_HAL_Driver/Src/stm32h7xx_hal_cortex.o
 *fill*         0x08002ec2        0x2 
 .text.SysTick_Config
                0x08002ec4       0x44 ./Drivers/STM32H7xx_HAL_Driver/Src/stm32h7xx_hal_cortex.o
 .text.HAL_NVIC_SetPriorityGrouping
                0x08002f08       0x16 ./Drivers/STM32H7xx_HAL_Driver/Src/stm32h7xx_hal_cortex.o
                0x08002f08                HAL_NVIC_SetPriorityGrouping
 .text.HAL_NVIC_SetPriority
                0x08002f1e       0x34 ./Drivers/STM32H7xx_HAL_Driver/Src/stm32h7xx_hal_cortex.o
                0x08002f1e                HAL_NVIC_SetPriority
 .text.HAL_NVIC_EnableIRQ
                0x08002f52       0x1c ./Drivers/STM32H7xx_HAL_Driver/Src/stm32h7xx_hal_cortex.o
                0x08002f52                HAL_NVIC_EnableIRQ
 .text.HAL_SYSTICK_Config
                0x08002f6e       0x18 ./Drivers/STM32H7xx_HAL_Driver/Src/stm32h7xx_hal_cortex.o
                0x08002f6e                HAL_SYSTICK_Config
 *fill*         0x08002f86        0x2 
 .text.HAL_MPU_Disable
                0x08002f88       0x30 ./Drivers/STM32H7xx_HAL_Driver/Src/stm32h7xx_hal_cortex.o
                0x08002f88                HAL_MPU_Disable
 .text.HAL_MPU_Enable
                0x08002fb8       0x40 ./Drivers/STM32H7xx_HAL_Driver/Src/stm32h7xx_hal_cortex.o
                0x08002fb8                HAL_MPU_Enable
 .text.HAL_MPU_ConfigRegion
                0x08002ff8       0x80 ./Drivers/STM32H7xx_HAL_Driver/Src/stm32h7xx_hal_cortex.o
                0x08002ff8                HAL_MPU_ConfigRegion
 .text.HAL_EXTI_RegisterCallback
                0x08003078       0x3e ./Drivers/STM32H7xx_HAL_Driver/Src/stm32h7xx_hal_exti.o
                0x08003078                HAL_EXTI_RegisterCallback
 .text.HAL_EXTI_GetHandle
                0x080030b6       0x28 ./Drivers/STM32H7xx_HAL_Driver/Src/stm32h7xx_hal_exti.o
                0x080030b6                HAL_EXTI_GetHandle
 *fill*         0x080030de        0x2 
 .text.HAL_EXTI_IRQHandler
                0x080030e0       0x60 ./Drivers/STM32H7xx_HAL_Driver/Src/stm32h7xx_hal_exti.o
                0x080030e0                HAL_EXTI_IRQHandler
 .text.HAL_GPIO_Init
                0x08003140      0x360 ./Drivers/STM32H7xx_HAL_Driver/Src/stm32h7xx_hal_gpio.o
                0x08003140                HAL_GPIO_Init
 .text.HAL_GPIO_ReadPin
                0x080034a0       0x30 ./Drivers/STM32H7xx_HAL_Driver/Src/stm32h7xx_hal_gpio.o
                0x080034a0                HAL_GPIO_ReadPin
 .text.HAL_GPIO_WritePin
                0x080034d0       0x32 ./Drivers/STM32H7xx_HAL_Driver/Src/stm32h7xx_hal_gpio.o
                0x080034d0                HAL_GPIO_WritePin
 *fill*         0x08003502        0x2 
 .text.HAL_I2C_Init
                0x08003504      0x138 ./Drivers/STM32H7xx_HAL_Driver/Src/stm32h7xx_hal_i2c.o
                0x08003504                HAL_I2C_Init
 .text.HAL_I2C_Mem_Write
                0x0800363c      0x228 ./Drivers/STM32H7xx_HAL_Driver/Src/stm32h7xx_hal_i2c.o
                0x0800363c                HAL_I2C_Mem_Write
 .text.I2C_RequestMemoryWrite
                0x08003864       0xa8 ./Drivers/STM32H7xx_HAL_Driver/Src/stm32h7xx_hal_i2c.o
 .text.I2C_Flush_TXDR
                0x0800390c       0x48 ./Drivers/STM32H7xx_HAL_Driver/Src/stm32h7xx_hal_i2c.o
 .text.I2C_WaitOnFlagUntilTimeout
                0x08003954       0xb2 ./Drivers/STM32H7xx_HAL_Driver/Src/stm32h7xx_hal_i2c.o
 .text.I2C_WaitOnTXISFlagUntilTimeout
                0x08003a06       0x8e ./Drivers/STM32H7xx_HAL_Driver/Src/stm32h7xx_hal_i2c.o
 .text.I2C_WaitOnSTOPFlagUntilTimeout
                0x08003a94       0x86 ./Drivers/STM32H7xx_HAL_Driver/Src/stm32h7xx_hal_i2c.o
 *fill*         0x08003b1a        0x2 
 .text.I2C_IsErrorOccurred
                0x08003b1c      0x1c0 ./Drivers/STM32H7xx_HAL_Driver/Src/stm32h7xx_hal_i2c.o
 .text.I2C_TransferConfig
                0x08003cdc       0x64 ./Drivers/STM32H7xx_HAL_Driver/Src/stm32h7xx_hal_i2c.o
 .text.HAL_I2CEx_ConfigAnalogFilter
                0x08003d40       0x96 ./Drivers/STM32H7xx_HAL_Driver/Src/stm32h7xx_hal_i2c_ex.o
                0x08003d40                HAL_I2CEx_ConfigAnalogFilter
 .text.HAL_I2CEx_ConfigDigitalFilter
                0x08003dd6       0x98 ./Drivers/STM32H7xx_HAL_Driver/Src/stm32h7xx_hal_i2c_ex.o
                0x08003dd6                HAL_I2CEx_ConfigDigitalFilter
 *fill*         0x08003e6e        0x2 
 .text.HAL_PWREx_ConfigSupply
                0x08003e70       0xb4 ./Drivers/STM32H7xx_HAL_Driver/Src/stm32h7xx_hal_pwr_ex.o
                0x08003e70                HAL_PWREx_ConfigSupply
 .text.HAL_RCC_OscConfig
                0x08003f24      0x864 ./Drivers/STM32H7xx_HAL_Driver/Src/stm32h7xx_hal_rcc.o
                0x08003f24                HAL_RCC_OscConfig
 .text.HAL_RCC_ClockConfig
                0x08004788      0x36c ./Drivers/STM32H7xx_HAL_Driver/Src/stm32h7xx_hal_rcc.o
                0x08004788                HAL_RCC_ClockConfig
 .text.HAL_RCC_GetSysClockFreq
                0x08004af4      0x2f4 ./Drivers/STM32H7xx_HAL_Driver/Src/stm32h7xx_hal_rcc.o
                0x08004af4                HAL_RCC_GetSysClockFreq
 .text.HAL_RCC_GetHCLKFreq
                0x08004de8       0x60 ./Drivers/STM32H7xx_HAL_Driver/Src/stm32h7xx_hal_rcc.o
                0x08004de8                HAL_RCC_GetHCLKFreq
 .text.HAL_RCC_GetPCLK1Freq
                0x08004e48       0x2c ./Drivers/STM32H7xx_HAL_Driver/Src/stm32h7xx_hal_rcc.o
                0x08004e48                HAL_RCC_GetPCLK1Freq
 .text.HAL_RCC_GetPCLK2Freq
                0x08004e74       0x2c ./Drivers/STM32H7xx_HAL_Driver/Src/stm32h7xx_hal_rcc.o
                0x08004e74                HAL_RCC_GetPCLK2Freq
 .text.HAL_RCCEx_PeriphCLKConfig
                0x08004ea0     0x137c ./Drivers/STM32H7xx_HAL_Driver/Src/stm32h7xx_hal_rcc_ex.o
                0x08004ea0                HAL_RCCEx_PeriphCLKConfig
 .text.HAL_RCCEx_GetD3PCLK1Freq
                0x0800621c       0x2c ./Drivers/STM32H7xx_HAL_Driver/Src/stm32h7xx_hal_rcc_ex.o
                0x0800621c                HAL_RCCEx_GetD3PCLK1Freq
 .text.HAL_RCCEx_GetPLL2ClockFreq
                0x08006248      0x2a8 ./Drivers/STM32H7xx_HAL_Driver/Src/stm32h7xx_hal_rcc_ex.o
                0x08006248                HAL_RCCEx_GetPLL2ClockFreq
 .text.HAL_RCCEx_GetPLL3ClockFreq
                0x080064f0      0x2a8 ./Drivers/STM32H7xx_HAL_Driver/Src/stm32h7xx_hal_rcc_ex.o
                0x080064f0                HAL_RCCEx_GetPLL3ClockFreq
 .text.RCCEx_PLL2_Config
                0x08006798      0x164 ./Drivers/STM32H7xx_HAL_Driver/Src/stm32h7xx_hal_rcc_ex.o
 .text.RCCEx_PLL3_Config
                0x080068fc      0x164 ./Drivers/STM32H7xx_HAL_Driver/Src/stm32h7xx_hal_rcc_ex.o
 .text.HAL_UART_Init
                0x08006a60       0xa0 ./Drivers/STM32H7xx_HAL_Driver/Src/stm32h7xx_hal_uart.o
                0x08006a60                HAL_UART_Init
 .text.HAL_UART_MspInit
                0x08006b00       0x14 ./Drivers/STM32H7xx_HAL_Driver/Src/stm32h7xx_hal_uart.o
                0x08006b00                HAL_UART_MspInit
 .text.UART_SetConfig
                0x08006b14      0xcd8 ./Drivers/STM32H7xx_HAL_Driver/Src/stm32h7xx_hal_uart.o
                0x08006b14                UART_SetConfig
 .text.UART_AdvFeatureConfig
                0x080077ec      0x144 ./Drivers/STM32H7xx_HAL_Driver/Src/stm32h7xx_hal_uart.o
                0x080077ec                UART_AdvFeatureConfig
 .text.UART_CheckIdleState
                0x08007930      0x154 ./Drivers/STM32H7xx_HAL_Driver/Src/stm32h7xx_hal_uart.o
                0x08007930                UART_CheckIdleState
 .text.UART_WaitOnFlagUntilTimeout
                0x08007a84       0xda ./Drivers/STM32H7xx_HAL_Driver/Src/stm32h7xx_hal_uart.o
                0x08007a84                UART_WaitOnFlagUntilTimeout
 *fill*         0x08007b5e        0x2 
 .text.UART_EndRxTransfer
                0x08007b60       0xcc ./Drivers/STM32H7xx_HAL_Driver/Src/stm32h7xx_hal_uart.o
 .text.snprintf
                0x08007c2c       0x68 C:/ST/STM32CubeIDE_1.16.1/STM32CubeIDE/plugins/com.st.stm32cube.ide.mcu.externaltools.gnu-tools-for-stm32.12.3.rel1.win32_1.1.0.202410251130/tools/bin/../lib/gcc/arm-none-eabi/12.3.1/../../../../arm-none-eabi/lib/thumb/v7e-m+dp/hard\libc_nano.a(libc_a-snprintf.o)
                0x08007c2c                sniprintf
                0x08007c2c                snprintf
 .text.memmove  0x08007c94       0x34 C:/ST/STM32CubeIDE_1.16.1/STM32CubeIDE/plugins/com.st.stm32cube.ide.mcu.externaltools.gnu-tools-for-stm32.12.3.rel1.win32_1.1.0.202410251130/tools/bin/../lib/gcc/arm-none-eabi/12.3.1/../../../../arm-none-eabi/lib/thumb/v7e-m+dp/hard\libc_nano.a(libc_a-memmove.o)
                0x08007c94                memmove
 .text.memset   0x08007cc8       0x10 C:/ST/STM32CubeIDE_1.16.1/STM32CubeIDE/plugins/com.st.stm32cube.ide.mcu.externaltools.gnu-tools-for-stm32.12.3.rel1.win32_1.1.0.202410251130/tools/bin/../lib/gcc/arm-none-eabi/12.3.1/../../../../arm-none-eabi/lib/thumb/v7e-m+dp/hard\libc_nano.a(libc_a-memset.o)
                0x08007cc8                memset
 .text.__errno  0x08007cd8        0xc C:/ST/STM32CubeIDE_1.16.1/STM32CubeIDE/plugins/com.st.stm32cube.ide.mcu.externaltools.gnu-tools-for-stm32.12.3.rel1.win32_1.1.0.202410251130/tools/bin/../lib/gcc/arm-none-eabi/12.3.1/../../../../arm-none-eabi/lib/thumb/v7e-m+dp/hard\libc_nano.a(libc_a-errno.o)
                0x08007cd8                __errno
 .text.__libc_init_array
                0x08007ce4       0x48 C:/ST/STM32CubeIDE_1.16.1/STM32CubeIDE/plugins/com.st.stm32cube.ide.mcu.externaltools.gnu-tools-for-stm32.12.3.rel1.win32_1.1.0.202410251130/tools/bin/../lib/gcc/arm-none-eabi/12.3.1/../../../../arm-none-eabi/lib/thumb/v7e-m+dp/hard\libc_nano.a(libc_a-init.o)
                0x08007ce4                __libc_init_array
 .text.__retarget_lock_acquire_recursive
                0x08007d2c        0x2 C:/ST/STM32CubeIDE_1.16.1/STM32CubeIDE/plugins/com.st.stm32cube.ide.mcu.externaltools.gnu-tools-for-stm32.12.3.rel1.win32_1.1.0.202410251130/tools/bin/../lib/gcc/arm-none-eabi/12.3.1/../../../../arm-none-eabi/lib/thumb/v7e-m+dp/hard\libc_nano.a(libc_a-lock.o)
                0x08007d2c                __retarget_lock_acquire_recursive
 .text.__retarget_lock_release_recursive
                0x08007d2e        0x2 C:/ST/STM32CubeIDE_1.16.1/STM32CubeIDE/plugins/com.st.stm32cube.ide.mcu.externaltools.gnu-tools-for-stm32.12.3.rel1.win32_1.1.0.202410251130/tools/bin/../lib/gcc/arm-none-eabi/12.3.1/../../../../arm-none-eabi/lib/thumb/v7e-m+dp/hard\libc_nano.a(libc_a-lock.o)
                0x08007d2e                __retarget_lock_release_recursive
 .text.memcpy   0x08007d30       0x1c C:/ST/STM32CubeIDE_1.16.1/STM32CubeIDE/plugins/com.st.stm32cube.ide.mcu.externaltools.gnu-tools-for-stm32.12.3.rel1.win32_1.1.0.202410251130/tools/bin/../lib/gcc/arm-none-eabi/12.3.1/../../../../arm-none-eabi/lib/thumb/v7e-m+dp/hard\libc_nano.a(libc_a-memcpy-stub.o)
                0x08007d30                memcpy
 .text._free_r  0x08007d4c       0x94 C:/ST/STM32CubeIDE_1.16.1/STM32CubeIDE/plugins/com.st.stm32cube.ide.mcu.externaltools.gnu-tools-for-stm32.12.3.rel1.win32_1.1.0.202410251130/tools/bin/../lib/gcc/arm-none-eabi/12.3.1/../../../../arm-none-eabi/lib/thumb/v7e-m+dp/hard\libc_nano.a(libc_a-freer.o)
                0x08007d4c                _free_r
 .text.sbrk_aligned
                0x08007de0       0x44 C:/ST/STM32CubeIDE_1.16.1/STM32CubeIDE/plugins/com.st.stm32cube.ide.mcu.externaltools.gnu-tools-for-stm32.12.3.rel1.win32_1.1.0.202410251130/tools/bin/../lib/gcc/arm-none-eabi/12.3.1/../../../../arm-none-eabi/lib/thumb/v7e-m+dp/hard\libc_nano.a(libc_a-mallocr.o)
 .text._malloc_r
                0x08007e24      0x100 C:/ST/STM32CubeIDE_1.16.1/STM32CubeIDE/plugins/com.st.stm32cube.ide.mcu.externaltools.gnu-tools-for-stm32.12.3.rel1.win32_1.1.0.202410251130/tools/bin/../lib/gcc/arm-none-eabi/12.3.1/../../../../arm-none-eabi/lib/thumb/v7e-m+dp/hard\libc_nano.a(libc_a-mallocr.o)
                0x08007e24                _malloc_r
 .text.__malloc_lock
                0x08007f24        0xc C:/ST/STM32CubeIDE_1.16.1/STM32CubeIDE/plugins/com.st.stm32cube.ide.mcu.externaltools.gnu-tools-for-stm32.12.3.rel1.win32_1.1.0.202410251130/tools/bin/../lib/gcc/arm-none-eabi/12.3.1/../../../../arm-none-eabi/lib/thumb/v7e-m+dp/hard\libc_nano.a(libc_a-mlock.o)
                0x08007f24                __malloc_lock
 .text.__malloc_unlock
                0x08007f30        0xc C:/ST/STM32CubeIDE_1.16.1/STM32CubeIDE/plugins/com.st.stm32cube.ide.mcu.externaltools.gnu-tools-for-stm32.12.3.rel1.win32_1.1.0.202410251130/tools/bin/../lib/gcc/arm-none-eabi/12.3.1/../../../../arm-none-eabi/lib/thumb/v7e-m+dp/hard\libc_nano.a(libc_a-mlock.o)
                0x08007f30                __malloc_unlock
 .text.__ssputs_r
                0x08007f3c       0xb6 C:/ST/STM32CubeIDE_1.16.1/STM32CubeIDE/plugins/com.st.stm32cube.ide.mcu.externaltools.gnu-tools-for-stm32.12.3.rel1.win32_1.1.0.202410251130/tools/bin/../lib/gcc/arm-none-eabi/12.3.1/../../../../arm-none-eabi/lib/thumb/v7e-m+dp/hard\libc_nano.a(libc_a-nano-svfprintf.o)
                0x08007f3c                __ssputs_r
 *fill*         0x08007ff2        0x2 
 .text._svfprintf_r
                0x08007ff4      0x1f8 C:/ST/STM32CubeIDE_1.16.1/STM32CubeIDE/plugins/com.st.stm32cube.ide.mcu.externaltools.gnu-tools-for-stm32.12.3.rel1.win32_1.1.0.202410251130/tools/bin/../lib/gcc/arm-none-eabi/12.3.1/../../../../arm-none-eabi/lib/thumb/v7e-m+dp/hard\libc_nano.a(libc_a-nano-svfprintf.o)
                0x08007ff4                _svfiprintf_r
                0x08007ff4                _svfprintf_r
 .text._printf_common
                0x080081ec       0xda C:/ST/STM32CubeIDE_1.16.1/STM32CubeIDE/plugins/com.st.stm32cube.ide.mcu.externaltools.gnu-tools-for-stm32.12.3.rel1.win32_1.1.0.202410251130/tools/bin/../lib/gcc/arm-none-eabi/12.3.1/../../../../arm-none-eabi/lib/thumb/v7e-m+dp/hard\libc_nano.a(libc_a-nano-vfprintf_i.o)
                0x080081ec                _printf_common
 *fill*         0x080082c6        0x2 
 .text._printf_i
                0x080082c8      0x240 C:/ST/STM32CubeIDE_1.16.1/STM32CubeIDE/plugins/com.st.stm32cube.ide.mcu.externaltools.gnu-tools-for-stm32.12.3.rel1.win32_1.1.0.202410251130/tools/bin/../lib/gcc/arm-none-eabi/12.3.1/../../../../arm-none-eabi/lib/thumb/v7e-m+dp/hard\libc_nano.a(libc_a-nano-vfprintf_i.o)
                0x080082c8                _printf_i
 .text._sbrk_r  0x08008508       0x20 C:/ST/STM32CubeIDE_1.16.1/STM32CubeIDE/plugins/com.st.stm32cube.ide.mcu.externaltools.gnu-tools-for-stm32.12.3.rel1.win32_1.1.0.202410251130/tools/bin/../lib/gcc/arm-none-eabi/12.3.1/../../../../arm-none-eabi/lib/thumb/v7e-m+dp/hard\libc_nano.a(libc_a-sbrkr.o)
                0x08008508                _sbrk_r
 .text._realloc_r
                0x08008528       0x5c C:/ST/STM32CubeIDE_1.16.1/STM32CubeIDE/plugins/com.st.stm32cube.ide.mcu.externaltools.gnu-tools-for-stm32.12.3.rel1.win32_1.1.0.202410251130/tools/bin/../lib/gcc/arm-none-eabi/12.3.1/../../../../arm-none-eabi/lib/thumb/v7e-m+dp/hard\libc_nano.a(libc_a-reallocr.o)
                0x08008528                _realloc_r
 .text._malloc_usable_size_r
                0x08008584       0x10 C:/ST/STM32CubeIDE_1.16.1/STM32CubeIDE/plugins/com.st.stm32cube.ide.mcu.externaltools.gnu-tools-for-stm32.12.3.rel1.win32_1.1.0.202410251130/tools/bin/../lib/gcc/arm-none-eabi/12.3.1/../../../../arm-none-eabi/lib/thumb/v7e-m+dp/hard\libc_nano.a(libc_a-msizer.o)
                0x08008584                _malloc_usable_size_r
 .text.sinf_poly
                0x08008594       0x54 C:/ST/STM32CubeIDE_1.16.1/STM32CubeIDE/plugins/com.st.stm32cube.ide.mcu.externaltools.gnu-tools-for-stm32.12.3.rel1.win32_1.1.0.202410251130/tools/bin/../lib/gcc/arm-none-eabi/12.3.1/../../../../arm-none-eabi/lib/thumb/v7e-m+dp/hard\libm.a(libm_a-sinf.o)
 .text.sinf     0x080085e8      0x130 C:/ST/STM32CubeIDE_1.16.1/STM32CubeIDE/plugins/com.st.stm32cube.ide.mcu.externaltools.gnu-tools-for-stm32.12.3.rel1.win32_1.1.0.202410251130/tools/bin/../lib/gcc/arm-none-eabi/12.3.1/../../../../arm-none-eabi/lib/thumb/v7e-m+dp/hard\libm.a(libm_a-sinf.o)
                0x080085e8                sinf
 .text.sinf_poly
                0x08008718       0x54 C:/ST/STM32CubeIDE_1.16.1/STM32CubeIDE/plugins/com.st.stm32cube.ide.mcu.externaltools.gnu-tools-for-stm32.12.3.rel1.win32_1.1.0.202410251130/tools/bin/../lib/gcc/arm-none-eabi/12.3.1/../../../../arm-none-eabi/lib/thumb/v7e-m+dp/hard\libm.a(libm_a-cosf.o)
 *fill*         0x0800876c        0x4 
 .text.cosf     0x08008770      0x140 C:/ST/STM32CubeIDE_1.16.1/STM32CubeIDE/plugins/com.st.stm32cube.ide.mcu.externaltools.gnu-tools-for-stm32.12.3.rel1.win32_1.1.0.202410251130/tools/bin/../lib/gcc/arm-none-eabi/12.3.1/../../../../arm-none-eabi/lib/thumb/v7e-m+dp/hard\libm.a(libm_a-cosf.o)
                0x08008770                cosf
 .text.with_errnof
                0x080088b0       0x1c C:/ST/STM32CubeIDE_1.16.1/STM32CubeIDE/plugins/com.st.stm32cube.ide.mcu.externaltools.gnu-tools-for-stm32.12.3.rel1.win32_1.1.0.202410251130/tools/bin/../lib/gcc/arm-none-eabi/12.3.1/../../../../arm-none-eabi/lib/thumb/v7e-m+dp/hard\libm.a(libm_a-math_errf.o)
 .text.__math_invalidf
                0x080088cc       0x1e C:/ST/STM32CubeIDE_1.16.1/STM32CubeIDE/plugins/com.st.stm32cube.ide.mcu.externaltools.gnu-tools-for-stm32.12.3.rel1.win32_1.1.0.202410251130/tools/bin/../lib/gcc/arm-none-eabi/12.3.1/../../../../arm-none-eabi/lib/thumb/v7e-m+dp/hard\libm.a(libm_a-math_errf.o)
                0x080088cc                __math_invalidf
 *(.glue_7)
 .glue_7        0x080088ea        0x0 linker stubs
 *(.glue_7t)
 .glue_7t       0x080088ea        0x0 linker stubs
 *(.eh_frame)
 *fill*         0x080088ea        0x2 
 .eh_frame      0x080088ec        0x0 C:/ST/STM32CubeIDE_1.16.1/STM32CubeIDE/plugins/com.st.stm32cube.ide.mcu.externaltools.gnu-tools-for-stm32.12.3.rel1.win32_1.1.0.202410251130/tools/bin/../lib/gcc/arm-none-eabi/12.3.1/thumb/v7e-m+dp/hard/crtbegin.o
 *(.init)
 .init          0x080088ec        0x4 C:/ST/STM32CubeIDE_1.16.1/STM32CubeIDE/plugins/com.st.stm32cube.ide.mcu.externaltools.gnu-tools-for-stm32.12.3.rel1.win32_1.1.0.202410251130/tools/bin/../lib/gcc/arm-none-eabi/12.3.1/thumb/v7e-m+dp/hard/crti.o
                0x080088ec                _init
 .init          0x080088f0        0x8 C:/ST/STM32CubeIDE_1.16.1/STM32CubeIDE/plugins/com.st.stm32cube.ide.mcu.externaltools.gnu-tools-for-stm32.12.3.rel1.win32_1.1.0.202410251130/tools/bin/../lib/gcc/arm-none-eabi/12.3.1/thumb/v7e-m+dp/hard/crtn.o
 *(.fini)
 .fini          0x080088f8        0x4 C:/ST/STM32CubeIDE_1.16.1/STM32CubeIDE/plugins/com.st.stm32cube.ide.mcu.externaltools.gnu-tools-for-stm32.12.3.rel1.win32_1.1.0.202410251130/tools/bin/../lib/gcc/arm-none-eabi/12.3.1/thumb/v7e-m+dp/hard/crti.o
                0x080088f8                _fini
 .fini          0x080088fc        0x8 C:/ST/STM32CubeIDE_1.16.1/STM32CubeIDE/plugins/com.st.stm32cube.ide.mcu.externaltools.gnu-tools-for-stm32.12.3.rel1.win32_1.1.0.202410251130/tools/bin/../lib/gcc/arm-none-eabi/12.3.1/thumb/v7e-m+dp/hard/crtn.o
                0x08008904                        . = ALIGN (0x4)
                0x08008904                        _etext = .

.vfp11_veneer   0x08008904        0x0
 .vfp11_veneer  0x08008904        0x0 linker stubs

.v4_bx          0x08008904        0x0
 .v4_bx         0x08008904        0x0 linker stubs

.iplt           0x08008904        0x0
 .iplt          0x08008904        0x0 C:/ST/STM32CubeIDE_1.16.1/STM32CubeIDE/plugins/com.st.stm32cube.ide.mcu.externaltools.gnu-tools-for-stm32.12.3.rel1.win32_1.1.0.202410251130/tools/bin/../lib/gcc/arm-none-eabi/12.3.1/thumb/v7e-m+dp/hard/crtbegin.o

.rodata         0x08008908     0x5410
                0x08008908                        . = ALIGN (0x4)
 *(.rodata)
 .rodata        0x08008908       0xc6 ./Core/Src/ssd1306_tests.o
 *(.rodata*)
 .rodata.CIRCLE_APPROXIMATION_SEGMENTS.0
                0x080089ce        0x1 ./Core/Src/ssd1306.o
 *fill*         0x080089cf        0x1 
 .rodata.Font7x10
                0x080089d0      0x76c ./Core/Src/ssd1306_fonts.o
 .rodata.Font11x18
                0x0800913c      0xd5c ./Core/Src/ssd1306_fonts.o
 .rodata.Font16x26
                0x08009e98     0x134c ./Core/Src/ssd1306_fonts.o
 .rodata.Font6x8
                0x0800b1e4      0x5f0 ./Core/Src/ssd1306_fonts.o
 .rodata.Font16x24
                0x0800b7d4     0x11d0 ./Core/Src/ssd1306_fonts.o
 .rodata.Font16x15
                0x0800c9a4      0xb22 ./Core/Src/ssd1306_fonts.o
 *fill*         0x0800d4c6        0x2 
 .rodata.char_width
                0x0800d4c8       0x5f ./Core/Src/ssd1306_fonts.o
 *fill*         0x0800d527        0x1 
 .rodata.Font_6x8
                0x0800d528        0xc ./Core/Src/ssd1306_fonts.o
                0x0800d528                Font_6x8
 .rodata.Font_7x10
                0x0800d534        0xc ./Core/Src/ssd1306_fonts.o
                0x0800d534                Font_7x10
 .rodata.Font_11x18
                0x0800d540        0xc ./Core/Src/ssd1306_fonts.o
                0x0800d540                Font_11x18
 .rodata.Font_16x26
                0x0800d54c        0xc ./Core/Src/ssd1306_fonts.o
                0x0800d54c                Font_16x26
 .rodata.Font_16x24
                0x0800d558        0xc ./Core/Src/ssd1306_fonts.o
                0x0800d558                Font_16x24
 .rodata.Font_16x15
                0x0800d564        0xc ./Core/Src/ssd1306_fonts.o
                0x0800d564                Font_16x15
 .rodata.garfield_128x64
                0x0800d570      0x400 ./Core/Src/ssd1306_tests.o
                0x0800d570                garfield_128x64
 .rodata.github_logo_64x64
                0x0800d970      0x200 ./Core/Src/ssd1306_tests.o
                0x0800d970                github_logo_64x64
 .rodata.D1CorePrescTable
                0x0800db70       0x10 ./Core/Src/system_stm32h7xx.o
                0x0800db70                D1CorePrescTable
 .rodata.LED_PIN
                0x0800db80        0x6 ./Drivers/BSP/STM32H7xx_Nucleo/stm32h7xx_nucleo.o
 *fill*         0x0800db86        0x2 
 .rodata.BUTTON_EXTI_LINE.2
                0x0800db88        0x4 ./Drivers/BSP/STM32H7xx_Nucleo/stm32h7xx_nucleo.o
 .rodata.UARTPrescTable
                0x0800db8c       0x18 ./Drivers/STM32H7xx_HAL_Driver/Src/stm32h7xx_hal_uart.o
                0x0800db8c                UARTPrescTable
 .rodata._svfprintf_r.str1.1
                0x0800dba4       0x11 C:/ST/STM32CubeIDE_1.16.1/STM32CubeIDE/plugins/com.st.stm32cube.ide.mcu.externaltools.gnu-tools-for-stm32.12.3.rel1.win32_1.1.0.202410251130/tools/bin/../lib/gcc/arm-none-eabi/12.3.1/../../../../arm-none-eabi/lib/thumb/v7e-m+dp/hard\libc_nano.a(libc_a-nano-svfprintf.o)
 .rodata._printf_i.str1.1
                0x0800dbb5       0x22 C:/ST/STM32CubeIDE_1.16.1/STM32CubeIDE/plugins/com.st.stm32cube.ide.mcu.externaltools.gnu-tools-for-stm32.12.3.rel1.win32_1.1.0.202410251130/tools/bin/../lib/gcc/arm-none-eabi/12.3.1/../../../../arm-none-eabi/lib/thumb/v7e-m+dp/hard\libc_nano.a(libc_a-nano-vfprintf_i.o)
 *fill*         0x0800dbd7        0x1 
 .rodata.__inv_pio4
                0x0800dbd8       0x60 C:/ST/STM32CubeIDE_1.16.1/STM32CubeIDE/plugins/com.st.stm32cube.ide.mcu.externaltools.gnu-tools-for-stm32.12.3.rel1.win32_1.1.0.202410251130/tools/bin/../lib/gcc/arm-none-eabi/12.3.1/../../../../arm-none-eabi/lib/thumb/v7e-m+dp/hard\libm.a(libm_a-sincosf_data.o)
                0x0800dbd8                __inv_pio4
 .rodata.__sincosf_table
                0x0800dc38       0xe0 C:/ST/STM32CubeIDE_1.16.1/STM32CubeIDE/plugins/com.st.stm32cube.ide.mcu.externaltools.gnu-tools-for-stm32.12.3.rel1.win32_1.1.0.202410251130/tools/bin/../lib/gcc/arm-none-eabi/12.3.1/../../../../arm-none-eabi/lib/thumb/v7e-m+dp/hard\libm.a(libm_a-sincosf_data.o)
                0x0800dc38                __sincosf_table
                0x0800dd18                        . = ALIGN (0x4)

.ARM.extab
 *(.ARM.extab* .gnu.linkonce.armextab.*)

.ARM            0x0800dd18        0x8
                0x0800dd18                        __exidx_start = .
 *(.ARM.exidx*)
 .ARM.exidx     0x0800dd18        0x8 C:/ST/STM32CubeIDE_1.16.1/STM32CubeIDE/plugins/com.st.stm32cube.ide.mcu.externaltools.gnu-tools-for-stm32.12.3.rel1.win32_1.1.0.202410251130/tools/bin/../lib/gcc/arm-none-eabi/12.3.1/../../../../arm-none-eabi/lib/thumb/v7e-m+dp/hard\libc_nano.a(libc_a-memchr.o)
 .ARM.exidx     0x0800dd20        0x0 C:/ST/STM32CubeIDE_1.16.1/STM32CubeIDE/plugins/com.st.stm32cube.ide.mcu.externaltools.gnu-tools-for-stm32.12.3.rel1.win32_1.1.0.202410251130/tools/bin/../lib/gcc/arm-none-eabi/12.3.1/thumb/v7e-m+dp/hard\libgcc.a(_udivmoddi4.o)
                                  0x8 (size before relaxing)
                0x0800dd20                        __exidx_end = .

.preinit_array  0x0800dd20        0x0
                0x0800dd20                        PROVIDE (__preinit_array_start = .)
 *(.preinit_array*)
                0x0800dd20                        PROVIDE (__preinit_array_end = .)

.init_array     0x0800dd20        0x4
                0x0800dd20                        PROVIDE (__init_array_start = .)
 *(SORT_BY_NAME(.init_array.*))
 *(.init_array*)
 .init_array    0x0800dd20        0x4 C:/ST/STM32CubeIDE_1.16.1/STM32CubeIDE/plugins/com.st.stm32cube.ide.mcu.externaltools.gnu-tools-for-stm32.12.3.rel1.win32_1.1.0.202410251130/tools/bin/../lib/gcc/arm-none-eabi/12.3.1/thumb/v7e-m+dp/hard/crtbegin.o
                0x0800dd24                        PROVIDE (__init_array_end = .)

.fini_array     0x0800dd24        0x4
                [!provide]                        PROVIDE (__fini_array_start = .)
 *(SORT_BY_NAME(.fini_array.*))
 *(.fini_array*)
 .fini_array    0x0800dd24        0x4 C:/ST/STM32CubeIDE_1.16.1/STM32CubeIDE/plugins/com.st.stm32cube.ide.mcu.externaltools.gnu-tools-for-stm32.12.3.rel1.win32_1.1.0.202410251130/tools/bin/../lib/gcc/arm-none-eabi/12.3.1/thumb/v7e-m+dp/hard/crtbegin.o
                [!provide]                        PROVIDE (__fini_array_end = .)
                0x0800dd28                        _sidata = LOADADDR (.data)

.rel.dyn        0x0800dd28        0x0
 .rel.iplt      0x0800dd28        0x0 C:/ST/STM32CubeIDE_1.16.1/STM32CubeIDE/plugins/com.st.stm32cube.ide.mcu.externaltools.gnu-tools-for-stm32.12.3.rel1.win32_1.1.0.202410251130/tools/bin/../lib/gcc/arm-none-eabi/12.3.1/thumb/v7e-m+dp/hard/crtbegin.o

.data           0x24000000       0x7c load address 0x0800dd28
                0x24000000                        . = ALIGN (0x4)
                0x24000000                        _sdata = .
 *(.data)
 *(.data*)
 .data.SystemCoreClock
                0x24000000        0x4 ./Core/Src/system_stm32h7xx.o
                0x24000000                SystemCoreClock
 .data.SystemD2Clock
                0x24000004        0x4 ./Core/Src/system_stm32h7xx.o
                0x24000004                SystemD2Clock
 .data.COM_USART
                0x24000008        0x4 ./Drivers/BSP/STM32H7xx_Nucleo/stm32h7xx_nucleo.o
                0x24000008                COM_USART
 .data.LED_PORT
                0x2400000c        0xc ./Drivers/BSP/STM32H7xx_Nucleo/stm32h7xx_nucleo.o
 .data.BUTTON_PORT
                0x24000018        0x4 ./Drivers/BSP/STM32H7xx_Nucleo/stm32h7xx_nucleo.o
 .data.ButtonCallback.1
                0x2400001c        0x4 ./Drivers/BSP/STM32H7xx_Nucleo/stm32h7xx_nucleo.o
 .data.BSP_BUTTON_PRIO.0
                0x24000020        0x4 ./Drivers/BSP/STM32H7xx_Nucleo/stm32h7xx_nucleo.o
 .data.uwTickPrio
                0x24000024        0x4 ./Drivers/STM32H7xx_HAL_Driver/Src/stm32h7xx_hal.o
                0x24000024                uwTickPrio
 .data.uwTickFreq
                0x24000028        0x1 ./Drivers/STM32H7xx_HAL_Driver/Src/stm32h7xx_hal.o
                0x24000028                uwTickFreq
 *fill*         0x24000029        0x3 
 .data._impure_ptr
                0x2400002c        0x4 C:/ST/STM32CubeIDE_1.16.1/STM32CubeIDE/plugins/com.st.stm32cube.ide.mcu.externaltools.gnu-tools-for-stm32.12.3.rel1.win32_1.1.0.202410251130/tools/bin/../lib/gcc/arm-none-eabi/12.3.1/../../../../arm-none-eabi/lib/thumb/v7e-m+dp/hard\libc_nano.a(libc_a-impure.o)
                0x2400002c                _impure_ptr
 .data._impure_data
                0x24000030       0x4c C:/ST/STM32CubeIDE_1.16.1/STM32CubeIDE/plugins/com.st.stm32cube.ide.mcu.externaltools.gnu-tools-for-stm32.12.3.rel1.win32_1.1.0.202410251130/tools/bin/../lib/gcc/arm-none-eabi/12.3.1/../../../../arm-none-eabi/lib/thumb/v7e-m+dp/hard\libc_nano.a(libc_a-impure.o)
                0x24000030                _impure_data
 *(.RamFunc)
 *(.RamFunc*)
                0x2400007c                        . = ALIGN (0x4)
                0x2400007c                        _edata = .

.igot.plt       0x2400007c        0x0 load address 0x0800dda4
 .igot.plt      0x2400007c        0x0 C:/ST/STM32CubeIDE_1.16.1/STM32CubeIDE/plugins/com.st.stm32cube.ide.mcu.externaltools.gnu-tools-for-stm32.12.3.rel1.win32_1.1.0.202410251130/tools/bin/../lib/gcc/arm-none-eabi/12.3.1/thumb/v7e-m+dp/hard/crtbegin.o
                0x2400007c                        . = ALIGN (0x4)

.bss            0x2400007c      0x674 load address 0x0800dda4
                0x2400007c                        _sbss = .
                0x2400007c                        __bss_start__ = _sbss
 *(.bss)
 .bss           0x2400007c       0x1c C:/ST/STM32CubeIDE_1.16.1/STM32CubeIDE/plugins/com.st.stm32cube.ide.mcu.externaltools.gnu-tools-for-stm32.12.3.rel1.win32_1.1.0.202410251130/tools/bin/../lib/gcc/arm-none-eabi/12.3.1/thumb/v7e-m+dp/hard/crtbegin.o
 *(.bss*)
 .bss.BspCOMInit
                0x24000098       0x10 ./Core/Src/main.o
                0x24000098                BspCOMInit
 .bss.hi2c4     0x240000a8       0x54 ./Core/Src/main.o
                0x240000a8                hi2c4
 .bss.SSD1306_Buffer
                0x240000fc      0x400 ./Core/Src/ssd1306.o
 .bss.SSD1306   0x240004fc        0x6 ./Core/Src/ssd1306.o
 *fill*         0x24000502        0x2 
 .bss.__sbrk_heap_end
                0x24000504        0x4 ./Core/Src/sysmem.o
 .bss.hpb_exti  0x24000508        0x8 ./Drivers/BSP/STM32H7xx_Nucleo/stm32h7xx_nucleo.o
                0x24000508                hpb_exti
 .bss.hcom_uart
                0x24000510       0x94 ./Drivers/BSP/STM32H7xx_Nucleo/stm32h7xx_nucleo.o
                0x24000510                hcom_uart
 .bss.uwTick    0x240005a4        0x4 ./Drivers/STM32H7xx_HAL_Driver/Src/stm32h7xx_hal.o
                0x240005a4                uwTick
 .bss.__sf      0x240005a8      0x138 C:/ST/STM32CubeIDE_1.16.1/STM32CubeIDE/plugins/com.st.stm32cube.ide.mcu.externaltools.gnu-tools-for-stm32.12.3.rel1.win32_1.1.0.202410251130/tools/bin/../lib/gcc/arm-none-eabi/12.3.1/../../../../arm-none-eabi/lib/thumb/v7e-m+dp/hard\libc_nano.a(libc_a-findfp.o)
                0x240005a8                __sf
 .bss.errno     0x240006e0        0x4 C:/ST/STM32CubeIDE_1.16.1/STM32CubeIDE/plugins/com.st.stm32cube.ide.mcu.externaltools.gnu-tools-for-stm32.12.3.rel1.win32_1.1.0.202410251130/tools/bin/../lib/gcc/arm-none-eabi/12.3.1/../../../../arm-none-eabi/lib/thumb/v7e-m+dp/hard\libc_nano.a(libc_a-reent.o)
                0x240006e0                errno
 .bss.__lock___malloc_recursive_mutex
                0x240006e4        0x1 C:/ST/STM32CubeIDE_1.16.1/STM32CubeIDE/plugins/com.st.stm32cube.ide.mcu.externaltools.gnu-tools-for-stm32.12.3.rel1.win32_1.1.0.202410251130/tools/bin/../lib/gcc/arm-none-eabi/12.3.1/../../../../arm-none-eabi/lib/thumb/v7e-m+dp/hard\libc_nano.a(libc_a-lock.o)
                0x240006e4                __lock___malloc_recursive_mutex
 *fill*         0x240006e5        0x3 
 .bss.__malloc_sbrk_start
                0x240006e8        0x4 C:/ST/STM32CubeIDE_1.16.1/STM32CubeIDE/plugins/com.st.stm32cube.ide.mcu.externaltools.gnu-tools-for-stm32.12.3.rel1.win32_1.1.0.202410251130/tools/bin/../lib/gcc/arm-none-eabi/12.3.1/../../../../arm-none-eabi/lib/thumb/v7e-m+dp/hard\libc_nano.a(libc_a-mallocr.o)
                0x240006e8                __malloc_sbrk_start
 .bss.__malloc_free_list
                0x240006ec        0x4 C:/ST/STM32CubeIDE_1.16.1/STM32CubeIDE/plugins/com.st.stm32cube.ide.mcu.externaltools.gnu-tools-for-stm32.12.3.rel1.win32_1.1.0.202410251130/tools/bin/../lib/gcc/arm-none-eabi/12.3.1/../../../../arm-none-eabi/lib/thumb/v7e-m+dp/hard\libc_nano.a(libc_a-mallocr.o)
                0x240006ec                __malloc_free_list
 *(COMMON)
                0x240006f0                        . = ALIGN (0x4)
                0x240006f0                        _ebss = .
                0x240006f0                        __bss_end__ = _ebss

._user_heap_stack
                0x240006f0      0x600 load address 0x0800dda4
                0x240006f0                        . = ALIGN (0x8)
                [!provide]                        PROVIDE (end = .)
                0x240006f0                        PROVIDE (_end = .)
                0x240008f0                        . = (. + _Min_Heap_Size)
 *fill*         0x240006f0      0x200 
                0x24000cf0                        . = (. + _Min_Stack_Size)
 *fill*         0x240008f0      0x400 
                0x24000cf0                        . = ALIGN (0x8)

/DISCARD/
 libc.a(*)
 libm.a(*)
 libgcc.a(*)

.ARM.attributes
                0x00000000       0x2e
 *(.ARM.attributes)
 .ARM.attributes
                0x00000000       0x20 C:/ST/STM32CubeIDE_1.16.1/STM32CubeIDE/plugins/com.st.stm32cube.ide.mcu.externaltools.gnu-tools-for-stm32.12.3.rel1.win32_1.1.0.202410251130/tools/bin/../lib/gcc/arm-none-eabi/12.3.1/thumb/v7e-m+dp/hard/crti.o
 .ARM.attributes
                0x00000020       0x32 C:/ST/STM32CubeIDE_1.16.1/STM32CubeIDE/plugins/com.st.stm32cube.ide.mcu.externaltools.gnu-tools-for-stm32.12.3.rel1.win32_1.1.0.202410251130/tools/bin/../lib/gcc/arm-none-eabi/12.3.1/thumb/v7e-m+dp/hard/crtbegin.o
 .ARM.attributes
                0x00000052       0x32 ./Core/Src/main.o
 .ARM.attributes
                0x00000084       0x32 ./Core/Src/ssd1306.o
 .ARM.attributes
                0x000000b6       0x32 ./Core/Src/ssd1306_fonts.o
 .ARM.attributes
                0x000000e8       0x32 ./Core/Src/ssd1306_tests.o
 .ARM.attributes
                0x0000011a       0x32 ./Core/Src/stm32h7xx_hal_msp.o
 .ARM.attributes
                0x0000014c       0x32 ./Core/Src/stm32h7xx_it.o
 .ARM.attributes
                0x0000017e       0x32 ./Core/Src/sysmem.o
 .ARM.attributes
                0x000001b0       0x32 ./Core/Src/system_stm32h7xx.o
 .ARM.attributes
                0x000001e2       0x21 ./Core/Startup/startup_stm32h7a3zitxq.o
 .ARM.attributes
                0x00000203       0x32 ./Drivers/BSP/STM32H7xx_Nucleo/stm32h7xx_nucleo.o
 .ARM.attributes
                0x00000235       0x32 ./Drivers/STM32H7xx_HAL_Driver/Src/stm32h7xx_hal.o
 .ARM.attributes
                0x00000267       0x32 ./Drivers/STM32H7xx_HAL_Driver/Src/stm32h7xx_hal_cortex.o
 .ARM.attributes
                0x00000299       0x32 ./Drivers/STM32H7xx_HAL_Driver/Src/stm32h7xx_hal_exti.o
 .ARM.attributes
                0x000002cb       0x32 ./Drivers/STM32H7xx_HAL_Driver/Src/stm32h7xx_hal_gpio.o
 .ARM.attributes
                0x000002fd       0x32 ./Drivers/STM32H7xx_HAL_Driver/Src/stm32h7xx_hal_i2c.o
 .ARM.attributes
                0x0000032f       0x32 ./Drivers/STM32H7xx_HAL_Driver/Src/stm32h7xx_hal_i2c_ex.o
 .ARM.attributes
                0x00000361       0x32 ./Drivers/STM32H7xx_HAL_Driver/Src/stm32h7xx_hal_pwr_ex.o
 .ARM.attributes
                0x00000393       0x32 ./Drivers/STM32H7xx_HAL_Driver/Src/stm32h7xx_hal_rcc.o
 .ARM.attributes
                0x000003c5       0x32 ./Drivers/STM32H7xx_HAL_Driver/Src/stm32h7xx_hal_rcc_ex.o
 .ARM.attributes
                0x000003f7       0x32 ./Drivers/STM32H7xx_HAL_Driver/Src/stm32h7xx_hal_uart.o
 .ARM.attributes
                0x00000429       0x32 C:/ST/STM32CubeIDE_1.16.1/STM32CubeIDE/plugins/com.st.stm32cube.ide.mcu.externaltools.gnu-tools-for-stm32.12.3.rel1.win32_1.1.0.202410251130/tools/bin/../lib/gcc/arm-none-eabi/12.3.1/../../../../arm-none-eabi/lib/thumb/v7e-m+dp/hard\libc_nano.a(libc_a-findfp.o)
 .ARM.attributes
                0x0000045b       0x32 C:/ST/STM32CubeIDE_1.16.1/STM32CubeIDE/plugins/com.st.stm32cube.ide.mcu.externaltools.gnu-tools-for-stm32.12.3.rel1.win32_1.1.0.202410251130/tools/bin/../lib/gcc/arm-none-eabi/12.3.1/../../../../arm-none-eabi/lib/thumb/v7e-m+dp/hard\libc_nano.a(libc_a-snprintf.o)
 .ARM.attributes
                0x0000048d       0x32 C:/ST/STM32CubeIDE_1.16.1/STM32CubeIDE/plugins/com.st.stm32cube.ide.mcu.externaltools.gnu-tools-for-stm32.12.3.rel1.win32_1.1.0.202410251130/tools/bin/../lib/gcc/arm-none-eabi/12.3.1/../../../../arm-none-eabi/lib/thumb/v7e-m+dp/hard\libc_nano.a(libc_a-memmove.o)
 .ARM.attributes
                0x000004bf       0x32 C:/ST/STM32CubeIDE_1.16.1/STM32CubeIDE/plugins/com.st.stm32cube.ide.mcu.externaltools.gnu-tools-for-stm32.12.3.rel1.win32_1.1.0.202410251130/tools/bin/../lib/gcc/arm-none-eabi/12.3.1/../../../../arm-none-eabi/lib/thumb/v7e-m+dp/hard\libc_nano.a(libc_a-memset.o)
 .ARM.attributes
                0x000004f1       0x32 C:/ST/STM32CubeIDE_1.16.1/STM32CubeIDE/plugins/com.st.stm32cube.ide.mcu.externaltools.gnu-tools-for-stm32.12.3.rel1.win32_1.1.0.202410251130/tools/bin/../lib/gcc/arm-none-eabi/12.3.1/../../../../arm-none-eabi/lib/thumb/v7e-m+dp/hard\libc_nano.a(libc_a-reent.o)
 .ARM.attributes
                0x00000523       0x32 C:/ST/STM32CubeIDE_1.16.1/STM32CubeIDE/plugins/com.st.stm32cube.ide.mcu.externaltools.gnu-tools-for-stm32.12.3.rel1.win32_1.1.0.202410251130/tools/bin/../lib/gcc/arm-none-eabi/12.3.1/../../../../arm-none-eabi/lib/thumb/v7e-m+dp/hard\libc_nano.a(libc_a-impure.o)
 .ARM.attributes
                0x00000555       0x32 C:/ST/STM32CubeIDE_1.16.1/STM32CubeIDE/plugins/com.st.stm32cube.ide.mcu.externaltools.gnu-tools-for-stm32.12.3.rel1.win32_1.1.0.202410251130/tools/bin/../lib/gcc/arm-none-eabi/12.3.1/../../../../arm-none-eabi/lib/thumb/v7e-m+dp/hard\libc_nano.a(libc_a-errno.o)
 .ARM.attributes
                0x00000587       0x32 C:/ST/STM32CubeIDE_1.16.1/STM32CubeIDE/plugins/com.st.stm32cube.ide.mcu.externaltools.gnu-tools-for-stm32.12.3.rel1.win32_1.1.0.202410251130/tools/bin/../lib/gcc/arm-none-eabi/12.3.1/../../../../arm-none-eabi/lib/thumb/v7e-m+dp/hard\libc_nano.a(libc_a-init.o)
 .ARM.attributes
                0x000005b9       0x32 C:/ST/STM32CubeIDE_1.16.1/STM32CubeIDE/plugins/com.st.stm32cube.ide.mcu.externaltools.gnu-tools-for-stm32.12.3.rel1.win32_1.1.0.202410251130/tools/bin/../lib/gcc/arm-none-eabi/12.3.1/../../../../arm-none-eabi/lib/thumb/v7e-m+dp/hard\libc_nano.a(libc_a-lock.o)
 .ARM.attributes
                0x000005eb       0x32 C:/ST/STM32CubeIDE_1.16.1/STM32CubeIDE/plugins/com.st.stm32cube.ide.mcu.externaltools.gnu-tools-for-stm32.12.3.rel1.win32_1.1.0.202410251130/tools/bin/../lib/gcc/arm-none-eabi/12.3.1/../../../../arm-none-eabi/lib/thumb/v7e-m+dp/hard\libc_nano.a(libc_a-memcpy-stub.o)
 .ARM.attributes
                0x0000061d       0x32 C:/ST/STM32CubeIDE_1.16.1/STM32CubeIDE/plugins/com.st.stm32cube.ide.mcu.externaltools.gnu-tools-for-stm32.12.3.rel1.win32_1.1.0.202410251130/tools/bin/../lib/gcc/arm-none-eabi/12.3.1/../../../../arm-none-eabi/lib/thumb/v7e-m+dp/hard\libc_nano.a(libc_a-freer.o)
 .ARM.attributes
                0x0000064f       0x32 C:/ST/STM32CubeIDE_1.16.1/STM32CubeIDE/plugins/com.st.stm32cube.ide.mcu.externaltools.gnu-tools-for-stm32.12.3.rel1.win32_1.1.0.202410251130/tools/bin/../lib/gcc/arm-none-eabi/12.3.1/../../../../arm-none-eabi/lib/thumb/v7e-m+dp/hard\libc_nano.a(libc_a-mallocr.o)
 .ARM.attributes
                0x00000681       0x32 C:/ST/STM32CubeIDE_1.16.1/STM32CubeIDE/plugins/com.st.stm32cube.ide.mcu.externaltools.gnu-tools-for-stm32.12.3.rel1.win32_1.1.0.202410251130/tools/bin/../lib/gcc/arm-none-eabi/12.3.1/../../../../arm-none-eabi/lib/thumb/v7e-m+dp/hard\libc_nano.a(libc_a-mlock.o)
 .ARM.attributes
                0x000006b3       0x32 C:/ST/STM32CubeIDE_1.16.1/STM32CubeIDE/plugins/com.st.stm32cube.ide.mcu.externaltools.gnu-tools-for-stm32.12.3.rel1.win32_1.1.0.202410251130/tools/bin/../lib/gcc/arm-none-eabi/12.3.1/../../../../arm-none-eabi/lib/thumb/v7e-m+dp/hard\libc_nano.a(libc_a-nano-svfprintf.o)
 .ARM.attributes
                0x000006e5       0x32 C:/ST/STM32CubeIDE_1.16.1/STM32CubeIDE/plugins/com.st.stm32cube.ide.mcu.externaltools.gnu-tools-for-stm32.12.3.rel1.win32_1.1.0.202410251130/tools/bin/../lib/gcc/arm-none-eabi/12.3.1/../../../../arm-none-eabi/lib/thumb/v7e-m+dp/hard\libc_nano.a(libc_a-nano-vfprintf_i.o)
 .ARM.attributes
                0x00000717       0x32 C:/ST/STM32CubeIDE_1.16.1/STM32CubeIDE/plugins/com.st.stm32cube.ide.mcu.externaltools.gnu-tools-for-stm32.12.3.rel1.win32_1.1.0.202410251130/tools/bin/../lib/gcc/arm-none-eabi/12.3.1/../../../../arm-none-eabi/lib/thumb/v7e-m+dp/hard\libc_nano.a(libc_a-sbrkr.o)
 .ARM.attributes
                0x00000749       0x1c C:/ST/STM32CubeIDE_1.16.1/STM32CubeIDE/plugins/com.st.stm32cube.ide.mcu.externaltools.gnu-tools-for-stm32.12.3.rel1.win32_1.1.0.202410251130/tools/bin/../lib/gcc/arm-none-eabi/12.3.1/../../../../arm-none-eabi/lib/thumb/v7e-m+dp/hard\libc_nano.a(libc_a-memchr.o)
 .ARM.attributes
                0x00000765       0x32 C:/ST/STM32CubeIDE_1.16.1/STM32CubeIDE/plugins/com.st.stm32cube.ide.mcu.externaltools.gnu-tools-for-stm32.12.3.rel1.win32_1.1.0.202410251130/tools/bin/../lib/gcc/arm-none-eabi/12.3.1/../../../../arm-none-eabi/lib/thumb/v7e-m+dp/hard\libc_nano.a(libc_a-reallocr.o)
 .ARM.attributes
                0x00000797       0x32 C:/ST/STM32CubeIDE_1.16.1/STM32CubeIDE/plugins/com.st.stm32cube.ide.mcu.externaltools.gnu-tools-for-stm32.12.3.rel1.win32_1.1.0.202410251130/tools/bin/../lib/gcc/arm-none-eabi/12.3.1/../../../../arm-none-eabi/lib/thumb/v7e-m+dp/hard\libc_nano.a(libc_a-msizer.o)
 .ARM.attributes
                0x000007c9       0x32 C:/ST/STM32CubeIDE_1.16.1/STM32CubeIDE/plugins/com.st.stm32cube.ide.mcu.externaltools.gnu-tools-for-stm32.12.3.rel1.win32_1.1.0.202410251130/tools/bin/../lib/gcc/arm-none-eabi/12.3.1/../../../../arm-none-eabi/lib/thumb/v7e-m+dp/hard\libm.a(libm_a-sinf.o)
 .ARM.attributes
                0x000007fb       0x32 C:/ST/STM32CubeIDE_1.16.1/STM32CubeIDE/plugins/com.st.stm32cube.ide.mcu.externaltools.gnu-tools-for-stm32.12.3.rel1.win32_1.1.0.202410251130/tools/bin/../lib/gcc/arm-none-eabi/12.3.1/../../../../arm-none-eabi/lib/thumb/v7e-m+dp/hard\libm.a(libm_a-cosf.o)
 .ARM.attributes
                0x0000082d       0x32 C:/ST/STM32CubeIDE_1.16.1/STM32CubeIDE/plugins/com.st.stm32cube.ide.mcu.externaltools.gnu-tools-for-stm32.12.3.rel1.win32_1.1.0.202410251130/tools/bin/../lib/gcc/arm-none-eabi/12.3.1/../../../../arm-none-eabi/lib/thumb/v7e-m+dp/hard\libm.a(libm_a-sincosf_data.o)
 .ARM.attributes
                0x0000085f       0x32 C:/ST/STM32CubeIDE_1.16.1/STM32CubeIDE/plugins/com.st.stm32cube.ide.mcu.externaltools.gnu-tools-for-stm32.12.3.rel1.win32_1.1.0.202410251130/tools/bin/../lib/gcc/arm-none-eabi/12.3.1/../../../../arm-none-eabi/lib/thumb/v7e-m+dp/hard\libm.a(libm_a-math_errf.o)
 .ARM.attributes
                0x00000891       0x20 C:/ST/STM32CubeIDE_1.16.1/STM32CubeIDE/plugins/com.st.stm32cube.ide.mcu.externaltools.gnu-tools-for-stm32.12.3.rel1.win32_1.1.0.202410251130/tools/bin/../lib/gcc/arm-none-eabi/12.3.1/thumb/v7e-m+dp/hard\libgcc.a(_arm_addsubdf3.o)
 .ARM.attributes
                0x000008b1       0x20 C:/ST/STM32CubeIDE_1.16.1/STM32CubeIDE/plugins/com.st.stm32cube.ide.mcu.externaltools.gnu-tools-for-stm32.12.3.rel1.win32_1.1.0.202410251130/tools/bin/../lib/gcc/arm-none-eabi/12.3.1/thumb/v7e-m+dp/hard\libgcc.a(_aeabi_uldivmod.o)
 .ARM.attributes
                0x000008d1       0x32 C:/ST/STM32CubeIDE_1.16.1/STM32CubeIDE/plugins/com.st.stm32cube.ide.mcu.externaltools.gnu-tools-for-stm32.12.3.rel1.win32_1.1.0.202410251130/tools/bin/../lib/gcc/arm-none-eabi/12.3.1/thumb/v7e-m+dp/hard\libgcc.a(_udivmoddi4.o)
 .ARM.attributes
                0x00000903       0x20 C:/ST/STM32CubeIDE_1.16.1/STM32CubeIDE/plugins/com.st.stm32cube.ide.mcu.externaltools.gnu-tools-for-stm32.12.3.rel1.win32_1.1.0.202410251130/tools/bin/../lib/gcc/arm-none-eabi/12.3.1/thumb/v7e-m+dp/hard\libgcc.a(_dvmd_tls.o)
 .ARM.attributes
                0x00000923       0x20 C:/ST/STM32CubeIDE_1.16.1/STM32CubeIDE/plugins/com.st.stm32cube.ide.mcu.externaltools.gnu-tools-for-stm32.12.3.rel1.win32_1.1.0.202410251130/tools/bin/../lib/gcc/arm-none-eabi/12.3.1/thumb/v7e-m+dp/hard/crtn.o
OUTPUT(keypad_lcd.elf elf32-littlearm)
LOAD linker stubs
LOAD C:/ST/STM32CubeIDE_1.16.1/STM32CubeIDE/plugins/com.st.stm32cube.ide.mcu.externaltools.gnu-tools-for-stm32.12.3.rel1.win32_1.1.0.202410251130/tools/bin/../lib/gcc/arm-none-eabi/12.3.1/../../../../arm-none-eabi/lib/thumb/v7e-m+dp/hard\libc.a
LOAD C:/ST/STM32CubeIDE_1.16.1/STM32CubeIDE/plugins/com.st.stm32cube.ide.mcu.externaltools.gnu-tools-for-stm32.12.3.rel1.win32_1.1.0.202410251130/tools/bin/../lib/gcc/arm-none-eabi/12.3.1/../../../../arm-none-eabi/lib/thumb/v7e-m+dp/hard\libm.a
LOAD C:/ST/STM32CubeIDE_1.16.1/STM32CubeIDE/plugins/com.st.stm32cube.ide.mcu.externaltools.gnu-tools-for-stm32.12.3.rel1.win32_1.1.0.202410251130/tools/bin/../lib/gcc/arm-none-eabi/12.3.1/thumb/v7e-m+dp/hard\libgcc.a

.debug_info     0x00000000    0x14d1d
 .debug_info    0x00000000     0x1436 ./Core/Src/main.o
 .debug_info    0x00001436     0x1353 ./Core/Src/ssd1306.o
 .debug_info    0x00002789      0x2b9 ./Core/Src/ssd1306_fonts.o
 .debug_info    0x00002a42      0x6b8 ./Core/Src/ssd1306_tests.o
 .debug_info    0x000030fa      0xfbe ./Core/Src/stm32h7xx_hal_msp.o
 .debug_info    0x000040b8      0x170 ./Core/Src/stm32h7xx_it.o
 .debug_info    0x00004228      0x168 ./Core/Src/sysmem.o
 .debug_info    0x00004390      0xd33 ./Core/Src/system_stm32h7xx.o
 .debug_info    0x000050c3       0x30 ./Core/Startup/startup_stm32h7a3zitxq.o
 .debug_info    0x000050f3     0x1a7d ./Drivers/BSP/STM32H7xx_Nucleo/stm32h7xx_nucleo.o
 .debug_info    0x00006b70     0x13f1 ./Drivers/STM32H7xx_HAL_Driver/Src/stm32h7xx_hal.o
 .debug_info    0x00007f61     0x1093 ./Drivers/STM32H7xx_HAL_Driver/Src/stm32h7xx_hal_cortex.o
 .debug_info    0x00008ff4      0x7c9 ./Drivers/STM32H7xx_HAL_Driver/Src/stm32h7xx_hal_exti.o
 .debug_info    0x000097bd      0xb3a ./Drivers/STM32H7xx_HAL_Driver/Src/stm32h7xx_hal_gpio.o
 .debug_info    0x0000a2f7     0x22c9 ./Drivers/STM32H7xx_HAL_Driver/Src/stm32h7xx_hal_i2c.o
 .debug_info    0x0000c5c0      0xc64 ./Drivers/STM32H7xx_HAL_Driver/Src/stm32h7xx_hal_i2c_ex.o
 .debug_info    0x0000d224      0xf01 ./Drivers/STM32H7xx_HAL_Driver/Src/stm32h7xx_hal_pwr_ex.o
 .debug_info    0x0000e125      0xeb0 ./Drivers/STM32H7xx_HAL_Driver/Src/stm32h7xx_hal_rcc.o
 .debug_info    0x0000efd5     0x120c ./Drivers/STM32H7xx_HAL_Driver/Src/stm32h7xx_hal_rcc_ex.o
 .debug_info    0x000101e1     0x4b3c ./Drivers/STM32H7xx_HAL_Driver/Src/stm32h7xx_hal_uart.o

.debug_abbrev   0x00000000     0x2b08
 .debug_abbrev  0x00000000      0x31c ./Core/Src/main.o
 .debug_abbrev  0x0000031c      0x360 ./Core/Src/ssd1306.o
 .debug_abbrev  0x0000067c       0xcf ./Core/Src/ssd1306_fonts.o
 .debug_abbrev  0x0000074b      0x260 ./Core/Src/ssd1306_tests.o
 .debug_abbrev  0x000009ab      0x221 ./Core/Src/stm32h7xx_hal_msp.o
 .debug_abbrev  0x00000bcc       0xbc ./Core/Src/stm32h7xx_it.o
 .debug_abbrev  0x00000c88       0xbc ./Core/Src/sysmem.o
 .debug_abbrev  0x00000d44      0x165 ./Core/Src/system_stm32h7xx.o
 .debug_abbrev  0x00000ea9       0x24 ./Core/Startup/startup_stm32h7a3zitxq.o
 .debug_abbrev  0x00000ecd      0x351 ./Drivers/BSP/STM32H7xx_Nucleo/stm32h7xx_nucleo.o
 .debug_abbrev  0x0000121e      0x291 ./Drivers/STM32H7xx_HAL_Driver/Src/stm32h7xx_hal.o
 .debug_abbrev  0x000014af      0x339 ./Drivers/STM32H7xx_HAL_Driver/Src/stm32h7xx_hal_cortex.o
 .debug_abbrev  0x000017e8      0x1ad ./Drivers/STM32H7xx_HAL_Driver/Src/stm32h7xx_hal_exti.o
 .debug_abbrev  0x00001995      0x201 ./Drivers/STM32H7xx_HAL_Driver/Src/stm32h7xx_hal_gpio.o
 .debug_abbrev  0x00001b96      0x25d ./Drivers/STM32H7xx_HAL_Driver/Src/stm32h7xx_hal_i2c.o
 .debug_abbrev  0x00001df3      0x1f1 ./Drivers/STM32H7xx_HAL_Driver/Src/stm32h7xx_hal_i2c_ex.o
 .debug_abbrev  0x00001fe4      0x297 ./Drivers/STM32H7xx_HAL_Driver/Src/stm32h7xx_hal_pwr_ex.o
 .debug_abbrev  0x0000227b      0x2c5 ./Drivers/STM32H7xx_HAL_Driver/Src/stm32h7xx_hal_rcc.o
 .debug_abbrev  0x00002540      0x27a ./Drivers/STM32H7xx_HAL_Driver/Src/stm32h7xx_hal_rcc_ex.o
 .debug_abbrev  0x000027ba      0x34e ./Drivers/STM32H7xx_HAL_Driver/Src/stm32h7xx_hal_uart.o

.debug_aranges  0x00000000      0xf50
 .debug_aranges
                0x00000000       0x48 ./Core/Src/main.o
 .debug_aranges
                0x00000048       0xe8 ./Core/Src/ssd1306.o
 .debug_aranges
                0x00000130       0x18 ./Core/Src/ssd1306_fonts.o
 .debug_aranges
                0x00000148       0x88 ./Core/Src/ssd1306_tests.o
 .debug_aranges
                0x000001d0       0x30 ./Core/Src/stm32h7xx_hal_msp.o
 .debug_aranges
                0x00000200       0x68 ./Core/Src/stm32h7xx_it.o
 .debug_aranges
                0x00000268       0x20 ./Core/Src/sysmem.o
 .debug_aranges
                0x00000288       0x30 ./Core/Src/system_stm32h7xx.o
 .debug_aranges
                0x000002b8       0x28 ./Core/Startup/startup_stm32h7a3zitxq.o
 .debug_aranges
                0x000002e0       0xb8 ./Drivers/BSP/STM32H7xx_Nucleo/stm32h7xx_nucleo.o
 .debug_aranges
                0x00000398      0x1a0 ./Drivers/STM32H7xx_HAL_Driver/Src/stm32h7xx_hal.o
 .debug_aranges
                0x00000538      0x130 ./Drivers/STM32H7xx_HAL_Driver/Src/stm32h7xx_hal_cortex.o
 .debug_aranges
                0x00000668       0x60 ./Drivers/STM32H7xx_HAL_Driver/Src/stm32h7xx_hal_exti.o
 .debug_aranges
                0x000006c8       0x58 ./Drivers/STM32H7xx_HAL_Driver/Src/stm32h7xx_hal_gpio.o
 .debug_aranges
                0x00000720      0x2a0 ./Drivers/STM32H7xx_HAL_Driver/Src/stm32h7xx_hal_i2c.o
 .debug_aranges
                0x000009c0       0x48 ./Drivers/STM32H7xx_HAL_Driver/Src/stm32h7xx_hal_i2c_ex.o
 .debug_aranges
                0x00000a08      0x188 ./Drivers/STM32H7xx_HAL_Driver/Src/stm32h7xx_hal_pwr_ex.o
 .debug_aranges
                0x00000b90       0x88 ./Drivers/STM32H7xx_HAL_Driver/Src/stm32h7xx_hal_rcc.o
 .debug_aranges
                0x00000c18       0xf0 ./Drivers/STM32H7xx_HAL_Driver/Src/stm32h7xx_hal_rcc_ex.o
 .debug_aranges
                0x00000d08      0x248 ./Drivers/STM32H7xx_HAL_Driver/Src/stm32h7xx_hal_uart.o

.debug_rnglists
                0x00000000      0xbcc
 .debug_rnglists
                0x00000000       0x35 ./Core/Src/main.o
 .debug_rnglists
                0x00000035       0xb4 ./Core/Src/ssd1306.o
 .debug_rnglists
                0x000000e9       0x67 ./Core/Src/ssd1306_tests.o
 .debug_rnglists
                0x00000150       0x20 ./Core/Src/stm32h7xx_hal_msp.o
 .debug_rnglists
                0x00000170       0x49 ./Core/Src/stm32h7xx_it.o
 .debug_rnglists
                0x000001b9       0x13 ./Core/Src/sysmem.o
 .debug_rnglists
                0x000001cc       0x21 ./Core/Src/system_stm32h7xx.o
 .debug_rnglists
                0x000001ed       0x19 ./Core/Startup/startup_stm32h7a3zitxq.o
 .debug_rnglists
                0x00000206       0x88 ./Drivers/BSP/STM32H7xx_Nucleo/stm32h7xx_nucleo.o
 .debug_rnglists
                0x0000028e      0x137 ./Drivers/STM32H7xx_HAL_Driver/Src/stm32h7xx_hal.o
 .debug_rnglists
                0x000003c5       0xe0 ./Drivers/STM32H7xx_HAL_Driver/Src/stm32h7xx_hal_cortex.o
 .debug_rnglists
                0x000004a5       0x46 ./Drivers/STM32H7xx_HAL_Driver/Src/stm32h7xx_hal_exti.o
 .debug_rnglists
                0x000004eb       0x3f ./Drivers/STM32H7xx_HAL_Driver/Src/stm32h7xx_hal_gpio.o
 .debug_rnglists
                0x0000052a      0x22a ./Drivers/STM32H7xx_HAL_Driver/Src/stm32h7xx_hal_i2c.o
 .debug_rnglists
                0x00000754       0x35 ./Drivers/STM32H7xx_HAL_Driver/Src/stm32h7xx_hal_i2c_ex.o
 .debug_rnglists
                0x00000789      0x127 ./Drivers/STM32H7xx_HAL_Driver/Src/stm32h7xx_hal_pwr_ex.o
 .debug_rnglists
                0x000008b0       0x68 ./Drivers/STM32H7xx_HAL_Driver/Src/stm32h7xx_hal_rcc.o
 .debug_rnglists
                0x00000918       0xba ./Drivers/STM32H7xx_HAL_Driver/Src/stm32h7xx_hal_rcc_ex.o
 .debug_rnglists
                0x000009d2      0x1fa ./Drivers/STM32H7xx_HAL_Driver/Src/stm32h7xx_hal_uart.o

.debug_macro    0x00000000    0x30a6b
 .debug_macro   0x00000000      0x339 ./Core/Src/main.o
 .debug_macro   0x00000339      0xad8 ./Core/Src/main.o
 .debug_macro   0x00000e11      0x232 ./Core/Src/main.o
 .debug_macro   0x00001043       0x2e ./Core/Src/main.o
 .debug_macro   0x00001071       0x42 ./Core/Src/main.o
 .debug_macro   0x000010b3       0x22 ./Core/Src/main.o
 .debug_macro   0x000010d5       0x8e ./Core/Src/main.o
 .debug_macro   0x00001163       0x51 ./Core/Src/main.o
 .debug_macro   0x000011b4      0x103 ./Core/Src/main.o
 .debug_macro   0x000012b7       0x6a ./Core/Src/main.o
 .debug_macro   0x00001321      0x1df ./Core/Src/main.o
 .debug_macro   0x00001500       0x1c ./Core/Src/main.o
 .debug_macro   0x0000151c       0x22 ./Core/Src/main.o
 .debug_macro   0x0000153e       0xfb ./Core/Src/main.o
 .debug_macro   0x00001639     0x1305 ./Core/Src/main.o
 .debug_macro   0x0000293e      0x11f ./Core/Src/main.o
 .debug_macro   0x00002a5d       0x27 ./Core/Src/main.o
 .debug_macro   0x00002a84    0x1ebc8 ./Core/Src/main.o
 .debug_macro   0x0002164c       0x6d ./Core/Src/main.o
 .debug_macro   0x000216b9     0x3d80 ./Core/Src/main.o
 .debug_macro   0x00025439      0x189 ./Core/Src/main.o
 .debug_macro   0x000255c2       0x61 ./Core/Src/main.o
 .debug_macro   0x00025623       0x29 ./Core/Src/main.o
 .debug_macro   0x0002564c       0x43 ./Core/Src/main.o
 .debug_macro   0x0002568f       0x34 ./Core/Src/main.o
 .debug_macro   0x000256c3       0x16 ./Core/Src/main.o
 .debug_macro   0x000256d9       0x43 ./Core/Src/main.o
 .debug_macro   0x0002571c       0x34 ./Core/Src/main.o
 .debug_macro   0x00025750       0x10 ./Core/Src/main.o
 .debug_macro   0x00025760       0x58 ./Core/Src/main.o
 .debug_macro   0x000257b8       0x8e ./Core/Src/main.o
 .debug_macro   0x00025846       0x1c ./Core/Src/main.o
 .debug_macro   0x00025862      0x177 ./Core/Src/main.o
 .debug_macro   0x000259d9      0x369 ./Core/Src/main.o
 .debug_macro   0x00025d42      0x19b ./Core/Src/main.o
 .debug_macro   0x00025edd       0x5d ./Core/Src/main.o
 .debug_macro   0x00025f3a     0x24ee ./Core/Src/main.o
 .debug_macro   0x00028428     0x103a ./Core/Src/main.o
 .debug_macro   0x00029462      0x154 ./Core/Src/main.o
 .debug_macro   0x000295b6      0x114 ./Core/Src/main.o
 .debug_macro   0x000296ca      0x3d5 ./Core/Src/main.o
 .debug_macro   0x00029a9f       0xac ./Core/Src/main.o
 .debug_macro   0x00029b4b      0x70a ./Core/Src/main.o
 .debug_macro   0x0002a255      0x20c ./Core/Src/main.o
 .debug_macro   0x0002a461       0x66 ./Core/Src/main.o
 .debug_macro   0x0002a4c7      0x3c9 ./Core/Src/main.o
 .debug_macro   0x0002a890      0x3eb ./Core/Src/main.o
 .debug_macro   0x0002ac7b      0x275 ./Core/Src/main.o
 .debug_macro   0x0002aef0      0x6c8 ./Core/Src/main.o
 .debug_macro   0x0002b5b8      0x520 ./Core/Src/main.o
 .debug_macro   0x0002bad8       0x58 ./Core/Src/main.o
 .debug_macro   0x0002bb30       0x4a ./Core/Src/main.o
 .debug_macro   0x0002bb7a      0x22c ./Core/Src/main.o
 .debug_macro   0x0002bda6       0x67 ./Core/Src/main.o
 .debug_macro   0x0002be0d       0xa5 ./Core/Src/main.o
 .debug_macro   0x0002beb2      0x1bd ./Core/Src/main.o
 .debug_macro   0x0002c06f      0x2dc ./Core/Src/main.o
 .debug_macro   0x0002c34b       0x35 ./Core/Src/main.o
 .debug_macro   0x0002c380      0x693 ./Core/Src/main.o
 .debug_macro   0x0002ca13       0xa6 ./Core/Src/main.o
 .debug_macro   0x0002cab9      0x5ca ./Core/Src/main.o
 .debug_macro   0x0002d083       0x2e ./Core/Src/main.o
 .debug_macro   0x0002d0b1       0x52 ./Core/Src/main.o
 .debug_macro   0x0002d103      0x131 ./Core/Src/main.o
 .debug_macro   0x0002d234       0x1c ./Core/Src/main.o
 .debug_macro   0x0002d250       0x35 ./Core/Src/main.o
 .debug_macro   0x0002d285       0x10 ./Core/Src/main.o
 .debug_macro   0x0002d295       0x1c ./Core/Src/main.o
 .debug_macro   0x0002d2b1       0x16 ./Core/Src/main.o
 .debug_macro   0x0002d2c7      0x146 ./Core/Src/main.o
 .debug_macro   0x0002d40d       0x34 ./Core/Src/main.o
 .debug_macro   0x0002d441       0x46 ./Core/Src/main.o
 .debug_macro   0x0002d487       0x4c ./Core/Src/main.o
 .debug_macro   0x0002d4d3       0x70 ./Core/Src/main.o
 .debug_macro   0x0002d543      0x314 ./Core/Src/ssd1306.o
 .debug_macro   0x0002d857       0x28 ./Core/Src/ssd1306.o
 .debug_macro   0x0002d87f       0x16 ./Core/Src/ssd1306.o
 .debug_macro   0x0002d895       0x16 ./Core/Src/ssd1306.o
 .debug_macro   0x0002d8ab       0x29 ./Core/Src/ssd1306.o
 .debug_macro   0x0002d8d4       0x16 ./Core/Src/ssd1306.o
 .debug_macro   0x0002d8ea       0x20 ./Core/Src/ssd1306.o
 .debug_macro   0x0002d90a      0x2ba ./Core/Src/ssd1306_fonts.o
 .debug_macro   0x0002dbc4      0x32c ./Core/Src/ssd1306_tests.o
 .debug_macro   0x0002def0       0x5b ./Core/Src/ssd1306_tests.o
 .debug_macro   0x0002df4b       0x94 ./Core/Src/ssd1306_tests.o
 .debug_macro   0x0002dfdf       0x57 ./Core/Src/ssd1306_tests.o
 .debug_macro   0x0002e036       0x10 ./Core/Src/ssd1306_tests.o
 .debug_macro   0x0002e046      0x2f8 ./Core/Src/stm32h7xx_hal_msp.o
 .debug_macro   0x0002e33e      0x302 ./Core/Src/stm32h7xx_it.o
 .debug_macro   0x0002e640       0xff ./Core/Src/sysmem.o
 .debug_macro   0x0002e73f      0x23c ./Core/Src/sysmem.o
 .debug_macro   0x0002e97b      0x294 ./Core/Src/system_stm32h7xx.o
 .debug_macro   0x0002ec0f      0x2bb ./Drivers/BSP/STM32H7xx_Nucleo/stm32h7xx_nucleo.o
 .debug_macro   0x0002eeca       0x28 ./Drivers/BSP/STM32H7xx_Nucleo/stm32h7xx_nucleo.o
 .debug_macro   0x0002eef2      0x2be ./Drivers/STM32H7xx_HAL_Driver/Src/stm32h7xx_hal.o
 .debug_macro   0x0002f1b0      0x294 ./Drivers/STM32H7xx_HAL_Driver/Src/stm32h7xx_hal_cortex.o
 .debug_macro   0x0002f444      0x2a2 ./Drivers/STM32H7xx_HAL_Driver/Src/stm32h7xx_hal_exti.o
 .debug_macro   0x0002f6e6      0x29b ./Drivers/STM32H7xx_HAL_Driver/Src/stm32h7xx_hal_gpio.o
 .debug_macro   0x0002f981      0x360 ./Drivers/STM32H7xx_HAL_Driver/Src/stm32h7xx_hal_i2c.o
 .debug_macro   0x0002fce1      0x294 ./Drivers/STM32H7xx_HAL_Driver/Src/stm32h7xx_hal_i2c_ex.o
 .debug_macro   0x0002ff75      0x2cd ./Drivers/STM32H7xx_HAL_Driver/Src/stm32h7xx_hal_pwr_ex.o
 .debug_macro   0x00030242      0x2b8 ./Drivers/STM32H7xx_HAL_Driver/Src/stm32h7xx_hal_rcc.o
 .debug_macro   0x000304fa      0x2b2 ./Drivers/STM32H7xx_HAL_Driver/Src/stm32h7xx_hal_rcc_ex.o
 .debug_macro   0x000307ac      0x2bf ./Drivers/STM32H7xx_HAL_Driver/Src/stm32h7xx_hal_uart.o

.debug_line     0x00000000    0x1639a
 .debug_line    0x00000000      0xb51 ./Core/Src/main.o
 .debug_line    0x00000b51     0x11ab ./Core/Src/ssd1306.o
 .debug_line    0x00001cfc      0x8b6 ./Core/Src/ssd1306_fonts.o
 .debug_line    0x000025b2      0xbe9 ./Core/Src/ssd1306_tests.o
 .debug_line    0x0000319b      0x99a ./Core/Src/stm32h7xx_hal_msp.o
 .debug_line    0x00003b35      0xa14 ./Core/Src/stm32h7xx_it.o
 .debug_line    0x00004549      0x579 ./Core/Src/sysmem.o
 .debug_line    0x00004ac2      0xa92 ./Core/Src/system_stm32h7xx.o
 .debug_line    0x00005554       0x7b ./Core/Startup/startup_stm32h7a3zitxq.o
 .debug_line    0x000055cf      0xcaa ./Drivers/BSP/STM32H7xx_Nucleo/stm32h7xx_nucleo.o
 .debug_line    0x00006279      0xe68 ./Drivers/STM32H7xx_HAL_Driver/Src/stm32h7xx_hal.o
 .debug_line    0x000070e1      0xe8a ./Drivers/STM32H7xx_HAL_Driver/Src/stm32h7xx_hal_cortex.o
 .debug_line    0x00007f6b      0xd36 ./Drivers/STM32H7xx_HAL_Driver/Src/stm32h7xx_hal_exti.o
 .debug_line    0x00008ca1      0xd33 ./Drivers/STM32H7xx_HAL_Driver/Src/stm32h7xx_hal_gpio.o
 .debug_line    0x000099d4     0x3f02 ./Drivers/STM32H7xx_HAL_Driver/Src/stm32h7xx_hal_i2c.o
 .debug_line    0x0000d8d6      0xac8 ./Drivers/STM32H7xx_HAL_Driver/Src/stm32h7xx_hal_i2c_ex.o
 .debug_line    0x0000e39e      0xff2 ./Drivers/STM32H7xx_HAL_Driver/Src/stm32h7xx_hal_pwr_ex.o
 .debug_line    0x0000f390     0x13b6 ./Drivers/STM32H7xx_HAL_Driver/Src/stm32h7xx_hal_rcc.o
 .debug_line    0x00010746     0x1ccd ./Drivers/STM32H7xx_HAL_Driver/Src/stm32h7xx_hal_rcc_ex.o
 .debug_line    0x00012413     0x3f87 ./Drivers/STM32H7xx_HAL_Driver/Src/stm32h7xx_hal_uart.o

.debug_str      0x00000000   0x136584
 .debug_str     0x00000000   0x131000 ./Core/Src/main.o
                             0x131582 (size before relaxing)
 .debug_str     0x00131000      0x58e ./Core/Src/ssd1306.o
                             0x130178 (size before relaxing)
 .debug_str     0x0013158e       0x94 ./Core/Src/ssd1306_fonts.o
                             0x12f662 (size before relaxing)
 .debug_str     0x00131622      0x181 ./Core/Src/ssd1306_tests.o
                             0x130002 (size before relaxing)
 .debug_str     0x001317a3      0x36f ./Core/Src/stm32h7xx_hal_msp.o
                             0x130f2e (size before relaxing)
 .debug_str     0x00131b12       0xf0 ./Core/Src/stm32h7xx_it.o
                             0x1303a8 (size before relaxing)
 .debug_str     0x00131c02      0x4dc ./Core/Src/sysmem.o
                               0x617c (size before relaxing)
 .debug_str     0x001320de      0x31b ./Core/Src/system_stm32h7xx.o
                             0x12f8f9 (size before relaxing)
 .debug_str     0x001323f9       0x45 ./Core/Startup/startup_stm32h7a3zitxq.o
                                 0xb9 (size before relaxing)
 .debug_str     0x0013243e      0xbe6 ./Drivers/BSP/STM32H7xx_Nucleo/stm32h7xx_nucleo.o
                             0x1311c1 (size before relaxing)
 .debug_str     0x00133024      0x7e1 ./Drivers/STM32H7xx_HAL_Driver/Src/stm32h7xx_hal.o
                             0x13078d (size before relaxing)
 .debug_str     0x00133805      0x2af ./Drivers/STM32H7xx_HAL_Driver/Src/stm32h7xx_hal_cortex.o
                             0x1301d5 (size before relaxing)
 .debug_str     0x00133ab4      0x17f ./Drivers/STM32H7xx_HAL_Driver/Src/stm32h7xx_hal_exti.o
                             0x12f6a3 (size before relaxing)
 .debug_str     0x00133c33       0xc8 ./Drivers/STM32H7xx_HAL_Driver/Src/stm32h7xx_hal_gpio.o
                             0x12f86a (size before relaxing)
 .debug_str     0x00133cfb      0xe4c ./Drivers/STM32H7xx_HAL_Driver/Src/stm32h7xx_hal_i2c.o
                             0x13091d (size before relaxing)
 .debug_str     0x00134b47       0xb8 ./Drivers/STM32H7xx_HAL_Driver/Src/stm32h7xx_hal_i2c_ex.o
                             0x12fcaf (size before relaxing)
 .debug_str     0x00134bff      0x756 ./Drivers/STM32H7xx_HAL_Driver/Src/stm32h7xx_hal_pwr_ex.o
                             0x12fdef (size before relaxing)
 .debug_str     0x00135355      0x22e ./Drivers/STM32H7xx_HAL_Driver/Src/stm32h7xx_hal_rcc.o
                             0x12fc92 (size before relaxing)
 .debug_str     0x00135583      0x611 ./Drivers/STM32H7xx_HAL_Driver/Src/stm32h7xx_hal_rcc_ex.o
                             0x130127 (size before relaxing)
 .debug_str     0x00135b94      0x9f0 ./Drivers/STM32H7xx_HAL_Driver/Src/stm32h7xx_hal_uart.o
                             0x1307c2 (size before relaxing)

.comment        0x00000000       0x43
 .comment       0x00000000       0x43 ./Core/Src/main.o
                                 0x44 (size before relaxing)
 .comment       0x00000043       0x44 ./Core/Src/ssd1306.o
 .comment       0x00000043       0x44 ./Core/Src/ssd1306_fonts.o
 .comment       0x00000043       0x44 ./Core/Src/ssd1306_tests.o
 .comment       0x00000043       0x44 ./Core/Src/stm32h7xx_hal_msp.o
 .comment       0x00000043       0x44 ./Core/Src/stm32h7xx_it.o
 .comment       0x00000043       0x44 ./Core/Src/sysmem.o
 .comment       0x00000043       0x44 ./Core/Src/system_stm32h7xx.o
 .comment       0x00000043       0x44 ./Drivers/BSP/STM32H7xx_Nucleo/stm32h7xx_nucleo.o
 .comment       0x00000043       0x44 ./Drivers/STM32H7xx_HAL_Driver/Src/stm32h7xx_hal.o
 .comment       0x00000043       0x44 ./Drivers/STM32H7xx_HAL_Driver/Src/stm32h7xx_hal_cortex.o
 .comment       0x00000043       0x44 ./Drivers/STM32H7xx_HAL_Driver/Src/stm32h7xx_hal_exti.o
 .comment       0x00000043       0x44 ./Drivers/STM32H7xx_HAL_Driver/Src/stm32h7xx_hal_gpio.o
 .comment       0x00000043       0x44 ./Drivers/STM32H7xx_HAL_Driver/Src/stm32h7xx_hal_i2c.o
 .comment       0x00000043       0x44 ./Drivers/STM32H7xx_HAL_Driver/Src/stm32h7xx_hal_i2c_ex.o
 .comment       0x00000043       0x44 ./Drivers/STM32H7xx_HAL_Driver/Src/stm32h7xx_hal_pwr_ex.o
 .comment       0x00000043       0x44 ./Drivers/STM32H7xx_HAL_Driver/Src/stm32h7xx_hal_rcc.o
 .comment       0x00000043       0x44 ./Drivers/STM32H7xx_HAL_Driver/Src/stm32h7xx_hal_rcc_ex.o
 .comment       0x00000043       0x44 ./Drivers/STM32H7xx_HAL_Driver/Src/stm32h7xx_hal_uart.o

.debug_frame    0x00000000     0x4660
 .debug_frame   0x00000000       0xd0 ./Core/Src/main.o
 .debug_frame   0x000000d0      0x3e4 ./Core/Src/ssd1306.o
 .debug_frame   0x000004b4      0x214 ./Core/Src/ssd1306_tests.o
 .debug_frame   0x000006c8       0x84 ./Core/Src/stm32h7xx_hal_msp.o
 .debug_frame   0x0000074c      0x120 ./Core/Src/stm32h7xx_it.o
 .debug_frame   0x0000086c       0x34 ./Core/Src/sysmem.o
 .debug_frame   0x000008a0       0x78 ./Core/Src/system_stm32h7xx.o
 .debug_frame   0x00000918      0x2dc ./Drivers/BSP/STM32H7xx_Nucleo/stm32h7xx_nucleo.o
 .debug_frame   0x00000bf4      0x6a8 ./Drivers/STM32H7xx_HAL_Driver/Src/stm32h7xx_hal.o
 .debug_frame   0x0000129c      0x508 ./Drivers/STM32H7xx_HAL_Driver/Src/stm32h7xx_hal_cortex.o
 .debug_frame   0x000017a4      0x174 ./Drivers/STM32H7xx_HAL_Driver/Src/stm32h7xx_hal_exti.o
 .debug_frame   0x00001918      0x14c ./Drivers/STM32H7xx_HAL_Driver/Src/stm32h7xx_hal_gpio.o