Archive member included to satisfy reference by file (symbol)

C:/ST/STM32CubeIDE_1.16.1/STM32CubeIDE/plugins/com.st.stm32cube.ide.mcu.externaltools.gnu-tools-for-stm32.12.3.rel1.win32_1.0.200.202406191623/tools/bin/../lib/gcc/arm-none-eabi/12.3.1/../../../../arm-none-eabi/lib/thumb/v7e-m+dp/hard\libc_nano.a(libc_a-exit.o)
                              C:/ST/STM32CubeIDE_1.16.1/STM32CubeIDE/plugins/com.st.stm32cube.ide.mcu.externaltools.gnu-tools-for-stm32.12.3.rel1.win32_1.0.200.202406191623/tools/bin/../lib/gcc/arm-none-eabi/12.3.1/../../../../arm-none-eabi/lib/thumb/v7e-m+dp/hard/crt0.o (exit)
C:/ST/STM32CubeIDE_1.16.1/STM32CubeIDE/plugins/com.st.stm32cube.ide.mcu.externaltools.gnu-tools-for-stm32.12.3.rel1.win32_1.0.200.202406191623/tools/bin/../lib/gcc/arm-none-eabi/12.3.1/../../../../arm-none-eabi/lib/thumb/v7e-m+dp/hard\libc_nano.a(libc_a-findfp.o)
                              C:/ST/STM32CubeIDE_1.16.1/STM32CubeIDE/plugins/com.st.stm32cube.ide.mcu.externaltools.gnu-tools-for-stm32.12.3.rel1.win32_1.0.200.202406191623/tools/bin/../lib/gcc/arm-none-eabi/12.3.1/../../../../arm-none-eabi/lib/thumb/v7e-m+dp/hard\libc_nano.a(libc_a-exit.o) (__stdio_exit_handler)
C:/ST/STM32CubeIDE_1.16.1/STM32CubeIDE/plugins/com.st.stm32cube.ide.mcu.externaltools.gnu-tools-for-stm32.12.3.rel1.win32_1.0.200.202406191623/tools/bin/../lib/gcc/arm-none-eabi/12.3.1/../../../../arm-none-eabi/lib/thumb/v7e-m+dp/hard\libc_nano.a(libc_a-fwalk.o)
                              C:/ST/STM32CubeIDE_1.16.1/STM32CubeIDE/plugins/com.st.stm32cube.ide.mcu.externaltools.gnu-tools-for-stm32.12.3.rel1.win32_1.0.200.202406191623/tools/bin/../lib/gcc/arm-none-eabi/12.3.1/../../../../arm-none-eabi/lib/thumb/v7e-m+dp/hard\libc_nano.a(libc_a-findfp.o) (_fwalk_sglue)
C:/ST/STM32CubeIDE_1.16.1/STM32CubeIDE/plugins/com.st.stm32cube.ide.mcu.externaltools.gnu-tools-for-stm32.12.3.rel1.win32_1.0.200.202406191623/tools/bin/../lib/gcc/arm-none-eabi/12.3.1/../../../../arm-none-eabi/lib/thumb/v7e-m+dp/hard\libc_nano.a(libc_a-printf.o)
                              ./Middlewares/ST/STM32_USB_Device_Library/Core/Src/usbd_core.o (printf)
C:/ST/STM32CubeIDE_1.16.1/STM32CubeIDE/plugins/com.st.stm32cube.ide.mcu.externaltools.gnu-tools-for-stm32.12.3.rel1.win32_1.0.200.202406191623/tools/bin/../lib/gcc/arm-none-eabi/12.3.1/../../../../arm-none-eabi/lib/thumb/v7e-m+dp/hard\libc_nano.a(libc_a-putchar.o)
                              ./Middlewares/ST/STM32_USB_Device_Library/Core/Src/usbd_core.o (putchar)
C:/ST/STM32CubeIDE_1.16.1/STM32CubeIDE/plugins/com.st.stm32cube.ide.mcu.externaltools.gnu-tools-for-stm32.12.3.rel1.win32_1.0.200.202406191623/tools/bin/../lib/gcc/arm-none-eabi/12.3.1/../../../../arm-none-eabi/lib/thumb/v7e-m+dp/hard\libc_nano.a(libc_a-sprintf.o)
                              ./Core/Src/lcdhandler.o (sprintf)
C:/ST/STM32CubeIDE_1.16.1/STM32CubeIDE/plugins/com.st.stm32cube.ide.mcu.externaltools.gnu-tools-for-stm32.12.3.rel1.win32_1.0.200.202406191623/tools/bin/../lib/gcc/arm-none-eabi/12.3.1/../../../../arm-none-eabi/lib/thumb/v7e-m+dp/hard\libc_nano.a(libc_a-stdio.o)
                              C:/ST/STM32CubeIDE_1.16.1/STM32CubeIDE/plugins/com.st.stm32cube.ide.mcu.externaltools.gnu-tools-for-stm32.12.3.rel1.win32_1.0.200.202406191623/tools/bin/../lib/gcc/arm-none-eabi/12.3.1/../../../../arm-none-eabi/lib/thumb/v7e-m+dp/hard\libc_nano.a(libc_a-findfp.o) (__sread)
C:/ST/STM32CubeIDE_1.16.1/STM32CubeIDE/plugins/com.st.stm32cube.ide.mcu.externaltools.gnu-tools-for-stm32.12.3.rel1.win32_1.0.200.202406191623/tools/bin/../lib/gcc/arm-none-eabi/12.3.1/../../../../arm-none-eabi/lib/thumb/v7e-m+dp/hard\libc_nano.a(libc_a-memset.o)
                              C:/ST/STM32CubeIDE_1.16.1/STM32CubeIDE/plugins/com.st.stm32cube.ide.mcu.externaltools.gnu-tools-for-stm32.12.3.rel1.win32_1.0.200.202406191623/tools/bin/../lib/gcc/arm-none-eabi/12.3.1/../../../../arm-none-eabi/lib/thumb/v7e-m+dp/hard/crt0.o (memset)
C:/ST/STM32CubeIDE_1.16.1/STM32CubeIDE/plugins/com.st.stm32cube.ide.mcu.externaltools.gnu-tools-for-stm32.12.3.rel1.win32_1.0.200.202406191623/tools/bin/../lib/gcc/arm-none-eabi/12.3.1/../../../../arm-none-eabi/lib/thumb/v7e-m+dp/hard\libc_nano.a(libc_a-strcat.o)
                              ./Core/Src/lcdhandler.o (strcat)
C:/ST/STM32CubeIDE_1.16.1/STM32CubeIDE/plugins/com.st.stm32cube.ide.mcu.externaltools.gnu-tools-for-stm32.12.3.rel1.win32_1.0.200.202406191623/tools/bin/../lib/gcc/arm-none-eabi/12.3.1/../../../../arm-none-eabi/lib/thumb/v7e-m+dp/hard\libc_nano.a(libc_a-closer.o)
                              C:/ST/STM32CubeIDE_1.16.1/STM32CubeIDE/plugins/com.st.stm32cube.ide.mcu.externaltools.gnu-tools-for-stm32.12.3.rel1.win32_1.0.200.202406191623/tools/bin/../lib/gcc/arm-none-eabi/12.3.1/../../../../arm-none-eabi/lib/thumb/v7e-m+dp/hard\libc_nano.a(libc_a-stdio.o) (_close_r)
[...]
Memory Configuration

Name             Origin             Length             Attributes
ITCMRAM          0x00000000         0x00010000         xrw
FLASH            0x08000000         0x00200000         xr
DTCMRAM1         0x20000000         0x00010000         xrw
DTCMRAM2         0x20010000         0x00010000         xrw
RAM              0x24000000         0x00100000         xrw
RAM_CD           0x30000000         0x00020000         xrw
RAM_SRD          0x38000000         0x00008000         xrw
*default*        0x00000000         0xffffffff

Linker script and memory map

LOAD C:/ST/STM32CubeIDE_1.16.1/STM32CubeIDE/plugins/com.st.stm32cube.ide.mcu.externaltools.gnu-tools-for-stm32.12.3.rel1.win32_1.0.200.202406191623/tools/bin/../lib/gcc/arm-none-eabi/12.3.1/thumb/v7e-m+dp/hard/crti.o
LOAD C:/ST/STM32CubeIDE_1.16.1/STM32CubeIDE/plugins/com.st.stm32cube.ide.mcu.externaltools.gnu-tools-for-stm32.12.3.rel1.win32_1.0.200.202406191623/tools/bin/../lib/gcc/arm-none-eabi/12.3.1/thumb/v7e-m+dp/hard/crtbegin.o
LOAD C:/ST/STM32CubeIDE_1.16.1/STM32CubeIDE/plugins/com.st.stm32cube.ide.mcu.externaltools.gnu-tools-for-stm32.12.3.rel1.win32_1.0.200.202406191623/tools/bin/../lib/gcc/arm-none-eabi/12.3.1/../../../../arm-none-eabi/lib/thumb/v7e-m+dp/hard/crt0.o
LOAD ./Core/Src/fmc.o
LOAD ./Core/Src/gpio.o
LOAD ./Core/Src/i2c.o
LOAD ./Core/Src/i2s.o
LOAD ./Core/Src/keypad.o
LOAD ./Core/Src/lcdhandler.o
LOAD ./Core/Src/main.o
LOAD ./Core/Src/memorymap.o
LOAD ./Core/Src/sdram_init.o
LOAD ./Core/Src/spdifrx.o
LOAD ./Core/Src/ssd1306.o
LOAD ./Core/Src/ssd1306_fonts.o
LOAD ./Core/Src/stm32h7xx_hal_msp.o
LOAD ./Core/Src/stm32h7xx_it.o
LOAD ./Core/Src/syscalls.o
LOAD ./Core/Src/sysmem.o
LOAD ./Core/Src/system_stm32h7xx.o
LOAD ./Core/Src/tim.o
LOAD ./Core/Startup/startup_stm32h7a3zitx.o
LOAD ./Drivers/STM32H7xx_HAL_Driver/Src/stm32h7xx_hal.o
LOAD ./Drivers/STM32H7xx_HAL_Driver/Src/stm32h7xx_hal_cortex.o
LOAD ./Drivers/STM32H7xx_HAL_Driver/Src/stm32h7xx_hal_dma.o
LOAD ./Drivers/STM32H7xx_HAL_Driver/Src/stm32h7xx_hal_dma_ex.o
LOAD ./Drivers/STM32H7xx_HAL_Driver/Src/stm32h7xx_hal_exti.o
LOAD ./Drivers/STM32H7xx_HAL_Driver/Src/stm32h7xx_hal_flash.o
LOAD ./Drivers/STM32H7xx_HAL_Driver/Src/stm32h7xx_hal_flash_ex.o
LOAD ./Drivers/STM32H7xx_HAL_Driver/Src/stm32h7xx_hal_gpio.o
LOAD ./Drivers/STM32H7xx_HAL_Driver/Src/stm32h7xx_hal_hsem.o
LOAD ./Drivers/STM32H7xx_HAL_Driver/Src/stm32h7xx_hal_i2c.o
LOAD ./Drivers/STM32H7xx_HAL_Driver/Src/stm32h7xx_hal_i2c_ex.o
LOAD ./Drivers/STM32H7xx_HAL_Driver/Src/stm32h7xx_hal_i2s.o
LOAD ./Drivers/STM32H7xx_HAL_Driver/Src/stm32h7xx_hal_i2s_ex.o
LOAD ./Drivers/STM32H7xx_HAL_Driver/Src/stm32h7xx_hal_mdma.o
LOAD ./Drivers/STM32H7xx_HAL_Driver/Src/stm32h7xx_hal_nand.o
LOAD ./Drivers/STM32H7xx_HAL_Driver/Src/stm32h7xx_hal_nor.o
LOAD ./Drivers/STM32H7xx_HAL_Driver/Src/stm32h7xx_hal_pcd.o
LOAD ./Drivers/STM32H7xx_HAL_Driver/Src/stm32h7xx_hal_pcd_ex.o
LOAD ./Drivers/STM32H7xx_HAL_Driver/Src/stm32h7xx_hal_pwr.o
LOAD ./Drivers/STM32H7xx_HAL_Driver/Src/stm32h7xx_hal_pwr_ex.o
LOAD ./Drivers/STM32H7xx_HAL_Driver/Src/stm32h7xx_hal_rcc.o
LOAD ./Drivers/STM32H7xx_HAL_Driver/Src/stm32h7xx_hal_rcc_ex.o
LOAD ./Drivers/STM32H7xx_HAL_Driver/Src/stm32h7xx_hal_sdram.o
LOAD ./Drivers/STM32H7xx_HAL_Driver/Src/stm32h7xx_hal_spdifrx.o
LOAD ./Drivers/STM32H7xx_HAL_Driver/Src/stm32h7xx_hal_sram.o
LOAD ./Drivers/STM32H7xx_HAL_Driver/Src/stm32h7xx_hal_tim.o
LOAD ./Drivers/STM32H7xx_HAL_Driver/Src/stm32h7xx_hal_tim_ex.o
LOAD ./Drivers/STM32H7xx_HAL_Driver/Src/stm32h7xx_ll_fmc.o
LOAD ./Drivers/STM32H7xx_HAL_Driver/Src/stm32h7xx_ll_usb.o
LOAD ./Middlewares/ST/STM32_USB_Device_Library/Class/CDC/Src/usbd_cdc.o
LOAD ./Middlewares/ST/STM32_USB_Device_Library/Core/Src/usbd_core.o
LOAD ./Middlewares/ST/STM32_USB_Device_Library/Core/Src/usbd_ctlreq.o
LOAD ./Middlewares/ST/STM32_USB_Device_Library/Core/Src/usbd_ioreq.o
LOAD ./USB_DEVICE/App/usb_device.o
LOAD ./USB_DEVICE/App/usbd_cdc_if.o
LOAD ./USB_DEVICE/App/usbd_desc.o
LOAD ./USB_DEVICE/Target/usbd_conf.o
START GROUP
LOAD C:/ST/STM32CubeIDE_1.16.1/STM32CubeIDE/plugins/com.st.stm32cube.ide.mcu.externaltools.gnu-tools-for-stm32.12.3.rel1.win32_1.0.200.202406191623/tools/bin/../lib/gcc/arm-none-eabi/12.3.1/../../../../arm-none-eabi/lib/thumb/v7e-m+dp/hard\libc_nano.a
LOAD C:/ST/STM32CubeIDE_1.16.1/STM32CubeIDE/plugins/com.st.stm32cube.ide.mcu.externaltools.gnu-tools-for-stm32.12.3.rel1.win32_1.0.200.202406191623/tools/bin/../lib/gcc/arm-none-eabi/12.3.1/../../../../arm-none-eabi/lib/thumb/v7e-m+dp/hard\libm.a
END GROUP
START GROUP
LOAD C:/ST/STM32CubeIDE_1.16.1/STM32CubeIDE/plugins/com.st.stm32cube.ide.mcu.externaltools.gnu-tools-for-stm32.12.3.rel1.win32_1.0.200.202406191623/tools/bin/../lib/gcc/arm-none-eabi/12.3.1/thumb/v7e-m+dp/hard\libgcc.a
LOAD C:/ST/STM32CubeIDE_1.16.1/STM32CubeIDE/plugins/com.st.stm32cube.ide.mcu.externaltools.gnu-tools-for-stm32.12.3.rel1.win32_1.0.200.202406191623/tools/bin/../lib/gcc/arm-none-eabi/12.3.1/../../../../arm-none-eabi/lib/thumb/v7e-m+dp/hard\libc_nano.a
END GROUP
START GROUP
LOAD C:/ST/STM32CubeIDE_1.16.1/STM32CubeIDE/plugins/com.st.stm32cube.ide.mcu.externaltools.gnu-tools-for-stm32.12.3.rel1.win32_1.0.200.202406191623/tools/bin/../lib/gcc/arm-none-eabi/12.3.1/thumb/v7e-m+dp/hard\libgcc.a
LOAD C:/ST/STM32CubeIDE_1.16.1/STM32CubeIDE/plugins/com.st.stm32cube.ide.mcu.externaltools.gnu-tools-for-stm32.12.3.rel1.win32_1.0.200.202406191623/tools/bin/../lib/gcc/arm-none-eabi/12.3.1/../../../../arm-none-eabi/lib/thumb/v7e-m+dp/hard\libc_nano.a
LOAD C:/ST/STM32CubeIDE_1.16.1/STM32CubeIDE/plugins/com.st.stm32cube.ide.mcu.externaltools.gnu-tools-for-stm32.12.3.rel1.win32_1.0.200.202406191623/tools/bin/../lib/gcc/arm-none-eabi/12.3.1/../../../../arm-none-eabi/lib/thumb/v7e-m+dp/hard\libnosys.a
END GROUP
START GROUP
LOAD C:/ST/STM32CubeIDE_1.16.1/STM32CubeIDE/plugins/com.st.stm32cube.ide.mcu.externaltools.gnu-tools-for-stm32.12.3.rel1.win32_1.0.200.202406191623/tools/bin/../lib/gcc/arm-none-eabi/12.3.1/thumb/v7e-m+dp/hard\libgcc.a
LOAD C:/ST/STM32CubeIDE_1.16.1/STM32CubeIDE/plugins/com.st.stm32cube.ide.mcu.externaltools.gnu-tools-for-stm32.12.3.rel1.win32_1.0.200.202406191623/tools/bin/../lib/gcc/arm-none-eabi/12.3.1/../../../../arm-none-eabi/lib/thumb/v7e-m+dp/hard\libc_nano.a
LOAD C:/ST/STM32CubeIDE_1.16.1/STM32CubeIDE/plugins/com.st.stm32cube.ide.mcu.externaltools.gnu-tools-for-stm32.12.3.rel1.win32_1.0.200.202406191623/tools/bin/../lib/gcc/arm-none-eabi/12.3.1/../../../../arm-none-eabi/lib/thumb/v7e-m+dp/hard\libnosys.a
END GROUP
LOAD C:/ST/STM32CubeIDE_1.16.1/STM32CubeIDE/plugins/com.st.stm32cube.ide.mcu.externaltools.gnu-tools-for-stm32.12.3.rel1.win32_1.0.200.202406191623/tools/bin/../lib/gcc/arm-none-eabi/12.3.1/thumb/v7e-m+dp/hard/crtend.o
LOAD C:/ST/STM32CubeIDE_1.16.1/STM32CubeIDE/plugins/com.st.stm32cube.ide.mcu.externaltools.gnu-tools-for-stm32.12.3.rel1.win32_1.0.200.202406191623/tools/bin/../lib/gcc/arm-none-eabi/12.3.1/thumb/v7e-m+dp/hard/crtn.o
                0x24100000                        _estack = (ORIGIN (RAM) + LENGTH (RAM))
                0x00000200                        _Min_Heap_Size = 0x200
                0x00001000                        _Min_Stack_Size = 0x1000

.isr_vector     0x08000000      0x2ac
                0x08000000                        . = ALIGN (0x4)
 *(.isr_vector)
 .isr_vector    0x08000000      0x2ac ./Core/Startup/startup_stm32h7a3zitx.o
                0x08000000                g_pfnVectors
                0x080002ac                        . = ALIGN (0x4)

.text           0x080002b0     0xe684
                0x080002b0                        . = ALIGN (0x4)
 *(.text)
 .text          0x080002b0       0x40 C:/ST/STM32CubeIDE_1.16.1/STM32CubeIDE/plugins/com.st.stm32cube.ide.mcu.externaltools.gnu-tools-for-stm32.12.3.rel1.win32_1.0.200.202406191623/tools/bin/../lib/gcc/arm-none-eabi/12.3.1/thumb/v7e-m+dp/hard/crtbegin.o
 .text          0x080002f0       0xa0 C:/ST/STM32CubeIDE_1.16.1/STM32CubeIDE/plugins/com.st.stm32cube.ide.mcu.externaltools.gnu-tools-for-stm32.12.3.rel1.win32_1.0.200.202406191623/tools/bin/../lib/gcc/arm-none-eabi/12.3.1/../../../../arm-none-eabi/lib/thumb/v7e-m+dp/hard\libc_nano.a(libc_a-memchr.o)
                0x080002f0                memchr
 *(.text*)
 .text.flashBoot
                0x08000390       0x16 ./Core/Src/fmc.o
                0x08000390                flashBoot
 *fill*         0x080003a6        0x2 
 .text.MX_FMC_Init
                0x080003a8      0x16c ./Core/Src/fmc.o
                0x080003a8                MX_FMC_Init
 .text.HAL_FMC_MspInit
                0x08000514      0x1a4 ./Core/Src/fmc.o
 .text.HAL_NAND_MspInit
                0x080006b8       0x14 ./Core/Src/fmc.o
                0x080006b8                HAL_NAND_MspInit
 .text.HAL_SDRAM_MspInit
                0x080006cc       0x14 ./Core/Src/fmc.o
                0x080006cc                HAL_SDRAM_MspInit
 .text.MX_GPIO_Init
                0x080006e0      0x1c4 ./Core/Src/gpio.o
                0x080006e0                MX_GPIO_Init
 .text.MX_I2C1_Init
                0x080008a4       0x80 ./Core/Src/i2c.o
                0x080008a4                MX_I2C1_Init
 .text.MX_I2C2_Init
                0x08000924       0x80 ./Core/Src/i2c.o
                0x08000924                MX_I2C2_Init
 .text.HAL_I2C_MspInit
                0x080009a4      0x170 ./Core/Src/i2c.o
                0x080009a4                HAL_I2C_MspInit
 .text.MX_I2S1_Init
                0x08000b14       0x68 ./Core/Src/i2s.o
                0x08000b14                MX_I2S1_Init
 .text.MX_I2S2_Init
                0x08000b7c       0x68 ./Core/Src/i2s.o
                0x08000b7c                MX_I2S2_Init
 .text.HAL_I2S_MspInit
                0x08000be4      0x218 ./Core/Src/i2s.o
                0x08000be4                HAL_I2S_MspInit
 .text.GetKey   0x08000dfc       0x96 ./Core/Src/keypad.o
                0x08000dfc                GetKey
 *fill*         0x08000e92        0x2 
 .text.ReadOneColPin
                0x08000e94       0x80 ./Core/Src/keypad.o
                0x08000e94                ReadOneColPin
 .text.DriveOneRowPin
                0x08000f14       0xbc ./Core/Src/keypad.o
                0x08000f14                DriveOneRowPin
 .text.DriveAllRowPins
                0x08000fd0       0x78 ./Core/Src/keypad.o
                0x08000fd0                DriveAllRowPins
 .text.LCD_Init
                0x08001048      0x108 ./Core/Src/lcdhandler.o
                0x08001048                LCD_Init
 .text.main     0x08001150      0x150 ./Core/Src/main.o
                0x08001150                main
 .text.SystemClock_Config
                0x080012a0       0xf0 ./Core/Src/main.o
                0x080012a0                SystemClock_Config
 .text.PeriphCommonClock_Config
                0x08001390       0x3c ./Core/Src/main.o
                0x08001390                PeriphCommonClock_Config
 .text.MPU_Config
                0x080013cc       0x94 ./Core/Src/main.o
 .text.Error_Handler
                0x08001460        0xc ./Core/Src/main.o
                0x08001460                Error_Handler
 .text.SDRAM_Initialization_Sequence
                0x0800146c       0xd6 ./Core/Src/sdram_init.o
                0x0800146c                SDRAM_Initialization_Sequence
 *fill*         0x08001542        0x2 
 .text.MX_SPDIFRX_Init
                0x08001544       0x70 ./Core/Src/spdifrx.o
                0x08001544                MX_SPDIFRX_Init
 .text.HAL_SPDIFRX_MspInit
                0x080015b4       0xd4 ./Core/Src/spdifrx.o
                0x080015b4                HAL_SPDIFRX_MspInit
 .text.ssd1306_Reset
                0x08001688        0xe ./Core/Src/ssd1306.o
                0x08001688                ssd1306_Reset
 *fill*         0x08001696        0x2 
 .text.ssd1306_WriteCommand
                0x08001698       0x30 ./Core/Src/ssd1306.o
                0x08001698                ssd1306_WriteCommand
 .text.ssd1306_WriteData
                0x080016c8       0x34 ./Core/Src/ssd1306.o
                0x080016c8                ssd1306_WriteData
 .text.ssd1306_Init
                0x080016fc       0xd4 ./Core/Src/ssd1306.o
                0x080016fc                ssd1306_Init
 .text.ssd1306_Fill
                0x080017d0       0x30 ./Core/Src/ssd1306.o
                0x080017d0                ssd1306_Fill
 .text.ssd1306_UpdateScreen
                0x08001800       0x50 ./Core/Src/ssd1306.o
                0x08001800                ssd1306_UpdateScreen
 .text.ssd1306_DrawPixel
                0x08001850       0xa8 ./Core/Src/ssd1306.o
                0x08001850                ssd1306_DrawPixel
 .text.ssd1306_WriteChar
                0x080018f8      0x120 ./Core/Src/ssd1306.o
                0x080018f8                ssd1306_WriteChar
 .text.ssd1306_WriteString
                0x08001a18       0x4c ./Core/Src/ssd1306.o
                0x08001a18                ssd1306_WriteString
 .text.ssd1306_SetCursor
                0x08001a64       0x30 ./Core/Src/ssd1306.o
                0x08001a64                ssd1306_SetCursor
 .text.ssd1306_SetContrast
                0x08001a94       0x26 ./Core/Src/ssd1306.o
                0x08001a94                ssd1306_SetContrast
 *fill*         0x08001aba        0x2 
 .text.ssd1306_SetDisplayOn
                0x08001abc       0x3c ./Core/Src/ssd1306.o
                0x08001abc                ssd1306_SetDisplayOn
 .text.HAL_MspInit
                0x08001af8       0x34 ./Core/Src/stm32h7xx_hal_msp.o
                0x08001af8                HAL_MspInit
 .text.NMI_Handler
                0x08001b2c        0x8 ./Core/Src/stm32h7xx_it.o
                0x08001b2c                NMI_Handler
 .text.HardFault_Handler
                0x08001b34       0x30 ./Core/Src/stm32h7xx_it.o
                0x08001b34                HardFault_Handler
 .text.MemManage_Handler
                0x08001b64        0x8 ./Core/Src/stm32h7xx_it.o
                0x08001b64                MemManage_Handler
 .text.BusFault_Handler
                0x08001b6c        0x8 ./Core/Src/stm32h7xx_it.o
                0x08001b6c                BusFault_Handler
 .text.UsageFault_Handler
                0x08001b74        0x8 ./Core/Src/stm32h7xx_it.o
                0x08001b74                UsageFault_Handler
 .text.SVC_Handler
                0x08001b7c        0xe ./Core/Src/stm32h7xx_it.o
                0x08001b7c                SVC_Handler
 .text.DebugMon_Handler
                0x08001b8a        0xe ./Core/Src/stm32h7xx_it.o
                0x08001b8a                DebugMon_Handler
 .text.PendSV_Handler
                0x08001b98        0xe ./Core/Src/stm32h7xx_it.o
                0x08001b98                PendSV_Handler
 .text.SysTick_Handler
                0x08001ba6        0xc ./Core/Src/stm32h7xx_it.o
                0x08001ba6                SysTick_Handler
 *fill*         0x08001bb2        0x2 
 .text.TIM2_IRQHandler
                0x08001bb4       0x20 ./Core/Src/stm32h7xx_it.o
                0x08001bb4                TIM2_IRQHandler
 .text.SPI1_IRQHandler
                0x08001bd4       0x14 ./Core/Src/stm32h7xx_it.o
                0x08001bd4                SPI1_IRQHandler
 .text.OTG_HS_EP1_OUT_IRQHandler
                0x08001be8       0x14 ./Core/Src/stm32h7xx_it.o
                0x08001be8                OTG_HS_EP1_OUT_IRQHandler
 .text.OTG_HS_EP1_IN_IRQHandler
                0x08001bfc       0x14 ./Core/Src/stm32h7xx_it.o
                0x08001bfc                OTG_HS_EP1_IN_IRQHandler
 .text.OTG_HS_IRQHandler
                0x08001c10       0x14 ./Core/Src/stm32h7xx_it.o
                0x08001c10                OTG_HS_IRQHandler
 .text.SPDIF_RX_IRQHandler
                0x08001c24       0x14 ./Core/Src/stm32h7xx_it.o
                0x08001c24                SPDIF_RX_IRQHandler
 .text._read    0x08001c38       0x3a ./Core/Src/syscalls.o
                0x08001c38                _read
 .text._write   0x08001c72       0x38 ./Core/Src/syscalls.o
                0x08001c72                _write
 .text._close   0x08001caa       0x18 ./Core/Src/syscalls.o
                0x08001caa                _close
 .text._fstat   0x08001cc2       0x20 ./Core/Src/syscalls.o
                0x08001cc2                _fstat
 .text._isatty  0x08001ce2       0x16 ./Core/Src/syscalls.o
                0x08001ce2                _isatty
 .text._lseek   0x08001cf8       0x1a ./Core/Src/syscalls.o
                0x08001cf8                _lseek
 *fill*         0x08001d12        0x2 
 .text._sbrk    0x08001d14       0x6c ./Core/Src/sysmem.o
                0x08001d14                _sbrk
 .text.SystemInit
                0x08001d80       0xf0 ./Core/Src/system_stm32h7xx.o
                0x08001d80                SystemInit
 .text.MX_TIM2_Init
                0x08001e70       0x9c ./Core/Src/tim.o
                0x08001e70                MX_TIM2_Init
 .text.HAL_TIM_Base_MspInit
                0x08001f0c       0x4c ./Core/Src/tim.o
                0x08001f0c                HAL_TIM_Base_MspInit
 .text.Reset_Handler
                0x08001f58       0x50 ./Core/Startup/startup_stm32h7a3zitx.o
                0x08001f58                Reset_Handler
 .text.Default_Handler
                0x08001fa8        0x2 ./Core/Startup/startup_stm32h7a3zitx.o
                0x08001fa8                RTC_Alarm_IRQHandler
                0x08001fa8                EXTI2_IRQHandler
                0x08001fa8                TIM8_CC_IRQHandler
                0x08001fa8                UART8_IRQHandler
                0x08001fa8                BDMA2_Channel1_IRQHandler
                0x08001fa8                SPI4_IRQHandler
                0x08001fa8                BDMA2_Channel0_IRQHandler
                0x08001fa8                TIM1_CC_IRQHandler
                0x08001fa8                DMA2_Stream5_IRQHandler
                0x08001fa8                JPEG_IRQHandler
                0x08001fa8                DMA1_Stream5_IRQHandler
                0x08001fa8                EXTI3_IRQHandler
                0x08001fa8                LPTIM4_IRQHandler
                0x08001fa8                TIM8_TRG_COM_TIM14_IRQHandler
                0x08001fa8                LPTIM2_IRQHandler
                0x08001fa8                DFSDM1_FLT1_IRQHandler
                0x08001fa8                DMAMUX2_OVR_IRQHandler
                0x08001fa8                GFXMMU_IRQHandler
                0x08001fa8                TIM8_UP_TIM13_IRQHandler
                0x08001fa8                I2C3_ER_IRQHandler
                0x08001fa8                DFSDM1_FLT2_IRQHandler
                0x08001fa8                USART10_IRQHandler
                0x08001fa8                MDMA_IRQHandler
                0x08001fa8                LPTIM3_IRQHandler
                0x08001fa8                BDMA2_Channel3_IRQHandler
                0x08001fa8                HSEM1_IRQHandler
                0x08001fa8                EXTI0_IRQHandler
                0x08001fa8                I2C2_EV_IRQHandler
                0x08001fa8                DAC2_IRQHandler
                0x08001fa8                DMA1_Stream2_IRQHandler
                0x08001fa8                FPU_IRQHandler
                0x08001fa8                OTG_HS_WKUP_IRQHandler
                0x08001fa8                FDCAN1_IT1_IRQHandler
                0x08001fa8                LTDC_ER_IRQHandler
                0x08001fa8                DMA2_Stream2_IRQHandler
                0x08001fa8                OCTOSPI1_IRQHandler
                0x08001fa8                TIM6_DAC_IRQHandler
                0x08001fa8                BDMA2_Channel6_IRQHandler
                0x08001fa8                DMA2_Stream3_IRQHandler
                0x08001fa8                OCTOSPI2_IRQHandler
                0x08001fa8                SAI2_IRQHandler
                0x08001fa8                BDMA1_IRQHandler
                0x08001fa8                DFSDM1_FLT3_IRQHandler
                0x08001fa8                USART6_IRQHandler
                0x08001fa8                TIM17_IRQHandler
                0x08001fa8                USART3_IRQHandler
                0x08001fa8                LPTIM5_IRQHandler
                0x08001fa8                UART5_IRQHandler
                0x08001fa8                DMA2_Stream0_IRQHandler
                0x08001fa8                TIM4_IRQHandler
                0x08001fa8                I2C1_EV_IRQHandler
                0x08001fa8                DMA1_Stream6_IRQHandler
                0x08001fa8                DMAMUX1_OVR_IRQHandler
                0x08001fa8                DMA1_Stream1_IRQHandler
                0x08001fa8                TIM16_IRQHandler
                0x08001fa8                UART4_IRQHandler
                0x08001fa8                TIM3_IRQHandler
                0x08001fa8                RCC_IRQHandler
                0x08001fa8                UART9_IRQHandler
                0x08001fa8                TIM8_BRK_TIM12_IRQHandler
                0x08001fa8                TIM1_TRG_COM_IRQHandler
                0x08001fa8                Default_Handler
                0x08001fa8                ECC_IRQHandler
                0x08001fa8                BDMA2_Channel2_IRQHandler
                0x08001fa8                CEC_IRQHandler
                0x08001fa8                EXTI15_10_IRQHandler
                0x08001fa8                DFSDM1_FLT4_IRQHandler
                0x08001fa8                ADC_IRQHandler
                0x08001fa8                DMA1_Stream7_IRQHandler
                0x08001fa8                SPI5_IRQHandler
                0x08001fa8                TIM7_IRQHandler
                0x08001fa8                SDMMC1_IRQHandler
                0x08001fa8                TIM5_IRQHandler
                0x08001fa8                DMA2_Stream7_IRQHandler
                0x08001fa8                TIM15_IRQHandler
                0x08001fa8                I2C3_EV_IRQHandler
                0x08001fa8                DFSDM2_IRQHandler
                0x08001fa8                EXTI9_5_IRQHandler
                0x08001fa8                RTC_WKUP_IRQHandler
                0x08001fa8                LTDC_IRQHandler
                0x08001fa8                PVD_PVM_IRQHandler
                0x08001fa8                SPI2_IRQHandler
                0x08001fa8                DFSDM1_FLT5_IRQHandler
                0x08001fa8                DMA1_Stream0_IRQHandler
                0x08001fa8                CRS_IRQHandler
                0x08001fa8                EXTI4_IRQHandler
                0x08001fa8                DFSDM1_FLT6_IRQHandler
                0x08001fa8                RNG_IRQHandler
                0x08001fa8                FDCAN2_IT1_IRQHandler
                0x08001fa8                COMP_IRQHandler
                0x08001fa8                TIM1_UP_IRQHandler
                0x08001fa8                WWDG_IRQHandler
                0x08001fa8                SPI6_IRQHandler
                0x08001fa8                MDIOS_IRQHandler
                0x08001fa8                I2C4_EV_IRQHandler
                0x08001fa8                FDCAN2_IT0_IRQHandler
                0x08001fa8                LPUART1_IRQHandler
                0x08001fa8                FDCAN1_IT0_IRQHandler
                0x08001fa8                BDMA2_Channel5_IRQHandler
                0x08001fa8                DMA2D_IRQHandler
                0x08001fa8                TIM1_BRK_IRQHandler
                0x08001fa8                EXTI1_IRQHandler
                0x08001fa8                SDMMC2_IRQHandler
                0x08001fa8                DTS_IRQHandler
                0x08001fa8                UART7_IRQHandler
                0x08001fa8                MDIOS_WKUP_IRQHandler
                0x08001fa8                USART2_IRQHandler
                0x08001fa8                DFSDM1_FLT0_IRQHandler
                0x08001fa8                I2C2_ER_IRQHandler
                0x08001fa8                DMA2_Stream1_IRQHandler
                0x08001fa8                DFSDM1_FLT7_IRQHandler
                0x08001fa8                FLASH_IRQHandler
                0x08001fa8                DMA2_Stream4_IRQHandler
                0x08001fa8                USART1_IRQHandler
                0x08001fa8                SPI3_IRQHandler
                0x08001fa8                WAKEUP_PIN_IRQHandler
                0x08001fa8                DMA1_Stream4_IRQHandler
                0x08001fa8                I2C1_ER_IRQHandler
                0x08001fa8                FMC_IRQHandler
                0x08001fa8                BDMA2_Channel7_IRQHandler
                0x08001fa8                FDCAN_CAL_IRQHandler
                0x08001fa8                SWPMI1_IRQHandler
                0x08001fa8                LPTIM1_IRQHandler
                0x08001fa8                DCMI_PSSI_IRQHandler
                0x08001fa8                I2C4_ER_IRQHandler
                0x08001fa8                DMA2_Stream6_IRQHandler
                0x08001fa8                SAI1_IRQHandler
                0x08001fa8                DMA1_Stream3_IRQHandler
                0x08001fa8                RTC_TAMP_STAMP_CSS_LSE_IRQHandler
                0x08001fa8                BDMA2_Channel4_IRQHandler
 *fill*         0x08001faa        0x2 
 .text.HAL_Init
                0x08001fac       0x78 ./Drivers/STM32H7xx_HAL_Driver/Src/stm32h7xx_hal.o
                0x08001fac                HAL_Init
 .text.HAL_InitTick
                0x08002024       0x6c ./Drivers/STM32H7xx_HAL_Driver/Src/stm32h7xx_hal.o
                0x08002024                HAL_InitTick
 .text.HAL_IncTick
                0x08002090       0x28 ./Drivers/STM32H7xx_HAL_Driver/Src/stm32h7xx_hal.o
                0x08002090                HAL_IncTick
 .text.HAL_GetTick
                0x080020b8       0x18 ./Drivers/STM32H7xx_HAL_Driver/Src/stm32h7xx_hal.o
                0x080020b8                HAL_GetTick
 .text.HAL_Delay
                0x080020d0       0x48 ./Drivers/STM32H7xx_HAL_Driver/Src/stm32h7xx_hal.o
                0x080020d0                HAL_Delay
 .text.__NVIC_SetPriorityGrouping
                0x08002118       0x48 ./Drivers/STM32H7xx_HAL_Driver/Src/stm32h7xx_hal_cortex.o
 .text.__NVIC_GetPriorityGrouping
                0x08002160       0x1c ./Drivers/STM32H7xx_HAL_Driver/Src/stm32h7xx_hal_cortex.o
 .text.__NVIC_EnableIRQ
                0x0800217c       0x3c ./Drivers/STM32H7xx_HAL_Driver/Src/stm32h7xx_hal_cortex.o
 .text.__NVIC_SetPriority
                0x080021b8       0x54 ./Drivers/STM32H7xx_HAL_Driver/Src/stm32h7xx_hal_cortex.o
 .text.NVIC_EncodePriority
                0x0800220c       0x66 ./Drivers/STM32H7xx_HAL_Driver/Src/stm32h7xx_hal_cortex.o
 *fill*         0x08002272        0x2 
 .text.SysTick_Config
                0x08002274       0x44 ./Drivers/STM32H7xx_HAL_Driver/Src/stm32h7xx_hal_cortex.o
 .text.HAL_NVIC_SetPriorityGrouping
                0x080022b8       0x16 ./Drivers/STM32H7xx_HAL_Driver/Src/stm32h7xx_hal_cortex.o
                0x080022b8                HAL_NVIC_SetPriorityGrouping
 .text.HAL_NVIC_SetPriority
                0x080022ce       0x34 ./Drivers/STM32H7xx_HAL_Driver/Src/stm32h7xx_hal_cortex.o
                0x080022ce                HAL_NVIC_SetPriority
 .text.HAL_NVIC_EnableIRQ
                0x08002302       0x1c ./Drivers/STM32H7xx_HAL_Driver/Src/stm32h7xx_hal_cortex.o
                0x08002302                HAL_NVIC_EnableIRQ
 .text.HAL_SYSTICK_Config
                0x0800231e       0x18 ./Drivers/STM32H7xx_HAL_Driver/Src/stm32h7xx_hal_cortex.o
                0x0800231e                HAL_SYSTICK_Config
 *fill*         0x08002336        0x2 
 .text.HAL_MPU_Disable
                0x08002338       0x30 ./Drivers/STM32H7xx_HAL_Driver/Src/stm32h7xx_hal_cortex.o
                0x08002338                HAL_MPU_Disable
 .text.HAL_MPU_Enable
                0x08002368       0x40 ./Drivers/STM32H7xx_HAL_Driver/Src/stm32h7xx_hal_cortex.o
                0x08002368                HAL_MPU_Enable
 .text.HAL_MPU_ConfigRegion
                0x080023a8       0x80 ./Drivers/STM32H7xx_HAL_Driver/Src/stm32h7xx_hal_cortex.o
                0x080023a8                HAL_MPU_ConfigRegion
 .text.HAL_GPIO_Init
                0x08002428      0x360 ./Drivers/STM32H7xx_HAL_Driver/Src/stm32h7xx_hal_gpio.o
                0x08002428                HAL_GPIO_Init
 .text.HAL_GPIO_ReadPin
                0x08002788       0x30 ./Drivers/STM32H7xx_HAL_Driver/Src/stm32h7xx_hal_gpio.o
                0x08002788                HAL_GPIO_ReadPin
 .text.HAL_GPIO_WritePin
                0x080027b8       0x32 ./Drivers/STM32H7xx_HAL_Driver/Src/stm32h7xx_hal_gpio.o
                0x080027b8                HAL_GPIO_WritePin
 .text.HAL_GPIO_TogglePin
                0x080027ea       0x34 ./Drivers/STM32H7xx_HAL_Driver/Src/stm32h7xx_hal_gpio.o
                0x080027ea                HAL_GPIO_TogglePin
 *fill*         0x0800281e        0x2 
 .text.HAL_I2C_Init
                0x08002820      0x138 ./Drivers/STM32H7xx_HAL_Driver/Src/stm32h7xx_hal_i2c.o
                0x08002820                HAL_I2C_Init
 .text.HAL_I2C_Mem_Write
                0x08002958      0x228 ./Drivers/STM32H7xx_HAL_Driver/Src/stm32h7xx_hal_i2c.o
                0x08002958                HAL_I2C_Mem_Write
 .text.HAL_I2C_IsDeviceReady
                0x08002b80      0x20c ./Drivers/STM32H7xx_HAL_Driver/Src/stm32h7xx_hal_i2c.o
                0x08002b80                HAL_I2C_IsDeviceReady
 .text.I2C_RequestMemoryWrite
                0x08002d8c       0xa8 ./Drivers/STM32H7xx_HAL_Driver/Src/stm32h7xx_hal_i2c.o
 .text.I2C_Flush_TXDR
                0x08002e34       0x48 ./Drivers/STM32H7xx_HAL_Driver/Src/stm32h7xx_hal_i2c.o
 .text.I2C_WaitOnFlagUntilTimeout
                0x08002e7c       0xb2 ./Drivers/STM32H7xx_HAL_Driver/Src/stm32h7xx_hal_i2c.o
 .text.I2C_WaitOnTXISFlagUntilTimeout
                0x08002f2e       0x8e ./Drivers/STM32H7xx_HAL_Driver/Src/stm32h7xx_hal_i2c.o
 .text.I2C_WaitOnSTOPFlagUntilTimeout
                0x08002fbc       0x86 ./Drivers/STM32H7xx_HAL_Driver/Src/stm32h7xx_hal_i2c.o
 *fill*         0x08003042        0x2 
 .text.I2C_IsErrorOccurred
                0x08003044      0x1c0 ./Drivers/STM32H7xx_HAL_Driver/Src/stm32h7xx_hal_i2c.o
 .text.I2C_TransferConfig
                0x08003204       0x64 ./Drivers/STM32H7xx_HAL_Driver/Src/stm32h7xx_hal_i2c.o
 .text.HAL_I2CEx_ConfigAnalogFilter
                0x08003268       0x96 ./Drivers/STM32H7xx_HAL_Driver/Src/stm32h7xx_hal_i2c_ex.o
                0x08003268                HAL_I2CEx_ConfigAnalogFilter
 .text.HAL_I2CEx_ConfigDigitalFilter
                0x080032fe       0x98 ./Drivers/STM32H7xx_HAL_Driver/Src/stm32h7xx_hal_i2c_ex.o
                0x080032fe                HAL_I2CEx_ConfigDigitalFilter
 *fill*         0x08003396        0x2 
 .text.HAL_I2S_Init
                0x08003398      0x260 ./Drivers/STM32H7xx_HAL_Driver/Src/stm32h7xx_hal_i2s.o
                0x08003398                HAL_I2S_Init
 .text.HAL_I2S_IRQHandler
                0x080035f8      0x1f0 ./Drivers/STM32H7xx_HAL_Driver/Src/stm32h7xx_hal_i2s.o
                0x080035f8                HAL_I2S_IRQHandler
 .text.HAL_I2S_ErrorCallback
                0x080037e8       0x14 ./Drivers/STM32H7xx_HAL_Driver/Src/stm32h7xx_hal_i2s.o
                0x080037e8                HAL_I2S_ErrorCallback
 .text.HAL_NAND_Init
                0x080037fc       0x94 ./Drivers/STM32H7xx_HAL_Driver/Src/stm32h7xx_hal_nand.o
                0x080037fc                HAL_NAND_Init
 .text.HAL_PCD_Init
                0x08003890      0x218 ./Drivers/STM32H7xx_HAL_Driver/Src/stm32h7xx_hal_pcd.o
                0x08003890                HAL_PCD_Init
 .text.HAL_PCD_Start
                0x08003aa8       0x6a ./Drivers/STM32H7xx_HAL_Driver/Src/stm32h7xx_hal_pcd.o
                0x08003aa8                HAL_PCD_Start
 .text.HAL_PCD_IRQHandler
                0x08003b12      0x99c ./Drivers/STM32H7xx_HAL_Driver/Src/stm32h7xx_hal_pcd.o
                0x08003b12                HAL_PCD_IRQHandler
 .text.HAL_PCD_SetAddress
                0x080044ae       0x48 ./Drivers/STM32H7xx_HAL_Driver/Src/stm32h7xx_hal_pcd.o
                0x080044ae                HAL_PCD_SetAddress
 .text.HAL_PCD_EP_Open
                0x080044f6       0xd4 ./Drivers/STM32H7xx_HAL_Driver/Src/stm32h7xx_hal_pcd.o
                0x080044f6                HAL_PCD_EP_Open
 .text.HAL_PCD_EP_Close
                0x080045ca       0x94 ./Drivers/STM32H7xx_HAL_Driver/Src/stm32h7xx_hal_pcd.o
                0x080045ca                HAL_PCD_EP_Close
 .text.HAL_PCD_EP_Receive
                0x0800465e       0x76 ./Drivers/STM32H7xx_HAL_Driver/Src/stm32h7xx_hal_pcd.o
                0x0800465e                HAL_PCD_EP_Receive
 .text.HAL_PCD_EP_GetRxCount
                0x080046d4       0x30 ./Drivers/STM32H7xx_HAL_Driver/Src/stm32h7xx_hal_pcd.o
                0x080046d4                HAL_PCD_EP_GetRxCount
 .text.HAL_PCD_EP_Transmit
                0x08004704       0x74 ./Drivers/STM32H7xx_HAL_Driver/Src/stm32h7xx_hal_pcd.o
                0x08004704                HAL_PCD_EP_Transmit
 .text.HAL_PCD_EP_SetStall
                0x08004778       0xc6 ./Drivers/STM32H7xx_HAL_Driver/Src/stm32h7xx_hal_pcd.o
                0x08004778                HAL_PCD_EP_SetStall
 .text.HAL_PCD_EP_ClrStall
                0x0800483e       0xac ./Drivers/STM32H7xx_HAL_Driver/Src/stm32h7xx_hal_pcd.o
                0x0800483e                HAL_PCD_EP_ClrStall
 .text.HAL_PCD_EP_Abort
                0x080048ea       0x62 ./Drivers/STM32H7xx_HAL_Driver/Src/stm32h7xx_hal_pcd.o
                0x080048ea                HAL_PCD_EP_Abort
 .text.PCD_WriteEmptyTxFifo
                0x0800494c      0x118 ./Drivers/STM32H7xx_HAL_Driver/Src/stm32h7xx_hal_pcd.o
 .text.PCD_EP_OutXfrComplete_int
                0x08004a64      0x1d0 ./Drivers/STM32H7xx_HAL_Driver/Src/stm32h7xx_hal_pcd.o
 .text.PCD_EP_OutSetupPacket_int
                0x08004c34       0x8c ./Drivers/STM32H7xx_HAL_Driver/Src/stm32h7xx_hal_pcd.o
 .text.HAL_PCDEx_SetTxFiFo
                0x08004cc0       0x8e ./Drivers/STM32H7xx_HAL_Driver/Src/stm32h7xx_hal_pcd_ex.o
                0x08004cc0                HAL_PCDEx_SetTxFiFo
 .text.HAL_PCDEx_SetRxFiFo
                0x08004d4e       0x22 ./Drivers/STM32H7xx_HAL_Driver/Src/stm32h7xx_hal_pcd_ex.o
                0x08004d4e                HAL_PCDEx_SetRxFiFo
 .text.HAL_PCDEx_ActivateLPM
                0x08004d70       0x48 ./Drivers/STM32H7xx_HAL_Driver/Src/stm32h7xx_hal_pcd_ex.o
                0x08004d70                HAL_PCDEx_ActivateLPM
 .text.HAL_PCDEx_LPM_Callback
                0x08004db8       0x18 ./Drivers/STM32H7xx_HAL_Driver/Src/stm32h7xx_hal_pcd_ex.o
                0x08004db8                HAL_PCDEx_LPM_Callback
 .text.HAL_PWREx_ConfigSupply
                0x08004dd0       0x74 ./Drivers/STM32H7xx_HAL_Driver/Src/stm32h7xx_hal_pwr_ex.o
                0x08004dd0                HAL_PWREx_ConfigSupply
 .text.HAL_PWREx_EnableUSBVoltageDetector
                0x08004e44       0x20 ./Drivers/STM32H7xx_HAL_Driver/Src/stm32h7xx_hal_pwr_ex.o
                0x08004e44                HAL_PWREx_EnableUSBVoltageDetector
 .text.HAL_RCC_OscConfig
                0x08004e64      0x864 ./Drivers/STM32H7xx_HAL_Driver/Src/stm32h7xx_hal_rcc.o
                0x08004e64                HAL_RCC_OscConfig
 .text.HAL_RCC_ClockConfig
                0x080056c8      0x36c ./Drivers/STM32H7xx_HAL_Driver/Src/stm32h7xx_hal_rcc.o
                0x080056c8                HAL_RCC_ClockConfig
 .text.HAL_RCC_GetSysClockFreq
                0x08005a34      0x2f4 ./Drivers/STM32H7xx_HAL_Driver/Src/stm32h7xx_hal_rcc.o
                0x08005a34                HAL_RCC_GetSysClockFreq
 .text.HAL_RCC_GetHCLKFreq
                0x08005d28       0x60 ./Drivers/STM32H7xx_HAL_Driver/Src/stm32h7xx_hal_rcc.o
                0x08005d28                HAL_RCC_GetHCLKFreq
 .text.HAL_RCC_GetPCLK1Freq
                0x08005d88       0x2c ./Drivers/STM32H7xx_HAL_Driver/Src/stm32h7xx_hal_rcc.o
                0x08005d88                HAL_RCC_GetPCLK1Freq
 .text.HAL_RCCEx_PeriphCLKConfig
                0x08005db4     0x137c ./Drivers/STM32H7xx_HAL_Driver/Src/stm32h7xx_hal_rcc_ex.o
                0x08005db4                HAL_RCCEx_PeriphCLKConfig
 .text.HAL_RCCEx_GetPeriphCLKFreq
                0x08007130      0x9b0 ./Drivers/STM32H7xx_HAL_Driver/Src/stm32h7xx_hal_rcc_ex.o
                0x08007130                HAL_RCCEx_GetPeriphCLKFreq
 .text.HAL_RCCEx_GetD3PCLK1Freq
                0x08007ae0       0x2c ./Drivers/STM32H7xx_HAL_Driver/Src/stm32h7xx_hal_rcc_ex.o
                0x08007ae0                HAL_RCCEx_GetD3PCLK1Freq
 .text.HAL_RCCEx_GetPLL2ClockFreq
                0x08007b0c      0x2a8 ./Drivers/STM32H7xx_HAL_Driver/Src/stm32h7xx_hal_rcc_ex.o
                0x08007b0c                HAL_RCCEx_GetPLL2ClockFreq
 .text.HAL_RCCEx_GetPLL3ClockFreq
                0x08007db4      0x2a8 ./Drivers/STM32H7xx_HAL_Driver/Src/stm32h7xx_hal_rcc_ex.o
                0x08007db4                HAL_RCCEx_GetPLL3ClockFreq
 .text.HAL_RCCEx_GetPLL1ClockFreq
                0x0800805c      0x2a4 ./Drivers/STM32H7xx_HAL_Driver/Src/stm32h7xx_hal_rcc_ex.o
                0x0800805c                HAL_RCCEx_GetPLL1ClockFreq
 .text.RCCEx_PLL2_Config
                0x08008300      0x164 ./Drivers/STM32H7xx_HAL_Driver/Src/stm32h7xx_hal_rcc_ex.o
 .text.RCCEx_PLL3_Config
                0x08008464      0x164 ./Drivers/STM32H7xx_HAL_Driver/Src/stm32h7xx_hal_rcc_ex.o
 .text.HAL_SDRAM_Init
                0x080085c8       0x78 ./Drivers/STM32H7xx_HAL_Driver/Src/stm32h7xx_hal_sdram.o
                0x080085c8                HAL_SDRAM_Init
 .text.HAL_SDRAM_SendCommand
                0x08008640       0x6a ./Drivers/STM32H7xx_HAL_Driver/Src/stm32h7xx_hal_sdram.o
                0x08008640                HAL_SDRAM_SendCommand
 *fill*         0x080086aa        0x2 
 .text.HAL_SPDIFRX_Init
                0x080086ac       0xdc ./Drivers/STM32H7xx_HAL_Driver/Src/stm32h7xx_hal_spdifrx.o
                0x080086ac                HAL_SPDIFRX_Init
 .text.HAL_SPDIFRX_IRQHandler
                0x08008788       0xc0 ./Drivers/STM32H7xx_HAL_Driver/Src/stm32h7xx_hal_spdifrx.o
                0x08008788                HAL_SPDIFRX_IRQHandler
 .text.HAL_SPDIFRX_RxCpltCallback
                0x08008848       0x14 ./Drivers/STM32H7xx_HAL_Driver/Src/stm32h7xx_hal_spdifrx.o
                0x08008848                HAL_SPDIFRX_RxCpltCallback
 .text.HAL_SPDIFRX_CxCpltCallback
                0x0800885c       0x14 ./Drivers/STM32H7xx_HAL_Driver/Src/stm32h7xx_hal_spdifrx.o
                0x0800885c                HAL_SPDIFRX_CxCpltCallback
 .text.HAL_SPDIFRX_ErrorCallback
                0x08008870       0x14 ./Drivers/STM32H7xx_HAL_Driver/Src/stm32h7xx_hal_spdifrx.o
                0x08008870                HAL_SPDIFRX_ErrorCallback
 .text.SPDIFRX_ReceiveDataFlow_IT
                0x08008884       0x66 ./Drivers/STM32H7xx_HAL_Driver/Src/stm32h7xx_hal_spdifrx.o
 .text.SPDIFRX_ReceiveControlFlow_IT
                0x080088ea       0x66 ./Drivers/STM32H7xx_HAL_Driver/Src/stm32h7xx_hal_spdifrx.o
 .text.HAL_TIM_Base_Init
                0x08008950       0xae ./Drivers/STM32H7xx_HAL_Driver/Src/stm32h7xx_hal_tim.o
                0x08008950                HAL_TIM_Base_Init
 .text.HAL_TIM_IRQHandler
                0x080089fe      0x20e ./Drivers/STM32H7xx_HAL_Driver/Src/stm32h7xx_hal_tim.o
                0x080089fe                HAL_TIM_IRQHandler
 .text.HAL_TIM_ConfigClockSource
                0x08008c0c      0x1f0 ./Drivers/STM32H7xx_HAL_Driver/Src/stm32h7xx_hal_tim.o
                0x08008c0c                HAL_TIM_ConfigClockSource
 .text.HAL_TIM_PeriodElapsedCallback
                0x08008dfc       0x14 ./Drivers/STM32H7xx_HAL_Driver/Src/stm32h7xx_hal_tim.o
                0x08008dfc                HAL_TIM_PeriodElapsedCallback
 .text.HAL_TIM_OC_DelayElapsedCallback
                0x08008e10       0x14 ./Drivers/STM32H7xx_HAL_Driver/Src/stm32h7xx_hal_tim.o
                0x08008e10                HAL_TIM_OC_DelayElapsedCallback
 .text.HAL_TIM_IC_CaptureCallback
                0x08008e24       0x14 ./Drivers/STM32H7xx_HAL_Driver/Src/stm32h7xx_hal_tim.o
                0x08008e24                HAL_TIM_IC_CaptureCallback
 .text.HAL_TIM_PWM_PulseFinishedCallback
                0x08008e38       0x14 ./Drivers/STM32H7xx_HAL_Driver/Src/stm32h7xx_hal_tim.o
                0x08008e38                HAL_TIM_PWM_PulseFinishedCallback
 .text.HAL_TIM_TriggerCallback
                0x08008e4c       0x14 ./Drivers/STM32H7xx_HAL_Driver/Src/stm32h7xx_hal_tim.o
                0x08008e4c                HAL_TIM_TriggerCallback
 .text.TIM_Base_SetConfig
                0x08008e60      0x140 ./Drivers/STM32H7xx_HAL_Driver/Src/stm32h7xx_hal_tim.o
                0x08008e60                TIM_Base_SetConfig
 .text.TIM_TI1_ConfigInputStage
                0x08008fa0       0x5e ./Drivers/STM32H7xx_HAL_Driver/Src/stm32h7xx_hal_tim.o
 .text.TIM_TI2_ConfigInputStage
                0x08008ffe       0x60 ./Drivers/STM32H7xx_HAL_Driver/Src/stm32h7xx_hal_tim.o
 *fill*         0x0800905e        0x2 
 .text.TIM_ITRx_SetConfig
                0x08009060       0x3c ./Drivers/STM32H7xx_HAL_Driver/Src/stm32h7xx_hal_tim.o
 .text.TIM_ETR_SetConfig
                0x0800909c       0x40 ./Drivers/STM32H7xx_HAL_Driver/Src/stm32h7xx_hal_tim.o
                0x0800909c                TIM_ETR_SetConfig
 .text.HAL_TIMEx_MasterConfigSynchronization
                0x080090dc      0x11c ./Drivers/STM32H7xx_HAL_Driver/Src/stm32h7xx_hal_tim_ex.o
                0x080090dc                HAL_TIMEx_MasterConfigSynchronization
 .text.HAL_TIMEx_CommutCallback
                0x080091f8       0x14 ./Drivers/STM32H7xx_HAL_Driver/Src/stm32h7xx_hal_tim_ex.o
                0x080091f8                HAL_TIMEx_CommutCallback
 .text.HAL_TIMEx_BreakCallback
                0x0800920c       0x14 ./Drivers/STM32H7xx_HAL_Driver/Src/stm32h7xx_hal_tim_ex.o
                0x0800920c                HAL_TIMEx_BreakCallback
 .text.HAL_TIMEx_Break2Callback
                0x08009220       0x14 ./Drivers/STM32H7xx_HAL_Driver/Src/stm32h7xx_hal_tim_ex.o
                0x08009220                HAL_TIMEx_Break2Callback
 .text.FMC_NAND_Init
                0x08009234       0x54 ./Drivers/STM32H7xx_HAL_Driver/Src/stm32h7xx_ll_fmc.o
                0x08009234                FMC_NAND_Init
 .text.FMC_NAND_CommonSpace_Timing_Init
                0x08009288       0x3a ./Drivers/STM32H7xx_HAL_Driver/Src/stm32h7xx_ll_fmc.o
                0x08009288                FMC_NAND_CommonSpace_Timing_Init
 .text.FMC_NAND_AttributeSpace_Timing_Init
                0x080092c2       0x3a ./Drivers/STM32H7xx_HAL_Driver/Src/stm32h7xx_ll_fmc.o
                0x080092c2                FMC_NAND_AttributeSpace_Timing_Init
 .text.FMC_SDRAM_Init
                0x080092fc       0xb8 ./Drivers/STM32H7xx_HAL_Driver/Src/stm32h7xx_ll_fmc.o
                0x080092fc                FMC_SDRAM_Init
 .text.FMC_SDRAM_Timing_Init
                0x080093b4       0xd4 ./Drivers/STM32H7xx_HAL_Driver/Src/stm32h7xx_ll_fmc.o
                0x080093b4                FMC_SDRAM_Timing_Init
 .text.FMC_SDRAM_SendCommand
                0x08009488       0x48 ./Drivers/STM32H7xx_HAL_Driver/Src/stm32h7xx_ll_fmc.o
                0x08009488                FMC_SDRAM_SendCommand
 .text.USB_CoreInit
                0x080094d0       0xe4 ./Drivers/STM32H7xx_HAL_Driver/Src/stm32h7xx_ll_usb.o
                0x080094d0                USB_CoreInit
 .text.USB_SetTurnaroundTime
                0x080095b4      0x144 ./Drivers/STM32H7xx_HAL_Driver/Src/stm32h7xx_ll_usb.o
                0x080095b4                USB_SetTurnaroundTime
 .text.USB_EnableGlobalInt
                0x080096f8       0x22 ./Drivers/STM32H7xx_HAL_Driver/Src/stm32h7xx_ll_usb.o
                0x080096f8                USB_EnableGlobalInt
 .text.USB_DisableGlobalInt
                0x0800971a       0x22 ./Drivers/STM32H7xx_HAL_Driver/Src/stm32h7xx_ll_usb.o
                0x0800971a                USB_DisableGlobalInt
 .text.USB_SetCurrentMode
                0x0800973c       0x98 ./Drivers/STM32H7xx_HAL_Driver/Src/stm32h7xx_ll_usb.o
                0x0800973c                USB_SetCurrentMode
 .text.USB_DevInit
                0x080097d4      0x2bc ./Drivers/STM32H7xx_HAL_Driver/Src/stm32h7xx_ll_usb.o
                0x080097d4                USB_DevInit
 .text.USB_FlushTxFifo
                0x08009a90       0x64 ./Drivers/STM32H7xx_HAL_Driver/Src/stm32h7xx_ll_usb.o
                0x08009a90                USB_FlushTxFifo
 .text.USB_FlushRxFifo
                0x08009af4       0x5c ./Drivers/STM32H7xx_HAL_Driver/Src/stm32h7xx_ll_usb.o
                0x08009af4                USB_FlushRxFifo
 .text.USB_SetDevSpeed
                0x08009b50       0x32 ./Drivers/STM32H7xx_HAL_Driver/Src/stm32h7xx_ll_usb.o
                0x08009b50                USB_SetDevSpeed
 .text.USB_GetDevSpeed
                0x08009b82       0x4a ./Drivers/STM32H7xx_HAL_Driver/Src/stm32h7xx_ll_usb.o
                0x08009b82                USB_GetDevSpeed
 .text.USB_ActivateEndpoint
                0x08009bcc      0x110 ./Drivers/STM32H7xx_HAL_Driver/Src/stm32h7xx_ll_usb.o
                0x08009bcc                USB_ActivateEndpoint
 .text.USB_DeactivateEndpoint
                0x08009cdc      0x1b8 ./Drivers/STM32H7xx_HAL_Driver/Src/stm32h7xx_ll_usb.o
                0x08009cdc                USB_DeactivateEndpoint
 .text.USB_EPStartXfer
                0x08009e94      0x548 ./Drivers/STM32H7xx_HAL_Driver/Src/stm32h7xx_ll_usb.o
                0x08009e94                USB_EPStartXfer
 .text.USB_EPStopXfer
                0x0800a3dc      0x154 ./Drivers/STM32H7xx_HAL_Driver/Src/stm32h7xx_ll_usb.o
                0x0800a3dc                USB_EPStopXfer
 .text.USB_WritePacket
                0x0800a530       0x7c ./Drivers/STM32H7xx_HAL_Driver/Src/stm32h7xx_ll_usb.o
                0x0800a530                USB_WritePacket
 .text.USB_ReadPacket
                0x0800a5ac       0xb0 ./Drivers/STM32H7xx_HAL_Driver/Src/stm32h7xx_ll_usb.o
                0x0800a5ac                USB_ReadPacket
 .text.USB_EPSetStall
                0x0800a65c       0xdc ./Drivers/STM32H7xx_HAL_Driver/Src/stm32h7xx_ll_usb.o
                0x0800a65c                USB_EPSetStall
 .text.USB_EPClearStall
                0x0800a738       0xcc ./Drivers/STM32H7xx_HAL_Driver/Src/stm32h7xx_ll_usb.o
                0x0800a738                USB_EPClearStall
 .text.USB_SetDevAddress
                0x0800a804       0x4c ./Drivers/STM32H7xx_HAL_Driver/Src/stm32h7xx_ll_usb.o
                0x0800a804                USB_SetDevAddress
 .text.USB_DevConnect
                0x0800a850       0x42 ./Drivers/STM32H7xx_HAL_Driver/Src/stm32h7xx_ll_usb.o
                0x0800a850                USB_DevConnect
 .text.USB_DevDisconnect
                0x0800a892       0x42 ./Drivers/STM32H7xx_HAL_Driver/Src/stm32h7xx_ll_usb.o
                0x0800a892                USB_DevDisconnect
 .text.USB_ReadInterrupts
                0x0800a8d4       0x26 ./Drivers/STM32H7xx_HAL_Driver/Src/stm32h7xx_ll_usb.o
                0x0800a8d4                USB_ReadInterrupts
 .text.USB_ReadDevAllOutEpInterrupt
                0x0800a8fa       0x34 ./Drivers/STM32H7xx_HAL_Driver/Src/stm32h7xx_ll_usb.o
                0x0800a8fa                USB_ReadDevAllOutEpInterrupt
 .text.USB_ReadDevAllInEpInterrupt
                0x0800a92e       0x34 ./Drivers/STM32H7xx_HAL_Driver/Src/stm32h7xx_ll_usb.o
                0x0800a92e                USB_ReadDevAllInEpInterrupt
 .text.USB_ReadDevOutEPInterrupt
                0x0800a962       0x3c ./Drivers/STM32H7xx_HAL_Driver/Src/stm32h7xx_ll_usb.o
                0x0800a962                USB_ReadDevOutEPInterrupt
 .text.USB_ReadDevInEPInterrupt
                0x0800a99e       0x5c ./Drivers/STM32H7xx_HAL_Driver/Src/stm32h7xx_ll_usb.o
                0x0800a99e                USB_ReadDevInEPInterrupt
 .text.USB_GetMode
                0x0800a9fa       0x1c ./Drivers/STM32H7xx_HAL_Driver/Src/stm32h7xx_ll_usb.o
                0x0800a9fa                USB_GetMode
 *fill*         0x0800aa16        0x2 
 .text.USB_ActivateSetup
                0x0800aa18       0x48 ./Drivers/STM32H7xx_HAL_Driver/Src/stm32h7xx_ll_usb.o
                0x0800aa18                USB_ActivateSetup
 .text.USB_EP0_OutStart
                0x0800aa60       0xbc ./Drivers/STM32H7xx_HAL_Driver/Src/stm32h7xx_ll_usb.o
                0x0800aa60                USB_EP0_OutStart
 .text.USB_CoreReset
                0x0800ab1c       0x62 ./Drivers/STM32H7xx_HAL_Driver/Src/stm32h7xx_ll_usb.o
 *fill*         0x0800ab7e        0x2 
 .text.USBD_CDC_Init
                0x0800ab80      0x1f0 ./Middlewares/ST/STM32_USB_Device_Library/Class/CDC/Src/usbd_cdc.o
 .text.USBD_CDC_DeInit
                0x0800ad70      0x104 ./Middlewares/ST/STM32_USB_Device_Library/Class/CDC/Src/usbd_cdc.o
 .text.USBD_CDC_Setup
                0x0800ae74      0x1b8 ./Middlewares/ST/STM32_USB_Device_Library/Class/CDC/Src/usbd_cdc.o
 .text.USBD_CDC_DataIn
                0x0800b02c       0xfe ./Middlewares/ST/STM32_USB_Device_Library/Class/CDC/Src/usbd_cdc.o
 .text.USBD_CDC_DataOut
                0x0800b12a       0x70 ./Middlewares/ST/STM32_USB_Device_Library/Class/CDC/Src/usbd_cdc.o
 .text.USBD_CDC_EP0_RxReady
                0x0800b19a       0x74 ./Middlewares/ST/STM32_USB_Device_Library/Class/CDC/Src/usbd_cdc.o
 *fill*         0x0800b20e        0x2 
 .text.USBD_CDC_GetFSCfgDesc
                0x0800b210       0x70 ./Middlewares/ST/STM32_USB_Device_Library/Class/CDC/Src/usbd_cdc.o
 .text.USBD_CDC_GetHSCfgDesc
                0x0800b280       0x70 ./Middlewares/ST/STM32_USB_Device_Library/Class/CDC/Src/usbd_cdc.o
 .text.USBD_CDC_GetOtherSpeedCfgDesc
                0x0800b2f0       0x70 ./Middlewares/ST/STM32_USB_Device_Library/Class/CDC/Src/usbd_cdc.o
 .text.USBD_CDC_GetDeviceQualifierDescriptor
                0x0800b360       0x20 ./Middlewares/ST/STM32_USB_Device_Library/Class/CDC/Src/usbd_cdc.o
                0x0800b360                USBD_CDC_GetDeviceQualifierDescriptor
 .text.USBD_CDC_RegisterInterface
                0x0800b380       0x34 ./Middlewares/ST/STM32_USB_Device_Library/Class/CDC/Src/usbd_cdc.o
                0x0800b380                USBD_CDC_RegisterInterface
 .text.USBD_CDC_SetTxBuffer
                0x0800b3b4       0x44 ./Middlewares/ST/STM32_USB_Device_Library/Class/CDC/Src/usbd_cdc.o
                0x0800b3b4                USBD_CDC_SetTxBuffer
 .text.USBD_CDC_SetRxBuffer
                0x0800b3f8       0x3a ./Middlewares/ST/STM32_USB_Device_Library/Class/CDC/Src/usbd_cdc.o
                0x0800b3f8                USBD_CDC_SetRxBuffer
 *fill*         0x0800b432        0x2 
 .text.USBD_CDC_TransmitPacket
                0x0800b434       0x80 ./Middlewares/ST/STM32_USB_Device_Library/Class/CDC/Src/usbd_cdc.o
                0x0800b434                USBD_CDC_TransmitPacket
 .text.USBD_CDC_ReceivePacket
                0x0800b4b4       0x6c ./Middlewares/ST/STM32_USB_Device_Library/Class/CDC/Src/usbd_cdc.o
                0x0800b4b4                USBD_CDC_ReceivePacket
 .text.USBD_Init
                0x0800b520       0x7c ./Middlewares/ST/STM32_USB_Device_Library/Core/Src/usbd_core.o
                0x0800b520                USBD_Init
 .text.USBD_RegisterClass
                0x0800b59c       0x88 ./Middlewares/ST/STM32_USB_Device_Library/Core/Src/usbd_core.o
                0x0800b59c                USBD_RegisterClass
 .text.USBD_Start
                0x0800b624       0x18 ./Middlewares/ST/STM32_USB_Device_Library/Core/Src/usbd_core.o
                0x0800b624                USBD_Start
 .text.USBD_RunTestMode
                0x0800b63c       0x16 ./Middlewares/ST/STM32_USB_Device_Library/Core/Src/usbd_core.o
                0x0800b63c                USBD_RunTestMode
 .text.USBD_SetClassConfig
                0x0800b652       0x38 ./Middlewares/ST/STM32_USB_Device_Library/Core/Src/usbd_core.o
                0x0800b652                USBD_SetClassConfig
 .text.USBD_ClrClassConfig
                0x0800b68a       0x34 ./Middlewares/ST/STM32_USB_Device_Library/Core/Src/usbd_core.o
                0x0800b68a                USBD_ClrClassConfig
 .text.USBD_LL_SetupStage
                0x0800b6be       0xaa ./Middlewares/ST/STM32_USB_Device_Library/Core/Src/usbd_core.o
                0x0800b6be                USBD_LL_SetupStage
 .text.USBD_LL_DataOutStage
                0x0800b768      0x166 ./Middlewares/ST/STM32_USB_Device_Library/Core/Src/usbd_core.o
                0x0800b768                USBD_LL_DataOutStage
 .text.USBD_LL_DataInStage
                0x0800b8ce      0x164 ./Middlewares/ST/STM32_USB_Device_Library/Core/Src/usbd_core.o
                0x0800b8ce                USBD_LL_DataInStage
 .text.USBD_LL_Reset
                0x0800ba32       0xa4 ./Middlewares/ST/STM32_USB_Device_Library/Core/Src/usbd_core.o
                0x0800ba32                USBD_LL_Reset
 .text.USBD_LL_SetSpeed
                0x0800bad6       0x20 ./Middlewares/ST/STM32_USB_Device_Library/Core/Src/usbd_core.o
                0x0800bad6                USBD_LL_SetSpeed
 .text.USBD_LL_Suspend
                0x0800baf6       0x38 ./Middlewares/ST/STM32_USB_Device_Library/Core/Src/usbd_core.o
                0x0800baf6                USBD_LL_Suspend
 .text.USBD_LL_Resume
                0x0800bb2e       0x30 ./Middlewares/ST/STM32_USB_Device_Library/Core/Src/usbd_core.o
                0x0800bb2e                USBD_LL_Resume
 .text.USBD_LL_SOF
                0x0800bb5e       0x40 ./Middlewares/ST/STM32_USB_Device_Library/Core/Src/usbd_core.o
                0x0800bb5e                USBD_LL_SOF
 .text.USBD_LL_IsoINIncomplete
                0x0800bb9e       0x64 ./Middlewares/ST/STM32_USB_Device_Library/Core/Src/usbd_core.o
                0x0800bb9e                USBD_LL_IsoINIncomplete
 .text.USBD_LL_IsoOUTIncomplete
                0x0800bc02       0x64 ./Middlewares/ST/STM32_USB_Device_Library/Core/Src/usbd_core.o
                0x0800bc02                USBD_LL_IsoOUTIncomplete
 .text.USBD_LL_DevConnected
                0x0800bc66       0x16 ./Middlewares/ST/STM32_USB_Device_Library/Core/Src/usbd_core.o
                0x0800bc66                USBD_LL_DevConnected
 .text.USBD_LL_DevDisconnected
                0x0800bc7c       0x46 ./Middlewares/ST/STM32_USB_Device_Library/Core/Src/usbd_core.o
                0x0800bc7c                USBD_LL_DevDisconnected
 .text.USBD_CoreFindIF
                0x0800bcc2       0x1a ./Middlewares/ST/STM32_USB_Device_Library/Core/Src/usbd_core.o
                0x0800bcc2                USBD_CoreFindIF
 .text.USBD_CoreFindEP
                0x0800bcdc       0x1a ./Middlewares/ST/STM32_USB_Device_Library/Core/Src/usbd_core.o
                0x0800bcdc                USBD_CoreFindEP
 .text.USBD_GetEpDesc
                0x0800bcf6       0x70 ./Middlewares/ST/STM32_USB_Device_Library/Core/Src/usbd_core.o
                0x0800bcf6                USBD_GetEpDesc
 .text.USBD_GetNextDesc
                0x0800bd66       0x38 ./Middlewares/ST/STM32_USB_Device_Library/Core/Src/usbd_core.o
                0x0800bd66                USBD_GetNextDesc
 .text.SWAPBYTE
                0x0800bd9e       0x3c ./Middlewares/ST/STM32_USB_Device_Library/Core/Src/usbd_ctlreq.o
 *fill*         0x0800bdda        0x2 
 .text.USBD_StdDevReq
                0x0800bddc       0xe4 ./Middlewares/ST/STM32_USB_Device_Library/Core/Src/usbd_ctlreq.o
                0x0800bddc                USBD_StdDevReq
 .text.USBD_StdItfReq
                0x0800bec0       0xd8 ./Middlewares/ST/STM32_USB_Device_Library/Core/Src/usbd_ctlreq.o
                0x0800bec0                USBD_StdItfReq
 .text.USBD_StdEPReq
                0x0800bf98      0x33a ./Middlewares/ST/STM32_USB_Device_Library/Core/Src/usbd_ctlreq.o
                0x0800bf98                USBD_StdEPReq
 *fill*         0x0800c2d2        0x2 
 .text.USBD_GetDescriptor
                0x0800c2d4      0x328 ./Middlewares/ST/STM32_USB_Device_Library/Core/Src/usbd_ctlreq.o
 .text.USBD_SetAddress
                0x0800c5fc       0x88 ./Middlewares/ST/STM32_USB_Device_Library/Core/Src/usbd_ctlreq.o
 .text.USBD_SetConfig
                0x0800c684      0x154 ./Middlewares/ST/STM32_USB_Device_Library/Core/Src/usbd_ctlreq.o
 .text.USBD_GetConfig
                0x0800c7d8       0x6c ./Middlewares/ST/STM32_USB_Device_Library/Core/Src/usbd_ctlreq.o
 .text.USBD_GetStatus
                0x0800c844       0x68 ./Middlewares/ST/STM32_USB_Device_Library/Core/Src/usbd_ctlreq.o
 .text.USBD_SetFeature
                0x0800c8ac       0x52 ./Middlewares/ST/STM32_USB_Device_Library/Core/Src/usbd_ctlreq.o
 .text.USBD_ClrFeature
                0x0800c8fe       0x44 ./Middlewares/ST/STM32_USB_Device_Library/Core/Src/usbd_ctlreq.o
 .text.USBD_ParseSetupRequest
                0x0800c942       0x74 ./Middlewares/ST/STM32_USB_Device_Library/Core/Src/usbd_ctlreq.o
                0x0800c942                USBD_ParseSetupRequest
 .text.USBD_CtlError
                0x0800c9b6       0x22 ./Middlewares/ST/STM32_USB_Device_Library/Core/Src/usbd_ctlreq.o
                0x0800c9b6                USBD_CtlError
 .text.USBD_GetString
                0x0800c9d8       0xa4 ./Middlewares/ST/STM32_USB_Device_Library/Core/Src/usbd_ctlreq.o
                0x0800c9d8                USBD_GetString
 .text.USBD_GetLen
                0x0800ca7c       0x34 ./Middlewares/ST/STM32_USB_Device_Library/Core/Src/usbd_ctlreq.o
 .text.USBD_CtlSendData
                0x0800cab0       0x36 ./Middlewares/ST/STM32_USB_Device_Library/Core/Src/usbd_ioreq.o
                0x0800cab0                USBD_CtlSendData
 .text.USBD_CtlContinueSendData
                0x0800cae6       0x22 ./Middlewares/ST/STM32_USB_Device_Library/Core/Src/usbd_ioreq.o
                0x0800cae6                USBD_CtlContinueSendData
 .text.USBD_CtlPrepareRx
                0x0800cb08       0x3a ./Middlewares/ST/STM32_USB_Device_Library/Core/Src/usbd_ioreq.o
                0x0800cb08                USBD_CtlPrepareRx
 .text.USBD_CtlContinueRx
                0x0800cb42       0x22 ./Middlewares/ST/STM32_USB_Device_Library/Core/Src/usbd_ioreq.o
                0x0800cb42                USBD_CtlContinueRx
 .text.USBD_CtlSendStatus
                0x0800cb64       0x26 ./Middlewares/ST/STM32_USB_Device_Library/Core/Src/usbd_ioreq.o
                0x0800cb64                USBD_CtlSendStatus
 .text.USBD_CtlReceiveStatus
                0x0800cb8a       0x26 ./Middlewares/ST/STM32_USB_Device_Library/Core/Src/usbd_ioreq.o
                0x0800cb8a                USBD_CtlReceiveStatus
 .text.MX_USB_DEVICE_Init
                0x0800cbb0       0x64 ./USB_DEVICE/App/usb_device.o
                0x0800cbb0                MX_USB_DEVICE_Init
 .text.CDC_Init_HS
                0x0800cc14       0x28 ./USB_DEVICE/App/usbd_cdc_if.o
 .text.CDC_DeInit_HS
                0x0800cc3c       0x10 ./USB_DEVICE/App/usbd_cdc_if.o
 .text.CDC_Control_HS
                0x0800cc4c       0xbc ./USB_DEVICE/App/usbd_cdc_if.o
 .text.CDC_Receive_HS
                0x0800cd08       0x28 ./USB_DEVICE/App/usbd_cdc_if.o
 .text.CDC_Transmit_HS
                0x0800cd30       0x4c ./USB_DEVICE/App/usbd_cdc_if.o
                0x0800cd30                CDC_Transmit_HS
 .text.CDC_TransmitCplt_HS
                0x0800cd7c       0x22 ./USB_DEVICE/App/usbd_cdc_if.o
 *fill*         0x0800cd9e        0x2 
 .text.USBD_HS_DeviceDescriptor
                0x0800cda0       0x24 ./USB_DEVICE/App/usbd_desc.o
                0x0800cda0                USBD_HS_DeviceDescriptor
 .text.USBD_HS_LangIDStrDescriptor
                0x0800cdc4       0x24 ./USB_DEVICE/App/usbd_desc.o
                0x0800cdc4                USBD_HS_LangIDStrDescriptor
 .text.USBD_HS_ProductStrDescriptor
                0x0800cde8       0x3c ./USB_DEVICE/App/usbd_desc.o
                0x0800cde8                USBD_HS_ProductStrDescriptor
 .text.USBD_HS_ManufacturerStrDescriptor
                0x0800ce24       0x28 ./USB_DEVICE/App/usbd_desc.o
                0x0800ce24                USBD_HS_ManufacturerStrDescriptor
 .text.USBD_HS_SerialStrDescriptor
                0x0800ce4c       0x24 ./USB_DEVICE/App/usbd_desc.o
                0x0800ce4c                USBD_HS_SerialStrDescriptor
 .text.USBD_HS_ConfigStrDescriptor
                0x0800ce70       0x3c ./USB_DEVICE/App/usbd_desc.o
                0x0800ce70                USBD_HS_ConfigStrDescriptor
 .text.USBD_HS_InterfaceStrDescriptor
                0x0800ceac       0x3c ./USB_DEVICE/App/usbd_desc.o
                0x0800ceac                USBD_HS_InterfaceStrDescriptor
 .text.Get_SerialNum
                0x0800cee8       0x58 ./USB_DEVICE/App/usbd_desc.o
 .text.IntToUnicode
                0x0800cf40       0x7e ./USB_DEVICE/App/usbd_desc.o
 *fill*         0x0800cfbe        0x2 
 .text.HAL_PCD_MspInit
                0x0800cfc0      0x14c ./USB_DEVICE/Target/usbd_conf.o
                0x0800cfc0                HAL_PCD_MspInit
 .text.HAL_PCD_SetupStageCallback
                0x0800d10c       0x24 ./USB_DEVICE/Target/usbd_conf.o
                0x0800d10c                HAL_PCD_SetupStageCallback
 .text.HAL_PCD_DataOutStageCallback
                0x0800d130       0x36 ./USB_DEVICE/Target/usbd_conf.o
                0x0800d130                HAL_PCD_DataOutStageCallback
 .text.HAL_PCD_DataInStageCallback
                0x0800d166       0x34 ./USB_DEVICE/Target/usbd_conf.o
                0x0800d166                HAL_PCD_DataInStageCallback
 .text.HAL_PCD_SOFCallback
                0x0800d19a       0x1c ./USB_DEVICE/Target/usbd_conf.o
                0x0800d19a                HAL_PCD_SOFCallback
 .text.HAL_PCD_ResetCallback
                0x0800d1b6       0x50 ./USB_DEVICE/Target/usbd_conf.o
                0x0800d1b6                HAL_PCD_ResetCallback
 *fill*         0x0800d206        0x2 
 .text.HAL_PCD_SuspendCallback
                0x0800d208       0x4c ./USB_DEVICE/Target/usbd_conf.o
                0x0800d208                HAL_PCD_SuspendCallback
 .text.HAL_PCD_ResumeCallback
                0x0800d254       0x1c ./USB_DEVICE/Target/usbd_conf.o
                0x0800d254                HAL_PCD_ResumeCallback
 .text.HAL_PCD_ISOOUTIncompleteCallback
                0x0800d270       0x24 ./USB_DEVICE/Target/usbd_conf.o
                0x0800d270                HAL_PCD_ISOOUTIncompleteCallback
 .text.HAL_PCD_ISOINIncompleteCallback
                0x0800d294       0x24 ./USB_DEVICE/Target/usbd_conf.o
                0x0800d294                HAL_PCD_ISOINIncompleteCallback
 .text.HAL_PCD_ConnectCallback
                0x0800d2b8       0x1c ./USB_DEVICE/Target/usbd_conf.o
                0x0800d2b8                HAL_PCD_ConnectCallback
 .text.HAL_PCD_DisconnectCallback
                0x0800d2d4       0x1c ./USB_DEVICE/Target/usbd_conf.o
                0x0800d2d4                HAL_PCD_DisconnectCallback
 .text.USBD_LL_Init
                0x0800d2f0       0xa4 ./USB_DEVICE/Target/usbd_conf.o
                0x0800d2f0                USBD_LL_Init
 .text.USBD_LL_Start
                0x0800d394       0x36 ./USB_DEVICE/Target/usbd_conf.o
                0x0800d394                USBD_LL_Start
 .text.USBD_LL_OpenEP
                0x0800d3ca       0x4c ./USB_DEVICE/Target/usbd_conf.o
                0x0800d3ca                USBD_LL_OpenEP
 .text.USBD_LL_CloseEP
                0x0800d416       0x3e ./USB_DEVICE/Target/usbd_conf.o
                0x0800d416                USBD_LL_CloseEP
 .text.USBD_LL_StallEP
                0x0800d454       0x3e ./USB_DEVICE/Target/usbd_conf.o
                0x0800d454                USBD_LL_StallEP
 .text.USBD_LL_ClearStallEP
                0x0800d492       0x3e ./USB_DEVICE/Target/usbd_conf.o
                0x0800d492                USBD_LL_ClearStallEP
 .text.USBD_LL_IsStallEP
                0x0800d4d0       0x58 ./USB_DEVICE/Target/usbd_conf.o
                0x0800d4d0                USBD_LL_IsStallEP
 .text.USBD_LL_SetUSBAddress
                0x0800d528       0x3e ./USB_DEVICE/Target/usbd_conf.o
                0x0800d528                USBD_LL_SetUSBAddress
 .text.USBD_LL_Transmit
                0x0800d566       0x42 ./USB_DEVICE/Target/usbd_conf.o
                0x0800d566                USBD_LL_Transmit
 .text.USBD_LL_PrepareReceive
                0x0800d5a8       0x42 ./USB_DEVICE/Target/usbd_conf.o
                0x0800d5a8                USBD_LL_PrepareReceive
 .text.USBD_LL_GetRxDataSize
                0x0800d5ea       0x26 ./USB_DEVICE/Target/usbd_conf.o
                0x0800d5ea                USBD_LL_GetRxDataSize
 .text.USBD_static_malloc
                0x0800d610       0x1c ./USB_DEVICE/Target/usbd_conf.o
                0x0800d610                USBD_static_malloc
 .text.USBD_static_free
                0x0800d62c       0x14 ./USB_DEVICE/Target/usbd_conf.o
                0x0800d62c                USBD_static_free
 .text.USBD_Get_USB_Status
                0x0800d640       0x58 ./USB_DEVICE/Target/usbd_conf.o
                0x0800d640                USBD_Get_USB_Status
 .text.std      0x0800d698       0x6c C:/ST/STM32CubeIDE_1.16.1/STM32CubeIDE/plugins/com.st.stm32cube.ide.mcu.externaltools.gnu-tools-for-stm32.12.3.rel1.win32_1.0.200.202406191623/tools/bin/../lib/gcc/arm-none-eabi/12.3.1/../../../../arm-none-eabi/lib/thumb/v7e-m+dp/hard\libc_nano.a(libc_a-findfp.o)
 .text.stdio_exit_handler
                0x0800d704       0x18 C:/ST/STM32CubeIDE_1.16.1/STM32CubeIDE/plugins/com.st.stm32cube.ide.mcu.externaltools.gnu-tools-for-stm32.12.3.rel1.win32_1.0.200.202406191623/tools/bin/../lib/gcc/arm-none-eabi/12.3.1/../../../../arm-none-eabi/lib/thumb/v7e-m+dp/hard\libc_nano.a(libc_a-findfp.o)
 .text.cleanup_stdio
                0x0800d71c       0x40 C:/ST/STM32CubeIDE_1.16.1/STM32CubeIDE/plugins/com.st.stm32cube.ide.mcu.externaltools.gnu-tools-for-stm32.12.3.rel1.win32_1.0.200.202406191623/tools/bin/../lib/gcc/arm-none-eabi/12.3.1/../../../../arm-none-eabi/lib/thumb/v7e-m+dp/hard\libc_nano.a(libc_a-findfp.o)
 .text.global_stdio_init.part.0
                0x0800d75c       0x3c C:/ST/STM32CubeIDE_1.16.1/STM32CubeIDE/plugins/com.st.stm32cube.ide.mcu.externaltools.gnu-tools-for-stm32.12.3.rel1.win32_1.0.200.202406191623/tools/bin/../lib/gcc/arm-none-eabi/12.3.1/../../../../arm-none-eabi/lib/thumb/v7e-m+dp/hard\libc_nano.a(libc_a-findfp.o)
 .text.__sfp_lock_acquire
                0x0800d798        0xc C:/ST/STM32CubeIDE_1.16.1/STM32CubeIDE/plugins/com.st.stm32cube.ide.mcu.externaltools.gnu-tools-for-stm32.12.3.rel1.win32_1.0.200.202406191623/tools/bin/../lib/gcc/arm-none-eabi/12.3.1/../../../../arm-none-eabi/lib/thumb/v7e-m+dp/hard\libc_nano.a(libc_a-findfp.o)
                0x0800d798                __sfp_lock_acquire
 .text.__sfp_lock_release
                0x0800d7a4        0xc C:/ST/STM32CubeIDE_1.16.1/STM32CubeIDE/plugins/com.st.stm32cube.ide.mcu.externaltools.gnu-tools-for-stm32.12.3.rel1.win32_1.0.200.202406191623/tools/bin/../lib/gcc/arm-none-eabi/12.3.1/../../../../arm-none-eabi/lib/thumb/v7e-m+dp/hard\libc_nano.a(libc_a-findfp.o)
                0x0800d7a4                __sfp_lock_release
 .text.__sinit  0x0800d7b0       0x30 C:/ST/STM32CubeIDE_1.16.1/STM32CubeIDE/plugins/com.st.stm32cube.ide.mcu.externaltools.gnu-tools-for-stm32.12.3.rel1.win32_1.0.200.202406191623/tools/bin/../lib/gcc/arm-none-eabi/12.3.1/../../../../arm-none-eabi/lib/thumb/v7e-m+dp/hard\libc_nano.a(libc_a-findfp.o)
                0x0800d7b0                __sinit
 .text._fwalk_sglue
                0x0800d7e0       0x3c C:/ST/STM32CubeIDE_1.16.1/STM32CubeIDE/plugins/com.st.stm32cube.ide.mcu.externaltools.gnu-tools-for-stm32.12.3.rel1.win32_1.0.200.202406191623/tools/bin/../lib/gcc/arm-none-eabi/12.3.1/../../../../arm-none-eabi/lib/thumb/v7e-m+dp/hard\libc_nano.a(libc_a-fwalk.o)
                0x0800d7e0                _fwalk_sglue
 .text.printf   0x0800d81c       0x24 C:/ST/STM32CubeIDE_1.16.1/STM32CubeIDE/plugins/com.st.stm32cube.ide.mcu.externaltools.gnu-tools-for-stm32.12.3.rel1.win32_1.0.200.202406191623/tools/bin/../lib/gcc/arm-none-eabi/12.3.1/../../../../arm-none-eabi/lib/thumb/v7e-m+dp/hard\libc_nano.a(libc_a-printf.o)
                0x0800d81c                iprintf
                0x0800d81c                printf
 .text.putchar  0x0800d840       0x10 C:/ST/STM32CubeIDE_1.16.1/STM32CubeIDE/plugins/com.st.stm32cube.ide.mcu.externaltools.gnu-tools-for-stm32.12.3.rel1.win32_1.0.200.202406191623/tools/bin/../lib/gcc/arm-none-eabi/12.3.1/../../../../arm-none-eabi/lib/thumb/v7e-m+dp/hard\libc_nano.a(libc_a-putchar.o)
                0x0800d840                putchar
 .text.sprintf  0x0800d850       0x40 C:/ST/STM32CubeIDE_1.16.1/STM32CubeIDE/plugins/com.st.stm32cube.ide.mcu.externaltools.gnu-tools-for-stm32.12.3.rel1.win32_1.0.200.202406191623/tools/bin/../lib/gcc/arm-none-eabi/12.3.1/../../../../arm-none-eabi/lib/thumb/v7e-m+dp/hard\libc_nano.a(libc_a-sprintf.o)
                0x0800d850                siprintf
                0x0800d850                sprintf
 .text.__sread  0x0800d890       0x22 C:/ST/STM32CubeIDE_1.16.1/STM32CubeIDE/plugins/com.st.stm32cube.ide.mcu.externaltools.gnu-tools-for-stm32.12.3.rel1.win32_1.0.200.202406191623/tools/bin/../lib/gcc/arm-none-eabi/12.3.1/../../../../arm-none-eabi/lib/thumb/v7e-m+dp/hard\libc_nano.a(libc_a-stdio.o)
                0x0800d890                __sread
 .text.__swrite
                0x0800d8b2       0x38 C:/ST/STM32CubeIDE_1.16.1/STM32CubeIDE/plugins/com.st.stm32cube.ide.mcu.externaltools.gnu-tools-for-stm32.12.3.rel1.win32_1.0.200.202406191623/tools/bin/../lib/gcc/arm-none-eabi/12.3.1/../../../../arm-none-eabi/lib/thumb/v7e-m+dp/hard\libc_nano.a(libc_a-stdio.o)
                0x0800d8b2                __swrite
 .text.__sseek  0x0800d8ea       0x24 C:/ST/STM32CubeIDE_1.16.1/STM32CubeIDE/plugins/com.st.stm32cube.ide.mcu.externaltools.gnu-tools-for-stm32.12.3.rel1.win32_1.0.200.202406191623/tools/bin/../lib/gcc/arm-none-eabi/12.3.1/../../../../arm-none-eabi/lib/thumb/v7e-m+dp/hard\libc_nano.a(libc_a-stdio.o)
                0x0800d8ea                __sseek
 .text.__sclose
                0x0800d90e        0x8 C:/ST/STM32CubeIDE_1.16.1/STM32CubeIDE/plugins/com.st.stm32cube.ide.mcu.externaltools.gnu-tools-for-stm32.12.3.rel1.win32_1.0.200.202406191623/tools/bin/../lib/gcc/arm-none-eabi/12.3.1/../../../../arm-none-eabi/lib/thumb/v7e-m+dp/hard\libc_nano.a(libc_a-stdio.o)
                0x0800d90e                __sclose
 .text.memset   0x0800d916       0x10 C:/ST/STM32CubeIDE_1.16.1/STM32CubeIDE/plugins/com.st.stm32cube.ide.mcu.externaltools.gnu-tools-for-stm32.12.3.rel1.win32_1.0.200.202406191623/tools/bin/../lib/gcc/arm-none-eabi/12.3.1/../../../../arm-none-eabi/lib/thumb/v7e-m+dp/hard\libc_nano.a(libc_a-memset.o)
                0x0800d916                memset
 *fill*         0x0800d926        0x2 
 .text._close_r
                0x0800d928       0x20 C:/ST/STM32CubeIDE_1.16.1/STM32CubeIDE/plugins/com.st.stm32cube.ide.mcu.externaltools.gnu-tools-for-stm32.12.3.rel1.win32_1.0.200.202406191623/tools/bin/../lib/gcc/arm-none-eabi/12.3.1/../../../../arm-none-eabi/lib/thumb/v7e-m+dp/hard\libc_nano.a(libc_a-closer.o)
                0x0800d928                _close_r
 .text._lseek_r
                0x0800d948       0x24 C:/ST/STM32CubeIDE_1.16.1/STM32CubeIDE/plugins/com.st.stm32cube.ide.mcu.externaltools.gnu-tools-for-stm32.12.3.rel1.win32_1.0.200.202406191623/tools/bin/../lib/gcc/arm-none-eabi/12.3.1/../../../../arm-none-eabi/lib/thumb/v7e-m+dp/hard\libc_nano.a(libc_a-lseekr.o)
                0x0800d948                _lseek_r
 .text._read_r  0x0800d96c       0x24 C:/ST/STM32CubeIDE_1.16.1/STM32CubeIDE/plugins/com.st.stm32cube.ide.mcu.externaltools.gnu-tools-for-stm32.12.3.rel1.win32_1.0.200.202406191623/tools/bin/../lib/gcc/arm-none-eabi/12.3.1/../../../../arm-none-eabi/lib/thumb/v7e-m+dp/hard\libc_nano.a(libc_a-readr.o)
                0x0800d96c                _read_r
 .text._write_r
                0x0800d990       0x24 C:/ST/STM32CubeIDE_1.16.1/STM32CubeIDE/plugins/com.st.stm32cube.ide.mcu.externaltools.gnu-tools-for-stm32.12.3.rel1.win32_1.0.200.202406191623/tools/bin/../lib/gcc/arm-none-eabi/12.3.1/../../../../arm-none-eabi/lib/thumb/v7e-m+dp/hard\libc_nano.a(libc_a-writer.o)
                0x0800d990                _write_r
 .text.__errno  0x0800d9b4        0xc C:/ST/STM32CubeIDE_1.16.1/STM32CubeIDE/plugins/com.st.stm32cube.ide.mcu.externaltools.gnu-tools-for-stm32.12.3.rel1.win32_1.0.200.202406191623/tools/bin/../lib/gcc/arm-none-eabi/12.3.1/../../../../arm-none-eabi/lib/thumb/v7e-m+dp/hard\libc_nano.a(libc_a-errno.o)
                0x0800d9b4                __errno
 .text.__libc_init_array
                0x0800d9c0       0x48 C:/ST/STM32CubeIDE_1.16.1/STM32CubeIDE/plugins/com.st.stm32cube.ide.mcu.externaltools.gnu-tools-for-stm32.12.3.rel1.win32_1.0.200.202406191623/tools/bin/../lib/gcc/arm-none-eabi/12.3.1/../../../../arm-none-eabi/lib/thumb/v7e-m+dp/hard\libc_nano.a(libc_a-init.o)
                0x0800d9c0                __libc_init_array
 .text.__retarget_lock_init_recursive
                0x0800da08        0x2 C:/ST/STM32CubeIDE_1.16.1/STM32CubeIDE/plugins/com.st.stm32cube.ide.mcu.externaltools.gnu-tools-for-stm32.12.3.rel1.win32_1.0.200.202406191623/tools/bin/../lib/gcc/arm-none-eabi/12.3.1/../../../../arm-none-eabi/lib/thumb/v7e-m+dp/hard\libc_nano.a(libc_a-lock.o)
                0x0800da08                __retarget_lock_init_recursive
 .text.__retarget_lock_acquire_recursive
                0x0800da0a        0x2 C:/ST/STM32CubeIDE_1.16.1/STM32CubeIDE/plugins/com.st.stm32cube.ide.mcu.externaltools.gnu-tools-for-stm32.12.3.rel1.win32_1.0.200.202406191623/tools/bin/../lib/gcc/arm-none-eabi/12.3.1/../../../../arm-none-eabi/lib/thumb/v7e-m+dp/hard\libc_nano.a(libc_a-lock.o)
                0x0800da0a                __retarget_lock_acquire_recursive
 .text.__retarget_lock_release_recursive
                0x0800da0c        0x2 C:/ST/STM32CubeIDE_1.16.1/STM32CubeIDE/plugins/com.st.stm32cube.ide.mcu.externaltools.gnu-tools-for-stm32.12.3.rel1.win32_1.0.200.202406191623/tools/bin/../lib/gcc/arm-none-eabi/12.3.1/../../../../arm-none-eabi/lib/thumb/v7e-m+dp/hard\libc_nano.a(libc_a-lock.o)
                0x0800da0c                __retarget_lock_release_recursive
 .text.memcpy   0x0800da0e       0x1c C:/ST/STM32CubeIDE_1.16.1/STM32CubeIDE/plugins/com.st.stm32cube.ide.mcu.externaltools.gnu-tools-for-stm32.12.3.rel1.win32_1.0.200.202406191623/tools/bin/../lib/gcc/arm-none-eabi/12.3.1/../../../../arm-none-eabi/lib/thumb/v7e-m+dp/hard\libc_nano.a(libc_a-memcpy-stub.o)
                0x0800da0e                memcpy
 *fill*         0x0800da2a        0x2 
 .text._free_r  0x0800da2c       0x94 C:/ST/STM32CubeIDE_1.16.1/STM32CubeIDE/plugins/com.st.stm32cube.ide.mcu.externaltools.gnu-tools-for-stm32.12.3.rel1.win32_1.0.200.202406191623/tools/bin/../lib/gcc/arm-none-eabi/12.3.1/../../../../arm-none-eabi/lib/thumb/v7e-m+dp/hard\libc_nano.a(libc_a-freer.o)
                0x0800da2c                _free_r
 .text.sbrk_aligned
                0x0800dac0       0x44 C:/ST/STM32CubeIDE_1.16.1/STM32CubeIDE/plugins/com.st.stm32cube.ide.mcu.externaltools.gnu-tools-for-stm32.12.3.rel1.win32_1.0.200.202406191623/tools/bin/../lib/gcc/arm-none-eabi/12.3.1/../../../../arm-none-eabi/lib/thumb/v7e-m+dp/hard\libc_nano.a(libc_a-mallocr.o)
 .text._malloc_r
                0x0800db04      0x100 C:/ST/STM32CubeIDE_1.16.1/STM32CubeIDE/plugins/com.st.stm32cube.ide.mcu.externaltools.gnu-tools-for-stm32.12.3.rel1.win32_1.0.200.202406191623/tools/bin/../lib/gcc/arm-none-eabi/12.3.1/../../../../arm-none-eabi/lib/thumb/v7e-m+dp/hard\libc_nano.a(libc_a-mallocr.o)
                0x0800db04                _malloc_r
 .text.__malloc_lock
                0x0800dc04        0xc C:/ST/STM32CubeIDE_1.16.1/STM32CubeIDE/plugins/com.st.stm32cube.ide.mcu.externaltools.gnu-tools-for-stm32.12.3.rel1.win32_1.0.200.202406191623/tools/bin/../lib/gcc/arm-none-eabi/12.3.1/../../../../arm-none-eabi/lib/thumb/v7e-m+dp/hard\libc_nano.a(libc_a-mlock.o)
                0x0800dc04                __malloc_lock
 .text.__malloc_unlock
                0x0800dc10        0xc C:/ST/STM32CubeIDE_1.16.1/STM32CubeIDE/plugins/com.st.stm32cube.ide.mcu.externaltools.gnu-tools-for-stm32.12.3.rel1.win32_1.0.200.202406191623/tools/bin/../lib/gcc/arm-none-eabi/12.3.1/../../../../arm-none-eabi/lib/thumb/v7e-m+dp/hard\libc_nano.a(libc_a-mlock.o)
                0x0800dc10                __malloc_unlock
 .text.__ssputs_r
                0x0800dc1c       0xb6 C:/ST/STM32CubeIDE_1.16.1/STM32CubeIDE/plugins/com.st.stm32cube.ide.mcu.externaltools.gnu-tools-for-stm32.12.3.rel1.win32_1.0.200.202406191623/tools/bin/../lib/gcc/arm-none-eabi/12.3.1/../../../../arm-none-eabi/lib/thumb/v7e-m+dp/hard\libc_nano.a(libc_a-nano-svfprintf.o)
                0x0800dc1c                __ssputs_r
 *fill*         0x0800dcd2        0x2 
 .text._svfprintf_r
                0x0800dcd4      0x1f8 C:/ST/STM32CubeIDE_1.16.1/STM32CubeIDE/plugins/com.st.stm32cube.ide.mcu.externaltools.gnu-tools-for-stm32.12.3.rel1.win32_1.0.200.202406191623/tools/bin/../lib/gcc/arm-none-eabi/12.3.1/../../../../arm-none-eabi/lib/thumb/v7e-m+dp/hard\libc_nano.a(libc_a-nano-svfprintf.o)
                0x0800dcd4                _svfiprintf_r
                0x0800dcd4                _svfprintf_r
 .text.__sfputc_r
                0x0800decc       0x2e C:/ST/STM32CubeIDE_1.16.1/STM32CubeIDE/plugins/com.st.stm32cube.ide.mcu.externaltools.gnu-tools-for-stm32.12.3.rel1.win32_1.0.200.202406191623/tools/bin/../lib/gcc/arm-none-eabi/12.3.1/../../../../arm-none-eabi/lib/thumb/v7e-m+dp/hard\libc_nano.a(libc_a-nano-vfprintf.o)
 .text.__sfputs_r
                0x0800defa       0x24 C:/ST/STM32CubeIDE_1.16.1/STM32CubeIDE/plugins/com.st.stm32cube.ide.mcu.externaltools.gnu-tools-for-stm32.12.3.rel1.win32_1.0.200.202406191623/tools/bin/../lib/gcc/arm-none-eabi/12.3.1/../../../../arm-none-eabi/lib/thumb/v7e-m+dp/hard\libc_nano.a(libc_a-nano-vfprintf.o)
                0x0800defa                __sfputs_r
 *fill*         0x0800df1e        0x2 
 .text._vfprintf_r
                0x0800df20      0x230 C:/ST/STM32CubeIDE_1.16.1/STM32CubeIDE/plugins/com.st.stm32cube.ide.mcu.externaltools.gnu-tools-for-stm32.12.3.rel1.win32_1.0.200.202406191623/tools/bin/../lib/gcc/arm-none-eabi/12.3.1/../../../../arm-none-eabi/lib/thumb/v7e-m+dp/hard\libc_nano.a(libc_a-nano-vfprintf.o)
                0x0800df20                _vfprintf_r
                0x0800df20                _vfiprintf_r
 .text._printf_common
                0x0800e150       0xda C:/ST/STM32CubeIDE_1.16.1/STM32CubeIDE/plugins/com.st.stm32cube.ide.mcu.externaltools.gnu-tools-for-stm32.12.3.rel1.win32_1.0.200.202406191623/tools/bin/../lib/gcc/arm-none-eabi/12.3.1/../../../../arm-none-eabi/lib/thumb/v7e-m+dp/hard\libc_nano.a(libc_a-nano-vfprintf_i.o)
                0x0800e150                _printf_common
 *fill*         0x0800e22a        0x2 
 .text._printf_i
                0x0800e22c      0x240 C:/ST/STM32CubeIDE_1.16.1/STM32CubeIDE/plugins/com.st.stm32cube.ide.mcu.externaltools.gnu-tools-for-stm32.12.3.rel1.win32_1.0.200.202406191623/tools/bin/../lib/gcc/arm-none-eabi/12.3.1/../../../../arm-none-eabi/lib/thumb/v7e-m+dp/hard\libc_nano.a(libc_a-nano-vfprintf_i.o)
                0x0800e22c                _printf_i
 .text.__sflush_r
                0x0800e46c      0x108 C:/ST/STM32CubeIDE_1.16.1/STM32CubeIDE/plugins/com.st.stm32cube.ide.mcu.externaltools.gnu-tools-for-stm32.12.3.rel1.win32_1.0.200.202406191623/tools/bin/../lib/gcc/arm-none-eabi/12.3.1/../../../../arm-none-eabi/lib/thumb/v7e-m+dp/hard\libc_nano.a(libc_a-fflush.o)
                0x0800e46c                __sflush_r
 .text._fflush_r
                0x0800e574       0x50 C:/ST/STM32CubeIDE_1.16.1/STM32CubeIDE/plugins/com.st.stm32cube.ide.mcu.externaltools.gnu-tools-for-stm32.12.3.rel1.win32_1.0.200.202406191623/tools/bin/../lib/gcc/arm-none-eabi/12.3.1/../../../../arm-none-eabi/lib/thumb/v7e-m+dp/hard\libc_nano.a(libc_a-fflush.o)
                0x0800e574                _fflush_r
 .text._putc_r  0x0800e5c4       0x68 C:/ST/STM32CubeIDE_1.16.1/STM32CubeIDE/plugins/com.st.stm32cube.ide.mcu.externaltools.gnu-tools-for-stm32.12.3.rel1.win32_1.0.200.202406191623/tools/bin/../lib/gcc/arm-none-eabi/12.3.1/../../../../arm-none-eabi/lib/thumb/v7e-m+dp/hard\libc_nano.a(libc_a-putc.o)
                0x0800e5c4                _putc_r
 .text.__swbuf_r
                0x0800e62c       0x7c C:/ST/STM32CubeIDE_1.16.1/STM32CubeIDE/plugins/com.st.stm32cube.ide.mcu.externaltools.gnu-tools-for-stm32.12.3.rel1.win32_1.0.200.202406191623/tools/bin/../lib/gcc/arm-none-eabi/12.3.1/../../../../arm-none-eabi/lib/thumb/v7e-m+dp/hard\libc_nano.a(libc_a-wbuf.o)
                0x0800e62c                __swbuf_r
 .text.__swsetup_r
                0x0800e6a8       0xac C:/ST/STM32CubeIDE_1.16.1/STM32CubeIDE/plugins/com.st.stm32cube.ide.mcu.externaltools.gnu-tools-for-stm32.12.3.rel1.win32_1.0.200.202406191623/tools/bin/../lib/gcc/arm-none-eabi/12.3.1/../../../../arm-none-eabi/lib/thumb/v7e-m+dp/hard\libc_nano.a(libc_a-wsetup.o)
                0x0800e6a8                __swsetup_r
 .text.memmove  0x0800e754       0x34 C:/ST/STM32CubeIDE_1.16.1/STM32CubeIDE/plugins/com.st.stm32cube.ide.mcu.externaltools.gnu-tools-for-stm32.12.3.rel1.win32_1.0.200.202406191623/tools/bin/../lib/gcc/arm-none-eabi/12.3.1/../../../../arm-none-eabi/lib/thumb/v7e-m+dp/hard\libc_nano.a(libc_a-memmove.o)
                0x0800e754                memmove
 .text._sbrk_r  0x0800e788       0x20 C:/ST/STM32CubeIDE_1.16.1/STM32CubeIDE/plugins/com.st.stm32cube.ide.mcu.externaltools.gnu-tools-for-stm32.12.3.rel1.win32_1.0.200.202406191623/tools/bin/../lib/gcc/arm-none-eabi/12.3.1/../../../../arm-none-eabi/lib/thumb/v7e-m+dp/hard\libc_nano.a(libc_a-sbrkr.o)
                0x0800e788                _sbrk_r
 .text._realloc_r
                0x0800e7a8       0x5c C:/ST/STM32CubeIDE_1.16.1/STM32CubeIDE/plugins/com.st.stm32cube.ide.mcu.externaltools.gnu-tools-for-stm32.12.3.rel1.win32_1.0.200.202406191623/tools/bin/../lib/gcc/arm-none-eabi/12.3.1/../../../../arm-none-eabi/lib/thumb/v7e-m+dp/hard\libc_nano.a(libc_a-reallocr.o)
                0x0800e7a8                _realloc_r
 .text.__swhatbuf_r
                0x0800e804       0x4c C:/ST/STM32CubeIDE_1.16.1/STM32CubeIDE/plugins/com.st.stm32cube.ide.mcu.externaltools.gnu-tools-for-stm32.12.3.rel1.win32_1.0.200.202406191623/tools/bin/../lib/gcc/arm-none-eabi/12.3.1/../../../../arm-none-eabi/lib/thumb/v7e-m+dp/hard\libc_nano.a(libc_a-makebuf.o)
                0x0800e804                __swhatbuf_r
 .text.__smakebuf_r
                0x0800e850       0x78 C:/ST/STM32CubeIDE_1.16.1/STM32CubeIDE/plugins/com.st.stm32cube.ide.mcu.externaltools.gnu-tools-for-stm32.12.3.rel1.win32_1.0.200.202406191623/tools/bin/../lib/gcc/arm-none-eabi/12.3.1/../../../../arm-none-eabi/lib/thumb/v7e-m+dp/hard\libc_nano.a(libc_a-makebuf.o)
                0x0800e850                __smakebuf_r
 .text._fstat_r
                0x0800e8c8       0x24 C:/ST/STM32CubeIDE_1.16.1/STM32CubeIDE/plugins/com.st.stm32cube.ide.mcu.externaltools.gnu-tools-for-stm32.12.3.rel1.win32_1.0.200.202406191623/tools/bin/../lib/gcc/arm-none-eabi/12.3.1/../../../../arm-none-eabi/lib/thumb/v7e-m+dp/hard\libc_nano.a(libc_a-fstatr.o)
                0x0800e8c8                _fstat_r
 .text._isatty_r
                0x0800e8ec       0x20 C:/ST/STM32CubeIDE_1.16.1/STM32CubeIDE/plugins/com.st.stm32cube.ide.mcu.externaltools.gnu-tools-for-stm32.12.3.rel1.win32_1.0.200.202406191623/tools/bin/../lib/gcc/arm-none-eabi/12.3.1/../../../../arm-none-eabi/lib/thumb/v7e-m+dp/hard\libc_nano.a(libc_a-isattyr.o)
                0x0800e8ec                _isatty_r
 .text._malloc_usable_size_r
                0x0800e90c       0x10 C:/ST/STM32CubeIDE_1.16.1/STM32CubeIDE/plugins/com.st.stm32cube.ide.mcu.externaltools.gnu-tools-for-stm32.12.3.rel1.win32_1.0.200.202406191623/tools/bin/../lib/gcc/arm-none-eabi/12.3.1/../../../../arm-none-eabi/lib/thumb/v7e-m+dp/hard\libc_nano.a(libc_a-msizer.o)
                0x0800e90c                _malloc_usable_size_r
 *(.glue_7)
 .glue_7        0x0800e91c        0x0 linker stubs
 *(.glue_7t)
 .glue_7t       0x0800e91c        0x0 linker stubs
 *(.eh_frame)
 .eh_frame      0x0800e91c        0x0 C:/ST/STM32CubeIDE_1.16.1/STM32CubeIDE/plugins/com.st.stm32cube.ide.mcu.externaltools.gnu-tools-for-stm32.12.3.rel1.win32_1.0.200.202406191623/tools/bin/../lib/gcc/arm-none-eabi/12.3.1/thumb/v7e-m+dp/hard/crtbegin.o
 *(.init)
 .init          0x0800e91c        0x4 C:/ST/STM32CubeIDE_1.16.1/STM32CubeIDE/plugins/com.st.stm32cube.ide.mcu.externaltools.gnu-tools-for-stm32.12.3.rel1.win32_1.0.200.202406191623/tools/bin/../lib/gcc/arm-none-eabi/12.3.1/thumb/v7e-m+dp/hard/crti.o
                0x0800e91c                _init
 .init          0x0800e920        0x8 C:/ST/STM32CubeIDE_1.16.1/STM32CubeIDE/plugins/com.st.stm32cube.ide.mcu.externaltools.gnu-tools-for-stm32.12.3.rel1.win32_1.0.200.202406191623/tools/bin/../lib/gcc/arm-none-eabi/12.3.1/thumb/v7e-m+dp/hard/crtn.o
 *(.fini)
 .fini          0x0800e928        0x4 C:/ST/STM32CubeIDE_1.16.1/STM32CubeIDE/plugins/com.st.stm32cube.ide.mcu.externaltools.gnu-tools-for-stm32.12.3.rel1.win32_1.0.200.202406191623/tools/bin/../lib/gcc/arm-none-eabi/12.3.1/thumb/v7e-m+dp/hard/crti.o
                0x0800e928                _fini
 .fini          0x0800e92c        0x8 C:/ST/STM32CubeIDE_1.16.1/STM32CubeIDE/plugins/com.st.stm32cube.ide.mcu.externaltools.gnu-tools-for-stm32.12.3.rel1.win32_1.0.200.202406191623/tools/bin/../lib/gcc/arm-none-eabi/12.3.1/thumb/v7e-m+dp/hard/crtn.o
                0x0800e934                        . = ALIGN (0x4)
                0x0800e934                        _etext = .

.vfp11_veneer   0x0800e934        0x0
 .vfp11_veneer  0x0800e934        0x0 linker stubs

.v4_bx          0x0800e934        0x0
 .v4_bx         0x0800e934        0x0 linker stubs

.iplt           0x0800e934        0x0
 .iplt          0x0800e934        0x0 C:/ST/STM32CubeIDE_1.16.1/STM32CubeIDE/plugins/com.st.stm32cube.ide.mcu.externaltools.gnu-tools-for-stm32.12.3.rel1.win32_1.0.200.202406191623/tools/bin/../lib/gcc/arm-none-eabi/12.3.1/thumb/v7e-m+dp/hard/crtbegin.o

.rodata         0x0800e934      0x798
                0x0800e934                        . = ALIGN (0x4)
 *(.rodata)
 .rodata        0x0800e934       0xa2 ./Core/Src/lcdhandler.o
 *fill*         0x0800e9d6        0x2 
 .rodata        0x0800e9d8       0x32 ./Core/Src/main.o
 *fill*         0x0800ea0a        0x2 
 .rodata        0x0800ea0c       0x35 ./Middlewares/ST/STM32_USB_Device_Library/Core/Src/usbd_core.o
 *fill*         0x0800ea41        0x3 
 .rodata        0x0800ea44       0x46 ./USB_DEVICE/App/usbd_desc.o
 *(.rodata*)
 *fill*         0x0800ea8a        0x2 
 .rodata.Font6x8
                0x0800ea8c      0x5f0 ./Core/Src/ssd1306_fonts.o
 .rodata.Font_6x8
                0x0800f07c        0xc ./Core/Src/ssd1306_fonts.o
                0x0800f07c                Font_6x8
 .rodata.D1CorePrescTable
                0x0800f088       0x10 ./Core/Src/system_stm32h7xx.o
                0x0800f088                D1CorePrescTable
 .rodata._svfprintf_r.str1.1
                0x0800f098       0x11 C:/ST/STM32CubeIDE_1.16.1/STM32CubeIDE/plugins/com.st.stm32cube.ide.mcu.externaltools.gnu-tools-for-stm32.12.3.rel1.win32_1.0.200.202406191623/tools/bin/../lib/gcc/arm-none-eabi/12.3.1/../../../../arm-none-eabi/lib/thumb/v7e-m+dp/hard\libc_nano.a(libc_a-nano-svfprintf.o)
 .rodata._vfprintf_r.str1.1
                0x0800f0a9       0x11 C:/ST/STM32CubeIDE_1.16.1/STM32CubeIDE/plugins/com.st.stm32cube.ide.mcu.externaltools.gnu-tools-for-stm32.12.3.rel1.win32_1.0.200.202406191623/tools/bin/../lib/gcc/arm-none-eabi/12.3.1/../../../../arm-none-eabi/lib/thumb/v7e-m+dp/hard\libc_nano.a(libc_a-nano-vfprintf.o)
 .rodata._printf_i.str1.1
                0x0800f0a9       0x22 C:/ST/STM32CubeIDE_1.16.1/STM32CubeIDE/plugins/com.st.stm32cube.ide.mcu.externaltools.gnu-tools-for-stm32.12.3.rel1.win32_1.0.200.202406191623/tools/bin/../lib/gcc/arm-none-eabi/12.3.1/../../../../arm-none-eabi/lib/thumb/v7e-m+dp/hard\libc_nano.a(libc_a-nano-vfprintf_i.o)
                0x0800f0cc                        . = ALIGN (0x4)
 *fill*         0x0800f0cb        0x1 

.ARM.extab
 *(.ARM.extab* .gnu.linkonce.armextab.*)

.ARM            0x0800f0cc        0x8
                0x0800f0cc                        __exidx_start = .
 *(.ARM.exidx*)
 .ARM.exidx     0x0800f0cc        0x8 C:/ST/STM32CubeIDE_1.16.1/STM32CubeIDE/plugins/com.st.stm32cube.ide.mcu.externaltools.gnu-tools-for-stm32.12.3.rel1.win32_1.0.200.202406191623/tools/bin/../lib/gcc/arm-none-eabi/12.3.1/../../../../arm-none-eabi/lib/thumb/v7e-m+dp/hard\libc_nano.a(libc_a-memchr.o)
                0x0800f0d4                        __exidx_end = .

.preinit_array  0x0800f0d4        0x0
                0x0800f0d4                        PROVIDE (__preinit_array_start = .)
 *(.preinit_array*)
                0x0800f0d4                        PROVIDE (__preinit_array_end = .)

.init_array     0x0800f0d4        0x4
                0x0800f0d4                        PROVIDE (__init_array_start = .)
 *(SORT_BY_NAME(.init_array.*))
 *(.init_array*)
 .init_array    0x0800f0d4        0x4 C:/ST/STM32CubeIDE_1.16.1/STM32CubeIDE/plugins/com.st.stm32cube.ide.mcu.externaltools.gnu-tools-for-stm32.12.3.rel1.win32_1.0.200.202406191623/tools/bin/../lib/gcc/arm-none-eabi/12.3.1/thumb/v7e-m+dp/hard/crtbegin.o
                0x0800f0d8                        PROVIDE (__init_array_end = .)

.fini_array     0x0800f0d8        0x4
                [!provide]                        PROVIDE (__fini_array_start = .)
 *(SORT_BY_NAME(.fini_array.*))
 *(.fini_array*)
 .fini_array    0x0800f0d8        0x4 C:/ST/STM32CubeIDE_1.16.1/STM32CubeIDE/plugins/com.st.stm32cube.ide.mcu.externaltools.gnu-tools-for-stm32.12.3.rel1.win32_1.0.200.202406191623/tools/bin/../lib/gcc/arm-none-eabi/12.3.1/thumb/v7e-m+dp/hard/crtbegin.o
                [!provide]                        PROVIDE (__fini_array_end = .)
                0x0800f0dc                        _sidata = LOADADDR (.data)

.rel.dyn        0x0800f0dc        0x0
 .rel.iplt      0x0800f0dc        0x0 C:/ST/STM32CubeIDE_1.16.1/STM32CubeIDE/plugins/com.st.stm32cube.ide.mcu.externaltools.gnu-tools-for-stm32.12.3.rel1.win32_1.0.200.202406191623/tools/bin/../lib/gcc/arm-none-eabi/12.3.1/thumb/v7e-m+dp/hard/crtbegin.o

.data           0x24000000      0x160 load address 0x0800f0dc
                0x24000000                        . = ALIGN (0x4)
                0x24000000                        _sdata = .
 *(.data)
 *(.data*)
 .data.SystemCoreClock
                0x24000000        0x4 ./Core/Src/system_stm32h7xx.o
                0x24000000                SystemCoreClock
 .data.SystemD2Clock
                0x24000004        0x4 ./Core/Src/system_stm32h7xx.o
                0x24000004                SystemD2Clock
 .data.uwTickPrio
                0x24000008        0x4 ./Drivers/STM32H7xx_HAL_Driver/Src/stm32h7xx_hal.o
                0x24000008                uwTickPrio
 .data.uwTickFreq
                0x2400000c        0x1 ./Drivers/STM32H7xx_HAL_Driver/Src/stm32h7xx_hal.o
                0x2400000c                uwTickFreq
 *fill*         0x2400000d        0x3 
 .data.USBD_CDC_DeviceQualifierDesc
                0x24000010        0xa ./Middlewares/ST/STM32_USB_Device_Library/Class/CDC/Src/usbd_cdc.o
 *fill*         0x2400001a        0x2 
 .data.USBD_CDC
                0x2400001c       0x38 ./Middlewares/ST/STM32_USB_Device_Library/Class/CDC/Src/usbd_cdc.o
                0x2400001c                USBD_CDC
 .data.USBD_CDC_CfgDesc
                0x24000054       0x43 ./Middlewares/ST/STM32_USB_Device_Library/Class/CDC/Src/usbd_cdc.o
 .data.CDCInEpAdd
                0x24000097        0x1 ./Middlewares/ST/STM32_USB_Device_Library/Class/CDC/Src/usbd_cdc.o
 .data.CDCOutEpAdd
                0x24000098        0x1 ./Middlewares/ST/STM32_USB_Device_Library/Class/CDC/Src/usbd_cdc.o
 .data.CDCCmdEpAdd
                0x24000099        0x1 ./Middlewares/ST/STM32_USB_Device_Library/Class/CDC/Src/usbd_cdc.o
 *fill*         0x2400009a        0x2 
 .data.USBD_Interface_fops_HS
                0x2400009c       0x14 ./USB_DEVICE/App/usbd_cdc_if.o
                0x2400009c                USBD_Interface_fops_HS
 .data.HS_Desc  0x240000b0       0x20 ./USB_DEVICE/App/usbd_desc.o
                0x240000b0                HS_Desc
 .data.USBD_HS_DeviceDesc
                0x240000d0       0x12 ./USB_DEVICE/App/usbd_desc.o
                0x240000d0                USBD_HS_DeviceDesc
 *fill*         0x240000e2        0x2 
 .data.USBD_LangIDDesc
                0x240000e4        0x4 ./USB_DEVICE/App/usbd_desc.o
                0x240000e4                USBD_LangIDDesc
 .data.USBD_StringSerial
                0x240000e8       0x1a ./USB_DEVICE/App/usbd_desc.o
                0x240000e8                USBD_StringSerial
 *fill*         0x24000102        0x2 
 .data.__sglue  0x24000104        0xc C:/ST/STM32CubeIDE_1.16.1/STM32CubeIDE/plugins/com.st.stm32cube.ide.mcu.externaltools.gnu-tools-for-stm32.12.3.rel1.win32_1.0.200.202406191623/tools/bin/../lib/gcc/arm-none-eabi/12.3.1/../../../../arm-none-eabi/lib/thumb/v7e-m+dp/hard\libc_nano.a(libc_a-findfp.o)
                0x24000104                __sglue
 .data._impure_ptr
                0x24000110        0x4 C:/ST/STM32CubeIDE_1.16.1/STM32CubeIDE/plugins/com.st.stm32cube.ide.mcu.externaltools.gnu-tools-for-stm32.12.3.rel1.win32_1.0.200.202406191623/tools/bin/../lib/gcc/arm-none-eabi/12.3.1/../../../../arm-none-eabi/lib/thumb/v7e-m+dp/hard\libc_nano.a(libc_a-impure.o)
                0x24000110                _impure_ptr
 .data._impure_data
                0x24000114       0x4c C:/ST/STM32CubeIDE_1.16.1/STM32CubeIDE/plugins/com.st.stm32cube.ide.mcu.externaltools.gnu-tools-for-stm32.12.3.rel1.win32_1.0.200.202406191623/tools/bin/../lib/gcc/arm-none-eabi/12.3.1/../../../../arm-none-eabi/lib/thumb/v7e-m+dp/hard\libc_nano.a(libc_a-impure.o)
                0x24000114                _impure_data
 *(.RamFunc)
 *(.RamFunc*)
                0x24000160                        . = ALIGN (0x4)
                0x24000160                        _edata = .

.igot.plt       0x24000160        0x0 load address 0x0800f23c
 .igot.plt      0x24000160        0x0 C:/ST/STM32CubeIDE_1.16.1/STM32CubeIDE/plugins/com.st.stm32cube.ide.mcu.externaltools.gnu-tools-for-stm32.12.3.rel1.win32_1.0.200.202406191623/tools/bin/../lib/gcc/arm-none-eabi/12.3.1/thumb/v7e-m+dp/hard/crtbegin.o
                0x24000160                        . = ALIGN (0x4)
