Archive member included to satisfy reference by file (symbol)

C:/ST/STM32CubeIDE_1.16.1/STM32CubeIDE/plugins/com.st.stm32cube.ide.mcu.externaltools.gnu-tools-for-stm32.12.3.rel1.win32_1.1.0.202410251130/tools/bin/../lib/gcc/arm-none-eabi/12.3.1/../../../../arm-none-eabi/lib/thumb/v7e-m+dp/hard\libc.a(libc_a-exit.o)
                              C:/ST/STM32CubeIDE_1.16.1/STM32CubeIDE/plugins/com.st.stm32cube.ide.mcu.externaltools.gnu-tools-for-stm32.12.3.rel1.win32_1.1.0.202410251130/tools/bin/../lib/gcc/arm-none-eabi/12.3.1/../../../../arm-none-eabi/lib/thumb/v7e-m+dp/hard/crt0.o (exit)
C:/ST/STM32CubeIDE_1.16.1/STM32CubeIDE/plugins/com.st.stm32cube.ide.mcu.externaltools.gnu-tools-for-stm32.12.3.rel1.win32_1.1.0.202410251130/tools/bin/../lib/gcc/arm-none-eabi/12.3.1/../../../../arm-none-eabi/lib/thumb/v7e-m+dp/hard\libc.a(libc_a-malloc.o)
                              ./Core/Src/dataCompression.o (malloc)
C:/ST/STM32CubeIDE_1.16.1/STM32CubeIDE/plugins/com.st.stm32cube.ide.mcu.externaltools.gnu-tools-for-stm32.12.3.rel1.win32_1.1.0.202410251130/tools/bin/../lib/gcc/arm-none-eabi/12.3.1/../../../../arm-none-eabi/lib/thumb/v7e-m+dp/hard\libc.a(libc_a-mallocr.o)
                              C:/ST/STM32CubeIDE_1.16.1/STM32CubeIDE/plugins/com.st.stm32cube.ide.mcu.externaltools.gnu-tools-for-stm32.12.3.rel1.win32_1.1.0.202410251130/tools/bin/../lib/gcc/arm-none-eabi/12.3.1/../../../../arm-none-eabi/lib/thumb/v7e-m+dp/hard\libc.a(libc_a-malloc.o) (_malloc_r)
C:/ST/STM32CubeIDE_1.16.1/STM32CubeIDE/plugins/com.st.stm32cube.ide.mcu.externaltools.gnu-tools-for-stm32.12.3.rel1.win32_1.1.0.202410251130/tools/bin/../lib/gcc/arm-none-eabi/12.3.1/../../../../arm-none-eabi/lib/thumb/v7e-m+dp/hard\libc.a(libc_a-mlock.o)
                              C:/ST/STM32CubeIDE_1.16.1/STM32CubeIDE/plugins/com.st.stm32cube.ide.mcu.externaltools.gnu-tools-for-stm32.12.3.rel1.win32_1.1.0.202410251130/tools/bin/../lib/gcc/arm-none-eabi/12.3.1/../../../../arm-none-eabi/lib/thumb/v7e-m+dp/hard\libc.a(libc_a-mallocr.o) (__malloc_lock)
C:/ST/STM32CubeIDE_1.16.1/STM32CubeIDE/plugins/com.st.stm32cube.ide.mcu.externaltools.gnu-tools-for-stm32.12.3.rel1.win32_1.1.0.202410251130/tools/bin/../lib/gcc/arm-none-eabi/12.3.1/../../../../arm-none-eabi/lib/thumb/v7e-m+dp/hard\libc.a(libc_a-findfp.o)
                              C:/ST/STM32CubeIDE_1.16.1/STM32CubeIDE/plugins/com.st.stm32cube.ide.mcu.externaltools.gnu-tools-for-stm32.12.3.rel1.win32_1.1.0.202410251130/tools/bin/../lib/gcc/arm-none-eabi/12.3.1/../../../../arm-none-eabi/lib/thumb/v7e-m+dp/hard\libc.a(libc_a-exit.o) (__stdio_exit_handler)
C:/ST/STM32CubeIDE_1.16.1/STM32CubeIDE/plugins/com.st.stm32cube.ide.mcu.externaltools.gnu-tools-for-stm32.12.3.rel1.win32_1.1.0.202410251130/tools/bin/../lib/gcc/arm-none-eabi/12.3.1/../../../../arm-none-eabi/lib/thumb/v7e-m+dp/hard\libc.a(libc_a-fwalk.o)
                              C:/ST/STM32CubeIDE_1.16.1/STM32CubeIDE/plugins/com.st.stm32cube.ide.mcu.externaltools.gnu-tools-for-stm32.12.3.rel1.win32_1.1.0.202410251130/tools/bin/../lib/gcc/arm-none-eabi/12.3.1/../../../../arm-none-eabi/lib/thumb/v7e-m+dp/hard\libc.a(libc_a-findfp.o) (_fwalk_sglue)
C:/ST/STM32CubeIDE_1.16.1/STM32CubeIDE/plugins/com.st.stm32cube.ide.mcu.externaltools.gnu-tools-for-stm32.12.3.rel1.win32_1.1.0.202410251130/tools/bin/../lib/gcc/arm-none-eabi/12.3.1/../../../../arm-none-eabi/lib/thumb/v7e-m+dp/hard\libc.a(libc_a-printf.o)
                              ./Middlewares/ST/STM32_USB_Device_Library/Core/Src/usbd_core.o (printf)
C:/ST/STM32CubeIDE_1.16.1/STM32CubeIDE/plugins/com.st.stm32cube.ide.mcu.externaltools.gnu-tools-for-stm32.12.3.rel1.win32_1.1.0.202410251130/tools/bin/../lib/gcc/arm-none-eabi/12.3.1/../../../../arm-none-eabi/lib/thumb/v7e-m+dp/hard\libc.a(libc_a-putchar.o)
                              ./Middlewares/ST/STM32_USB_Device_Library/Core/Src/usbd_core.o (putchar)
C:/ST/STM32CubeIDE_1.16.1/STM32CubeIDE/plugins/com.st.stm32cube.ide.mcu.externaltools.gnu-tools-for-stm32.12.3.rel1.win32_1.1.0.202410251130/tools/bin/../lib/gcc/arm-none-eabi/12.3.1/../../../../arm-none-eabi/lib/thumb/v7e-m+dp/hard\libc.a(libc_a-sprintf.o)
                              ./Core/Src/keypad.o (sprintf)
C:/ST/STM32CubeIDE_1.16.1/STM32CubeIDE/plugins/com.st.stm32cube.ide.mcu.externaltools.gnu-tools-for-stm32.12.3.rel1.win32_1.1.0.202410251130/tools/bin/../lib/gcc/arm-none-eabi/12.3.1/../../../../arm-none-eabi/lib/thumb/v7e-m+dp/hard\libc.a(libc_a-stdio.o)
                              C:/ST/STM32CubeIDE_1.16.1/STM32CubeIDE/plugins/com.st.stm32cube.ide.mcu.externaltools.gnu-tools-for-stm32.12.3.rel1.win32_1.1.0.202410251130/tools/bin/../lib/gcc/arm-none-eabi/12.3.1/../../../../arm-none-eabi/lib/thumb/v7e-m+dp/hard\libc.a(libc_a-findfp.o) (__sread)
[...]
Memory Configuration

Name             Origin             Length             Attributes
ITCMRAM          0x00000000         0x00010000         xrw
FLASH            0x08000000         0x00200000         xr
DTCMRAM1         0x20000000         0x00010000         xrw
DTCMRAM2         0x20010000         0x00010000         xrw
RAM              0x24000000         0x00100000         xrw
RAM_CD           0x30000000         0x00020000         xrw
RAM_SRD          0x38000000         0x00008000         xrw
*default*        0x00000000         0xffffffff

Linker script and memory map

LOAD C:/ST/STM32CubeIDE_1.16.1/STM32CubeIDE/plugins/com.st.stm32cube.ide.mcu.externaltools.gnu-tools-for-stm32.12.3.rel1.win32_1.1.0.202410251130/tools/bin/../lib/gcc/arm-none-eabi/12.3.1/thumb/v7e-m+dp/hard/crti.o
LOAD C:/ST/STM32CubeIDE_1.16.1/STM32CubeIDE/plugins/com.st.stm32cube.ide.mcu.externaltools.gnu-tools-for-stm32.12.3.rel1.win32_1.1.0.202410251130/tools/bin/../lib/gcc/arm-none-eabi/12.3.1/thumb/v7e-m+dp/hard/crtbegin.o
LOAD C:/ST/STM32CubeIDE_1.16.1/STM32CubeIDE/plugins/com.st.stm32cube.ide.mcu.externaltools.gnu-tools-for-stm32.12.3.rel1.win32_1.1.0.202410251130/tools/bin/../lib/gcc/arm-none-eabi/12.3.1/../../../../arm-none-eabi/lib/thumb/v7e-m+dp/hard/crt0.o
LOAD ./Core/Src/DIX9211init.o
LOAD ./Core/Src/dataCompression.o
LOAD ./Core/Src/dma.o
LOAD ./Core/Src/fmc.o
LOAD ./Core/Src/gpio.o
LOAD ./Core/Src/i2c.o
LOAD ./Core/Src/i2s.o
LOAD ./Core/Src/keypad.o
LOAD ./Core/Src/lcdhandler.o
LOAD ./Core/Src/main.o
LOAD ./Core/Src/memorymap.o
LOAD ./Core/Src/sdram_init.o
LOAD ./Core/Src/spdifrx.o
LOAD ./Core/Src/ssd1306.o
LOAD ./Core/Src/ssd1306_fonts.o
LOAD ./Core/Src/stm32h7xx_hal_msp.o
LOAD ./Core/Src/stm32h7xx_it.o
LOAD ./Core/Src/syscalls.o
LOAD ./Core/Src/sysmem.o
LOAD ./Core/Src/system_stm32h7xx.o
LOAD ./Core/Src/tim.o
LOAD ./Core/Startup/startup_stm32h7a3zitx.o
LOAD ./Drivers/STM32H7xx_HAL_Driver/Src/stm32h7xx_hal.o
LOAD ./Drivers/STM32H7xx_HAL_Driver/Src/stm32h7xx_hal_cortex.o
LOAD ./Drivers/STM32H7xx_HAL_Driver/Src/stm32h7xx_hal_dma.o
LOAD ./Drivers/STM32H7xx_HAL_Driver/Src/stm32h7xx_hal_dma_ex.o
LOAD ./Drivers/STM32H7xx_HAL_Driver/Src/stm32h7xx_hal_exti.o
LOAD ./Drivers/STM32H7xx_HAL_Driver/Src/stm32h7xx_hal_flash.o
LOAD ./Drivers/STM32H7xx_HAL_Driver/Src/stm32h7xx_hal_flash_ex.o
LOAD ./Drivers/STM32H7xx_HAL_Driver/Src/stm32h7xx_hal_gpio.o
LOAD ./Drivers/STM32H7xx_HAL_Driver/Src/stm32h7xx_hal_hsem.o
LOAD ./Drivers/STM32H7xx_HAL_Driver/Src/stm32h7xx_hal_i2c.o
LOAD ./Drivers/STM32H7xx_HAL_Driver/Src/stm32h7xx_hal_i2c_ex.o
LOAD ./Drivers/STM32H7xx_HAL_Driver/Src/stm32h7xx_hal_i2s.o
LOAD ./Drivers/STM32H7xx_HAL_Driver/Src/stm32h7xx_hal_i2s_ex.o
LOAD ./Drivers/STM32H7xx_HAL_Driver/Src/stm32h7xx_hal_mdma.o
LOAD ./Drivers/STM32H7xx_HAL_Driver/Src/stm32h7xx_hal_nand.o
LOAD ./Drivers/STM32H7xx_HAL_Driver/Src/stm32h7xx_hal_nor.o
LOAD ./Drivers/STM32H7xx_HAL_Driver/Src/stm32h7xx_hal_pcd.o
LOAD ./Drivers/STM32H7xx_HAL_Driver/Src/stm32h7xx_hal_pcd_ex.o
LOAD ./Drivers/STM32H7xx_HAL_Driver/Src/stm32h7xx_hal_pwr.o
LOAD ./Drivers/STM32H7xx_HAL_Driver/Src/stm32h7xx_hal_pwr_ex.o
LOAD ./Drivers/STM32H7xx_HAL_Driver/Src/stm32h7xx_hal_rcc.o
LOAD ./Drivers/STM32H7xx_HAL_Driver/Src/stm32h7xx_hal_rcc_ex.o
LOAD ./Drivers/STM32H7xx_HAL_Driver/Src/stm32h7xx_hal_sdram.o
LOAD ./Drivers/STM32H7xx_HAL_Driver/Src/stm32h7xx_hal_spdifrx.o
LOAD ./Drivers/STM32H7xx_HAL_Driver/Src/stm32h7xx_hal_sram.o
LOAD ./Drivers/STM32H7xx_HAL_Driver/Src/stm32h7xx_hal_tim.o
LOAD ./Drivers/STM32H7xx_HAL_Driver/Src/stm32h7xx_hal_tim_ex.o
LOAD ./Drivers/STM32H7xx_HAL_Driver/Src/stm32h7xx_ll_fmc.o
LOAD ./Drivers/STM32H7xx_HAL_Driver/Src/stm32h7xx_ll_usb.o
LOAD ./Middlewares/ST/STM32_USB_Device_Library/Class/CDC/Src/usbd_cdc.o
LOAD ./Middlewares/ST/STM32_USB_Device_Library/Core/Src/usbd_core.o
LOAD ./Middlewares/ST/STM32_USB_Device_Library/Core/Src/usbd_ctlreq.o
LOAD ./Middlewares/ST/STM32_USB_Device_Library/Core/Src/usbd_ioreq.o
LOAD ./USB_DEVICE/App/usb_device.o
LOAD ./USB_DEVICE/App/usbd_cdc_if.o
LOAD ./USB_DEVICE/App/usbd_desc.o
LOAD ./USB_DEVICE/Target/usbd_conf.o
START GROUP
LOAD C:/ST/STM32CubeIDE_1.16.1/STM32CubeIDE/plugins/com.st.stm32cube.ide.mcu.externaltools.gnu-tools-for-stm32.12.3.rel1.win32_1.1.0.202410251130/tools/bin/../lib/gcc/arm-none-eabi/12.3.1/../../../../arm-none-eabi/lib/thumb/v7e-m+dp/hard\libc.a
LOAD C:/ST/STM32CubeIDE_1.16.1/STM32CubeIDE/plugins/com.st.stm32cube.ide.mcu.externaltools.gnu-tools-for-stm32.12.3.rel1.win32_1.1.0.202410251130/tools/bin/../lib/gcc/arm-none-eabi/12.3.1/../../../../arm-none-eabi/lib/thumb/v7e-m+dp/hard\libm.a
END GROUP
START GROUP
LOAD C:/ST/STM32CubeIDE_1.16.1/STM32CubeIDE/plugins/com.st.stm32cube.ide.mcu.externaltools.gnu-tools-for-stm32.12.3.rel1.win32_1.1.0.202410251130/tools/bin/../lib/gcc/arm-none-eabi/12.3.1/thumb/v7e-m+dp/hard\libgcc.a
LOAD C:/ST/STM32CubeIDE_1.16.1/STM32CubeIDE/plugins/com.st.stm32cube.ide.mcu.externaltools.gnu-tools-for-stm32.12.3.rel1.win32_1.1.0.202410251130/tools/bin/../lib/gcc/arm-none-eabi/12.3.1/../../../../arm-none-eabi/lib/thumb/v7e-m+dp/hard\libc.a
END GROUP
START GROUP
LOAD C:/ST/STM32CubeIDE_1.16.1/STM32CubeIDE/plugins/com.st.stm32cube.ide.mcu.externaltools.gnu-tools-for-stm32.12.3.rel1.win32_1.1.0.202410251130/tools/bin/../lib/gcc/arm-none-eabi/12.3.1/thumb/v7e-m+dp/hard\libgcc.a
LOAD C:/ST/STM32CubeIDE_1.16.1/STM32CubeIDE/plugins/com.st.stm32cube.ide.mcu.externaltools.gnu-tools-for-stm32.12.3.rel1.win32_1.1.0.202410251130/tools/bin/../lib/gcc/arm-none-eabi/12.3.1/../../../../arm-none-eabi/lib/thumb/v7e-m+dp/hard\libc.a
LOAD C:/ST/STM32CubeIDE_1.16.1/STM32CubeIDE/plugins/com.st.stm32cube.ide.mcu.externaltools.gnu-tools-for-stm32.12.3.rel1.win32_1.1.0.202410251130/tools/bin/../lib/gcc/arm-none-eabi/12.3.1/../../../../arm-none-eabi/lib/thumb/v7e-m+dp/hard\libnosys.a
END GROUP
LOAD C:/ST/STM32CubeIDE_1.16.1/STM32CubeIDE/plugins/com.st.stm32cube.ide.mcu.externaltools.gnu-tools-for-stm32.12.3.rel1.win32_1.1.0.202410251130/tools/bin/../lib/gcc/arm-none-eabi/12.3.1/thumb/v7e-m+dp/hard/crtend.o
LOAD C:/ST/STM32CubeIDE_1.16.1/STM32CubeIDE/plugins/com.st.stm32cube.ide.mcu.externaltools.gnu-tools-for-stm32.12.3.rel1.win32_1.1.0.202410251130/tools/bin/../lib/gcc/arm-none-eabi/12.3.1/thumb/v7e-m+dp/hard/crtn.o
                0x24100000                        _estack = (ORIGIN (RAM) + LENGTH (RAM))
                0x00000200                        _Min_Heap_Size = 0x200
                0x00001000                        _Min_Stack_Size = 0x1000

.isr_vector     0x08000000      0x2ac
                0x08000000                        . = ALIGN (0x4)
 *(.isr_vector)
 .isr_vector    0x08000000      0x2ac ./Core/Startup/startup_stm32h7a3zitx.o
                0x08000000                g_pfnVectors
                0x080002ac                        . = ALIGN (0x4)

.text           0x080002b0    0x3032c
                0x080002b0                        . = ALIGN (0x4)
 *(.text)
 .text          0x080002b0       0x40 C:/ST/STM32CubeIDE_1.16.1/STM32CubeIDE/plugins/com.st.stm32cube.ide.mcu.externaltools.gnu-tools-for-stm32.12.3.rel1.win32_1.1.0.202410251130/tools/bin/../lib/gcc/arm-none-eabi/12.3.1/thumb/v7e-m+dp/hard/crtbegin.o
 .text          0x080002f0       0xa0 ./Core/Src/DIX9211init.o
                0x080002f0                DIX9211init
 .text          0x08000390       0x50 ./Core/Src/dma.o
                0x08000390                MX_DMA_Init
 .text          0x080003e0      0x3f0 ./Core/Src/fmc.o
                0x080003e0                flashBoot
                0x080003f8                MX_FMC_Init
                0x08000708                HAL_NAND_MspInit
                0x0800071c                HAL_SDRAM_MspInit
                0x080007a8                HAL_NAND_MspDeInit
                0x080007bc                HAL_SDRAM_MspDeInit
 .text          0x080007d0      0x1c8 ./Core/Src/gpio.o
                0x080007d0                MX_GPIO_Init
 .text          0x08000998      0x2ec ./Core/Src/i2c.o
                0x08000998                MX_I2C1_Init
                0x08000a18                MX_I2C2_Init
                0x08000a98                HAL_I2C_MspInit
                0x08000c08                HAL_I2C_MspDeInit
 .text          0x08000c84      0x554 ./Core/Src/i2s.o
                0x08000c84                MX_I2S1_Init
                0x08000cec                MX_I2S2_Init
                0x08000d54                HAL_I2S_MspInit
                0x08000fd0                HAL_I2S_MspDeInit
                0x08001074                changeFreq
 .text          0x080011d8      0x284 ./Core/Src/keypad.o
                0x080011d8                GetKey
                0x08001272                ReadOneColPin
                0x080012f4                DriveOneRowPin
                0x080013b0                DriveAllRowPins
                0x08001428                interruptTest
 .text          0x0800145c      0xa0c ./Core/Src/main.o
                0x0800145c                main
                0x0800156c                SystemClock_Config
                0x0800165c                PeriphCommonClock_Config
                0x0800170c                HAL_I2S_RxCpltCallback
                0x08001804                HAL_I2S_TxCpltCallback
                0x08001914                HAL_I2S_RxHalfCpltCallback
                0x080019a4                HAL_I2S_TxHalfCpltCallback
                0x08001a48                HAL_I2S_ErrorCallback
                0x08001a68                HAL_GPIO_EXTI_Callback
                0x08001ccc                testFlash
                0x08001d08                testRAM
                0x08001e5c                Error_Handler
 .text          0x08001e68       0xe6 ./Core/Src/sdram_init.o
                0x08001e68                SDRAM_Initialization_Sequence
 *fill*         0x08001f4e        0x2 
 .text          0x08001f50      0x188 ./Core/Src/spdifrx.o
                0x08001f50                MX_SPDIFRX_Init
                0x08001fc4                HAL_SPDIFRX_MspInit
                0x08002098                HAL_SPDIFRX_MspDeInit
 .text          0x080020d8       0x34 ./Core/Src/stm32h7xx_hal_msp.o
                0x080020d8                HAL_MspInit
 .text          0x0800210c      0x244 ./Core/Src/stm32h7xx_it.o
                0x0800210c                NMI_Handler
                0x08002114                HardFault_Handler
                0x08002144                MemManage_Handler
                0x0800214c                BusFault_Handler
                0x08002154                UsageFault_Handler
                0x0800215c                SVC_Handler
                0x0800216a                DebugMon_Handler
                0x08002178                PendSV_Handler
                0x08002186                SysTick_Handler
                0x08002192                EXTI2_IRQHandler
                0x080021a4                EXTI3_IRQHandler
                0x080021ba                DMA1_Stream0_IRQHandler
                0x080021cc                DMA1_Stream1_IRQHandler
                0x080021e0                EXTI9_5_IRQHandler
                0x080021f6                TIM2_IRQHandler
                0x08002208                SPI1_IRQHandler
                0x0800221c                SPI2_IRQHandler
                0x08002230                EXTI15_10_IRQHandler
                0x08002254                OTG_HS_EP1_OUT_IRQHandler
                0x08002268                OTG_HS_EP1_IN_IRQHandler
                0x0800227c                OTG_HS_IRQHandler
                0x08002290                SPDIF_RX_IRQHandler
                0x080022a4                clearAllInterrupts
                0x080022e8                doEverythingFunction
 .text          0x08002350      0x216 ./Core/Src/syscalls.o
                0x08002350                initialise_monitor_handles
                0x0800235e                _getpid
                0x0800236e                _kill
                0x0800238e                _exit
                0x080023a4                _read
                0x080023de                _write
                0x08002416                _close
                0x0800242e                _fstat
                0x0800244e                _isatty
                0x08002464                _lseek
                0x0800247e                _open
                0x0800249a                _wait
                0x080024b8                _unlink
                0x080024d6                _times
                0x080024ee                _stat
                0x0800250e                _link
                0x0800252e                _fork
                0x08002544                _execve
 *fill*         0x08002566        0x2 
 .text          0x08002568       0x6c ./Core/Src/sysmem.o
                0x08002568                _sbrk
 .text          0x080025d4      0x3e4 ./Core/Src/system_stm32h7xx.o
                0x080025d4                SystemInit
                0x080026c4                SystemCoreClockUpdate
 .text          0x080029b8      0x11c ./Core/Src/tim.o
                0x080029b8                MX_TIM2_Init
                0x08002a54                HAL_TIM_Base_MspInit
                0x08002aa0                HAL_TIM_Base_MspDeInit
 .text          0x08002ad4      0xa28 ./Drivers/STM32H7xx_HAL_Driver/Src/stm32h7xx_hal.o
                0x08002ad4                HAL_Init
                0x08002b4c                HAL_DeInit
                0x08002c16                HAL_MspDeInit
                0x08002c24                HAL_InitTick
                0x08002c90                HAL_IncTick
                0x08002cb8                HAL_GetTick
                0x08002cd0                HAL_GetTickPrio
                0x08002ce8                HAL_SetTickFreq
                0x08002d38                HAL_GetTickFreq
                0x08002d50                HAL_Delay
                0x08002d98                HAL_SuspendTick
                0x08002db8                HAL_ResumeTick
                0x08002dd8                HAL_GetHalVersion
                0x08002dec                HAL_GetREVID
                0x08002e04                HAL_GetDEVID
                0x08002e20                HAL_GetUIDw0
                0x08002e38                HAL_GetUIDw1
                0x08002e50                HAL_GetUIDw2
                0x08002e68                HAL_SYSCFG_VREFBUF_VoltageScalingConfig
                0x08002e90                HAL_SYSCFG_VREFBUF_HighImpedanceConfig
                0x08002eb8                HAL_SYSCFG_VREFBUF_TrimmingConfig
                0x08002ee0                HAL_SYSCFG_EnableVREFBUF
                0x08002f28                HAL_SYSCFG_DisableVREFBUF
                0x08002f48                HAL_SYSCFG_AnalogSwitchConfig
                0x08002f74                HAL_EnableCompensationCell
                0x08002f94                HAL_DisableCompensationCell
                0x08002fb4                HAL_SYSCFG_EnableIOSpeedOptimize
                0x08002fd4                HAL_SYSCFG_DisableIOSpeedOptimize
                0x08002ff4                HAL_SYSCFG_CompensationCodeSelect
                0x0800301c                HAL_SYSCFG_CompensationCodeConfig
                0x0800304c                HAL_SYSCFG_VDDMMC_CompensationCodeConfig
                0x0800307c                HAL_DBGMCU_EnableDBGSleepMode
                0x0800309c                HAL_DBGMCU_DisableDBGSleepMode
                0x080030bc                HAL_DBGMCU_EnableDBGStopMode
                0x080030dc                HAL_DBGMCU_DisableDBGStopMode
                0x080030fc                HAL_DBGMCU_EnableDBGStandbyMode
                0x0800311c                HAL_DBGMCU_DisableDBGStandbyMode
                0x0800313c                HAL_EnableDomain3DBGStopMode
                0x0800315c                HAL_DisableDomain3DBGStopMode
                0x0800317c                HAL_EnableDomain3DBGStandbyMode
                0x0800319c                HAL_DisableDomain3DBGStandbyMode
                0x080031bc                HAL_SetFMCMemorySwappingConfig
                0x080031e4                HAL_GetFMCMemorySwappingConfig
                0x08003200                HAL_EXTI_EdgeConfig
                0x080032d0                HAL_EXTI_GenerateSWInterrupt
                0x08003310                HAL_EXTI_D1_ClearFlag
                0x08003340                HAL_EXTI_D1_EventInputConfig
                0x0800342c                HAL_EXTI_D3_EventInputConfig
 .text          0x080034fc      0x6cc ./Drivers/STM32H7xx_HAL_Driver/Src/stm32h7xx_hal_cortex.o
                0x080038cc                HAL_NVIC_SetPriorityGrouping
                0x080038e2                HAL_NVIC_SetPriority
                0x08003916                HAL_NVIC_EnableIRQ
                0x08003932                HAL_NVIC_DisableIRQ
                0x0800394e                HAL_NVIC_SystemReset
                0x08003956                HAL_SYSTICK_Config
                0x0800396e                HAL_MPU_Disable
                0x0800399c                HAL_MPU_Enable
                0x080039dc                HAL_MPU_EnableRegion
                0x08003a08                HAL_MPU_DisableRegion
                0x08003a34                HAL_MPU_ConfigRegion
                0x08003ab4                HAL_NVIC_GetPriorityGrouping
                0x08003ac2                HAL_NVIC_GetPriority
                0x08003aee                HAL_NVIC_SetPendingIRQ
                0x08003b0a                HAL_NVIC_GetPendingIRQ
                0x08003b28                HAL_NVIC_ClearPendingIRQ
                0x08003b44                HAL_NVIC_GetActive
                0x08003b62                HAL_SYSTICK_CLKSourceConfig
                0x08003b9c                HAL_SYSTICK_IRQHandler
                0x08003ba8                HAL_SYSTICK_Callback
                0x08003bb6                HAL_GetCurrentCPUID
 .text          0x08003bc8     0x3e28 ./Drivers/STM32H7xx_HAL_Driver/Src/stm32h7xx_hal_dma.o
                0x08003bc8                HAL_DMA_Init
                0x080042e4                HAL_DMA_DeInit
                0x080047fc                HAL_DMA_Start
                0x08004a3c                HAL_DMA_Start_IT
                0x08004f10                HAL_DMA_Abort
                0x0800554c                HAL_DMA_Abort_IT
                0x080059d6                HAL_DMA_PollForTransfer
                0x08006128                HAL_DMA_IRQHandler
                0x08006fec                HAL_DMA_RegisterCallback
                0x080070a0                HAL_DMA_UnRegisterCallback
                0x0800717a                HAL_DMA_GetState
                0x08007196                HAL_DMA_GetError
 .text          0x080079f0      0x6a4 ./Drivers/STM32H7xx_HAL_Driver/Src/stm32h7xx_hal_gpio.o
                0x080079f0                HAL_GPIO_Init
                0x08007d50                HAL_GPIO_DeInit
                0x08007f64                HAL_GPIO_ReadPin
                0x08007f94                HAL_GPIO_WritePin
                0x08007fc6                HAL_GPIO_TogglePin
                0x08007ffa                HAL_GPIO_LockPin
                0x0800804a                HAL_GPIO_EXTI_IRQHandler
 .text          0x08008094     0x5bac ./Drivers/STM32H7xx_HAL_Driver/Src/stm32h7xx_hal_i2c.o
                0x08008094                HAL_I2C_Init
                0x080081cc                HAL_I2C_DeInit
                0x08008252                HAL_I2C_Master_Transmit
                0x08008480                HAL_I2C_Master_Receive
                0x0800866c                HAL_I2C_Slave_Transmit
                0x08008906                HAL_I2C_Slave_Receive
                0x08008b26                HAL_I2C_Master_Transmit_IT
                0x08008c58                HAL_I2C_Master_Receive_IT
                0x08008d38                HAL_I2C_Slave_Transmit_IT
                0x08008e14                HAL_I2C_Slave_Receive_IT
                0x08008eb4                HAL_I2C_Master_Transmit_DMA
                0x080090dc                HAL_I2C_Master_Receive_DMA
                0x080092bc                HAL_I2C_Slave_Transmit_DMA
                0x08009494                HAL_I2C_Slave_Receive_DMA
                0x08009600                HAL_I2C_Mem_Write
                0x08009828                HAL_I2C_Mem_Read
                0x08009a5c                HAL_I2C_Mem_Write_IT
                0x08009b70                HAL_I2C_Mem_Read_IT
                0x08009c7c                HAL_I2C_Mem_Write_DMA
                0x08009e48                HAL_I2C_Mem_Read_DMA
                0x0800a014                HAL_I2C_IsDeviceReady
                0x0800a220                HAL_I2C_Master_Seq_Transmit_IT
                0x0800a39c                HAL_I2C_Master_Seq_Transmit_DMA
                0x0800a63a                HAL_I2C_Master_Seq_Receive_IT
                0x0800a740                HAL_I2C_Master_Seq_Receive_DMA
                0x0800a948                HAL_I2C_Slave_Seq_Transmit_IT
                0x0800aaac                HAL_I2C_Slave_Seq_Transmit_DMA
                0x0800ad38                HAL_I2C_Slave_Seq_Receive_IT
                0x0800ae9c                HAL_I2C_Slave_Seq_Receive_DMA
                0x0800b128                HAL_I2C_EnableListen_IT
                0x0800b168                HAL_I2C_DisableListen_IT
                0x0800b1ca                HAL_I2C_Master_Abort_IT
                0x0800b274                HAL_I2C_EV_IRQHandler
                0x0800b2a8                HAL_I2C_ER_IRQHandler
                0x0800b35e                HAL_I2C_MasterTxCpltCallback
                0x0800b372                HAL_I2C_MasterRxCpltCallback
                0x0800b386                HAL_I2C_SlaveTxCpltCallback
                0x0800b39a                HAL_I2C_SlaveRxCpltCallback
                0x0800b3ae                HAL_I2C_AddrCallback
                0x0800b3ca                HAL_I2C_ListenCpltCallback
                0x0800b3de                HAL_I2C_MemTxCpltCallback
                0x0800b3f2                HAL_I2C_MemRxCpltCallback
                0x0800b406                HAL_I2C_ErrorCallback
                0x0800b41a                HAL_I2C_AbortCpltCallback
                0x0800b42e                HAL_I2C_GetState
                0x0800b44a                HAL_I2C_GetMode
                0x0800b466                HAL_I2C_GetError
 .text          0x0800dc40      0x2c4 ./Drivers/STM32H7xx_HAL_Driver/Src/stm32h7xx_hal_i2c_ex.o
                0x0800dc40                HAL_I2CEx_ConfigAnalogFilter
                0x0800dcd6                HAL_I2CEx_ConfigDigitalFilter
                0x0800dd6e                HAL_I2CEx_EnableWakeUp
                0x0800ddf2                HAL_I2CEx_DisableWakeUp
                0x0800de76                HAL_I2CEx_EnableFastModePlus
                0x0800debc                HAL_I2CEx_DisableFastModePlus
 .text          0x0800df04     0x1a34 ./Drivers/STM32H7xx_HAL_Driver/Src/stm32h7xx_hal_i2s.o
                0x0800df04                HAL_I2S_Init
                0x0800e164                HAL_I2S_DeInit
                0x0800e1dc                HAL_I2S_Transmit
                0x0800e3a8                HAL_I2S_Receive
                0x0800e542                HAL_I2SEx_TransmitReceive
                0x0800e794                HAL_I2S_Transmit_IT
                0x0800e8a4                HAL_I2S_Receive_IT
                0x0800e9b4                HAL_I2SEx_TransmitReceive_IT
                0x0800eadc                HAL_I2S_Transmit_DMA
                0x0800ec20                HAL_I2S_Receive_DMA
                0x0800ed64                HAL_I2SEx_TransmitReceive_DMA
                0x0800ef24                HAL_I2S_DMAPause
                0x0800f042                HAL_I2S_DMAResume
                0x0800f0c6                HAL_I2S_DMAStop
                0x0800f164                HAL_I2S_EnableIOSwap
                0x0800f1d6                HAL_I2S_DisableIOSwap
                0x0800f248                HAL_I2S_IsEnabledIOSwap
                0x0800f27c                HAL_I2S_IRQHandler
                0x0800f4bc                HAL_I2SEx_TxRxHalfCpltCallback
                0x0800f4d0                HAL_I2SEx_TxRxCpltCallback
                0x0800f4f8                HAL_I2S_GetState
                0x0800f514                HAL_I2S_GetError
 .text          0x0800f938     0x12d0 ./Drivers/STM32H7xx_HAL_Driver/Src/stm32h7xx_hal_mdma.o
                0x0800f938                HAL_MDMA_Init
                0x0800f9d0                HAL_MDMA_DeInit
                0x0800fa80                HAL_MDMA_ConfigPostRequestMask
                0x0800fb24                HAL_MDMA_RegisterCallback
                0x0800fbd6                HAL_MDMA_UnRegisterCallback
                0x0800fcb2                HAL_MDMA_LinkedList_CreateNode
                0x0800fe6a                HAL_MDMA_LinkedList_AddNode
                0x0800fff2                HAL_MDMA_LinkedList_RemoveNode
                0x08010158                HAL_MDMA_LinkedList_EnableCircularMode
                0x080101de                HAL_MDMA_LinkedList_DisableCircularMode
                0x08010262                HAL_MDMA_Start
                0x0801030c                HAL_MDMA_Start_IT
                0x0801040e                HAL_MDMA_Abort
                0x080104c4                HAL_MDMA_Abort_IT
                0x08010512                HAL_MDMA_PollForTransfer
                0x080106a6                HAL_MDMA_GenerateSWRequest
                0x0801071a                HAL_MDMA_IRQHandler
                0x080109c4                HAL_MDMA_GetState
                0x080109e0                HAL_MDMA_GetError
 .text          0x08010c08     0x1ce4 ./Drivers/STM32H7xx_HAL_Driver/Src/stm32h7xx_hal_nand.o
                0x08010c08                HAL_NAND_Init
                0x08010c9c                HAL_NAND_DeInit
                0x08010cfc                HAL_NAND_IRQHandler
                0x08010d9c                HAL_NAND_ITCallback
                0x08010db0                HAL_NAND_Read_ID
                0x08010eac                HAL_NAND_Reset
                0x08010f20                HAL_NAND_ConfigDevice
                0x08010f72                HAL_NAND_Read_Page_8b
                0x08011226                HAL_NAND_Read_Page_16b
                0x080114ec                HAL_NAND_Write_Page_8b
                0x0801179c                HAL_NAND_Write_Page_16b
                0x08011a5e                HAL_NAND_Read_SpareArea_8b
                0x08011d34                HAL_NAND_Read_SpareArea_16b
                0x0801200a                HAL_NAND_Write_SpareArea_8b
                0x080122ec                HAL_NAND_Write_SpareArea_16b
                0x080125ce                HAL_NAND_Erase_Block
                0x08012708                HAL_NAND_Address_Inc
                0x08012786                HAL_NAND_ECC_Enable
                0x080127d8                HAL_NAND_ECC_Disable
                0x0801282a                HAL_NAND_GetECC
                0x08012884                HAL_NAND_GetState
                0x080128a0                HAL_NAND_Read_Status
 .text          0x080128ec     0x17c8 ./Drivers/STM32H7xx_HAL_Driver/Src/stm32h7xx_hal_pcd.o
                0x080128ec                HAL_PCD_Init
                0x08012b04                HAL_PCD_DeInit
                0x08012b72                HAL_PCD_Start
                0x08012bdc                HAL_PCD_Stop
                0x08012c52                HAL_PCD_IRQHandler
                0x080136da                HAL_PCD_DevConnect
                0x0801373a                HAL_PCD_DevDisconnect
                0x0801379a                HAL_PCD_SetAddress
                0x080137e2                HAL_PCD_EP_Open
                0x080138b6                HAL_PCD_EP_Close
                0x0801394a                HAL_PCD_EP_Receive
                0x080139c0                HAL_PCD_EP_GetRxCount
                0x080139f0                HAL_PCD_EP_Transmit
                0x08013a64                HAL_PCD_EP_SetStall
                0x08013b2a                HAL_PCD_EP_ClrStall
                0x08013bd6                HAL_PCD_EP_Abort
                0x08013c38                HAL_PCD_EP_Flush
                0x08013c92                HAL_PCD_ActivateRemoteWakeup
                0x08013cae                HAL_PCD_DeActivateRemoteWakeup
                0x08013cca                HAL_PCD_GetState
                0x08013ce6                HAL_PCD_SetTestMode
 .text          0x080140b4      0x2ec ./Drivers/STM32H7xx_HAL_Driver/Src/stm32h7xx_hal_pcd_ex.o
                0x080140b4                HAL_PCDEx_SetTxFiFo
                0x08014142                HAL_PCDEx_SetRxFiFo
                0x08014164                HAL_PCDEx_ActivateLPM
                0x080141ac                HAL_PCDEx_DeActivateLPM
                0x080141ec                HAL_PCDEx_BCD_VBUSDetect
                0x080142d4                HAL_PCDEx_ActivateBCD
                0x08014328                HAL_PCDEx_DeActivateBCD
                0x08014370                HAL_PCDEx_LPM_Callback
                0x08014388                HAL_PCDEx_BCD_Callback
 .text          0x080143a0      0x374 ./Drivers/STM32H7xx_HAL_Driver/Src/stm32h7xx_hal_pwr.o
                0x080143a0                HAL_PWR_DeInit
                0x080143ae                HAL_PWR_EnableBkUpAccess
                0x080143cc                HAL_PWR_DisableBkUpAccess
                0x080143ec                HAL_PWR_ConfigPVD
                0x080144e0                HAL_PWR_EnablePVD
                0x08014500                HAL_PWR_DisablePVD
                0x08014520                HAL_PWR_EnableWakeUpPin
                0x0801454c                HAL_PWR_DisableWakeUpPin
                0x08014578                HAL_PWR_EnterSLEEPMode
                0x080145ac                HAL_PWR_EnterSTOPMode
                0x08014618                HAL_PWR_EnterSTANDBYMode
                0x08014654                HAL_PWR_EnableSleepOnExit
                0x08014674                HAL_PWR_DisableSleepOnExit
                0x08014694                HAL_PWR_EnableSEVOnPend
                0x080146b4                HAL_PWR_DisableSEVOnPend
                0x080146d4                HAL_PWR_PVD_IRQHandler
                0x08014706                HAL_PWR_PVDCallback
 .text          0x08014714      0xb00 ./Drivers/STM32H7xx_HAL_Driver/Src/stm32h7xx_hal_pwr_ex.o
                0x08014714                HAL_PWREx_ConfigSupply
                0x08014788                HAL_PWREx_GetSupplyConfig
                0x080147a4                HAL_PWREx_ControlVoltageScaling
                0x08014808                HAL_PWREx_GetVoltageRange
                0x08014824                HAL_PWREx_ControlStopModeVoltageScaling
                0x08014850                HAL_PWREx_GetStopModeVoltageRange
                0x0801486c                HAL_PWREx_EnterSTOP2Mode
                0x080148e4                HAL_PWREx_EnterSTOPMode
                0x08014968                HAL_PWREx_ClearPendingEvent
                0x08014978                HAL_PWREx_EnterSTANDBYMode
                0x080149c4                HAL_PWREx_ConfigD3Domain
                0x080149ec                HAL_PWREx_EnableFlashPowerDown
                0x08014a0c                HAL_PWREx_DisableFlashPowerDown
                0x08014a2c                HAL_PWREx_EnableMemoryShutOff
                0x08014a50                HAL_PWREx_DisableMemoryShutOff
                0x08014a78                HAL_PWREx_EnableWakeUpPin
                0x08014ba0                HAL_PWREx_DisableWakeUpPin
                0x08014bc8                HAL_PWREx_GetWakeupFlag
                0x08014be8                HAL_PWREx_ClearWakeupFlag
                0x08014c20                HAL_PWREx_WAKEUP_PIN_IRQHandler
                0x08014cd4                HAL_PWREx_WKUP1_Callback
                0x08014ce2                HAL_PWREx_WKUP2_Callback
                0x08014cf0                HAL_PWREx_WKUP3_Callback
                0x08014cfe                HAL_PWREx_WKUP4_Callback
                0x08014d0c                HAL_PWREx_WKUP5_Callback
                0x08014d1a                HAL_PWREx_WKUP6_Callback
                0x08014d28                HAL_PWREx_EnableBkUpReg
                0x08014d74                HAL_PWREx_DisableBkUpReg
                0x08014dc0                HAL_PWREx_EnableUSBReg
                0x08014e0c                HAL_PWREx_DisableUSBReg
                0x08014e58                HAL_PWREx_EnableUSBVoltageDetector
                0x08014e78                HAL_PWREx_DisableUSBVoltageDetector
                0x08014e98                HAL_PWREx_EnableBatteryCharging
                0x08014ecc                HAL_PWREx_DisableBatteryCharging
                0x08014eec                HAL_PWREx_EnableAnalogBooster
                0x08014f18                HAL_PWREx_DisableAnalogBooster
                0x08014f44                HAL_PWREx_EnableMonitoring
                0x08014f64                HAL_PWREx_DisableMonitoring
                0x08014f84                HAL_PWREx_GetTemperatureLevel
                0x08014fcc                HAL_PWREx_GetVBATLevel
                0x08015014                HAL_PWREx_GetMMCVoltage
                0x08015044                HAL_PWREx_ConfigAVD
                0x08015130                HAL_PWREx_EnableAVD
                0x08015150                HAL_PWREx_DisableAVD
                0x08015170                HAL_PWREx_PVD_AVD_IRQHandler
                0x08015204                HAL_PWREx_AVDCallback
 .text          0x08015214     0x157c ./Drivers/STM32H7xx_HAL_Driver/Src/stm32h7xx_hal_rcc.o
                0x08015214                HAL_RCC_DeInit
                0x08015474                HAL_RCC_OscConfig
                0x08015cd8                HAL_RCC_ClockConfig
                0x08016044                HAL_RCC_MCOConfig
                0x08016118                HAL_RCC_EnableCSS
                0x08016138                HAL_RCC_DisableCSS
                0x08016158                HAL_RCC_GetSysClockFreq
                0x0801644c                HAL_RCC_GetHCLKFreq
                0x080164ac                HAL_RCC_GetPCLK1Freq
                0x080164d8                HAL_RCC_GetPCLK2Freq
                0x08016504                HAL_RCC_GetOscConfig
                0x080166d4                HAL_RCC_GetClockConfig
                0x08016758                HAL_RCC_NMI_IRQHandler
                0x08016780                HAL_RCC_CSSCallback
 .text          0x08016790     0x2fd0 ./Drivers/STM32H7xx_HAL_Driver/Src/stm32h7xx_hal_rcc_ex.o
                0x08016790                HAL_RCCEx_PeriphCLKConfig
                0x08017b0c                HAL_RCCEx_GetPeriphCLKConfig
                0x08017e08                HAL_RCCEx_GetPeriphCLKFreq
                0x080187b8                HAL_RCCEx_GetD1PCLK1Freq
                0x080187e4                HAL_RCCEx_GetD3PCLK1Freq
                0x08018810                HAL_RCCEx_GetPLL2ClockFreq
                0x08018ab8                HAL_RCCEx_GetPLL3ClockFreq
                0x08018d60                HAL_RCCEx_GetPLL1ClockFreq
                0x08019004                HAL_RCCEx_GetD1SysClockFreq
                0x08019064                HAL_RCCEx_EnableLSECSS
                0x08019084                HAL_RCCEx_DisableLSECSS
                0x080190b0                HAL_RCCEx_EnableLSECSS_IT
                0x08019100                HAL_RCCEx_WakeUpStopCLKConfig
                0x08019128                HAL_RCCEx_KerWakeUpStopCLKConfig
                0x08019150                HAL_RCCEx_CRSConfig
                0x080191fc                HAL_RCCEx_CRSSoftwareSynchronizationGenerate
                0x0801921c                HAL_RCCEx_CRSGetSynchronizationInfo
                0x08019264                HAL_RCCEx_CRSWaitSynchronization
                0x08019348                HAL_RCCEx_CRS_IRQHandler
                0x08019424                HAL_RCCEx_CRS_SyncOkCallback
                0x08019432                HAL_RCCEx_CRS_SyncWarnCallback
                0x08019440                HAL_RCCEx_CRS_ExpectedSyncCallback
                0x0801944e                HAL_RCCEx_CRS_ErrorCallback
                0x08019728                HAL_RCCEx_LSECSS_IRQHandler
                0x08019750                HAL_RCCEx_LSECSS_Callback
 .text          0x08019760      0x908 ./Drivers/STM32H7xx_HAL_Driver/Src/stm32h7xx_hal_sdram.o
                0x08019760                HAL_SDRAM_Init
                0x080197d8                HAL_SDRAM_DeInit
                0x08019838                HAL_SDRAM_IRQHandler
                0x0801986c                HAL_SDRAM_RefreshErrorCallback
                0x08019880                HAL_SDRAM_DMA_XferCpltCallback
                0x08019894                HAL_SDRAM_DMA_XferErrorCallback
                0x080198a8                HAL_SDRAM_Read_8b
                0x08019944                HAL_SDRAM_Write_8b
                0x080199dc                HAL_SDRAM_Read_16b
                0x08019a9e                HAL_SDRAM_Write_16b
                0x08019b74                HAL_SDRAM_Read_32b
                0x08019c0e                HAL_SDRAM_Write_32b
                0x08019ca6                HAL_SDRAM_Read_DMA
                0x08019d50                HAL_SDRAM_Write_DMA
                0x08019de4                HAL_SDRAM_WriteProtection_Enable
                0x08019e36                HAL_SDRAM_WriteProtection_Disable
                0x08019e84                HAL_SDRAM_SendCommand
                0x08019eee                HAL_SDRAM_ProgramRefreshRate
                0x08019f3e                HAL_SDRAM_SetAutoRefreshNumber
                0x08019f8e                HAL_SDRAM_GetModeStatus
                0x08019fb0                HAL_SDRAM_GetState
 .text          0x0801a068     0x1190 ./Drivers/STM32H7xx_HAL_Driver/Src/stm32h7xx_hal_spdifrx.o
                0x0801a068                HAL_SPDIFRX_Init
                0x0801a144                HAL_SPDIFRX_DeInit
                0x0801a1bc                HAL_SPDIFRX_SetDataFormat
                0x0801a242                HAL_SPDIFRX_ReceiveDataFlow
                0x0801a332                HAL_SPDIFRX_ReceiveCtrlFlow
                0x0801a422                HAL_SPDIFRX_ReceiveDataFlow_IT
                0x0801a5d0                HAL_SPDIFRX_ReceiveCtrlFlow_IT
                0x0801a780                HAL_SPDIFRX_ReceiveDataFlow_DMA
                0x0801a968                HAL_SPDIFRX_ReceiveCtrlFlow_DMA
                0x0801ab50                HAL_SPDIFRX_DMAStop
                0x0801ade8                HAL_SPDIFRX_IRQHandler
                0x0801aea8                HAL_SPDIFRX_RxHalfCpltCallback
                0x0801aebc                HAL_SPDIFRX_RxCpltCallback
                0x0801aed0                HAL_SPDIFRX_CxHalfCpltCallback
                0x0801aee4                HAL_SPDIFRX_CxCpltCallback
                0x0801aef8                HAL_SPDIFRX_ErrorCallback
                0x0801af0c                HAL_SPDIFRX_GetState
                0x0801af28                HAL_SPDIFRX_GetError
 .text          0x0801b1f8     0x6bcc ./Drivers/STM32H7xx_HAL_Driver/Src/stm32h7xx_hal_tim.o
                0x0801b1f8                HAL_TIM_Base_Init
                0x0801b2a6                HAL_TIM_Base_DeInit
                0x0801b386                HAL_TIM_Base_Start
                0x0801b464                HAL_TIM_Base_Stop
                0x0801b4b2                HAL_TIM_Base_Start_IT
                0x0801b5a0                HAL_TIM_Base_Stop_IT
                0x0801b5fe                HAL_TIM_Base_Start_DMA
                0x0801b754                HAL_TIM_Base_Stop_DMA
                0x0801b7b8                HAL_TIM_OC_Init
                0x0801b866                HAL_TIM_OC_DeInit
                0x0801b91e                HAL_TIM_OC_MspInit
                0x0801b932                HAL_TIM_OC_MspDeInit
                0x0801b946                HAL_TIM_OC_Start
                0x0801bb60                HAL_TIM_OC_Stop
                0x0801bc8c                HAL_TIM_OC_Start_IT
                0x0801bf40                HAL_TIM_OC_Stop_IT
                0x0801c108                HAL_TIM_OC_Start_DMA
                0x0801c554                HAL_TIM_OC_Stop_DMA
                0x0801c744                HAL_TIM_PWM_Init
                0x0801c7f2                HAL_TIM_PWM_DeInit
                0x0801c8aa                HAL_TIM_PWM_MspInit
                0x0801c8be                HAL_TIM_PWM_MspDeInit
                0x0801c8d2                HAL_TIM_PWM_Start
                0x0801caec                HAL_TIM_PWM_Stop
                0x0801cc18                HAL_TIM_PWM_Start_IT
                0x0801cecc                HAL_TIM_PWM_Stop_IT
                0x0801d094                HAL_TIM_PWM_Start_DMA
                0x0801d4e0                HAL_TIM_PWM_Stop_DMA
                0x0801d6d0                HAL_TIM_IC_Init
                0x0801d77e                HAL_TIM_IC_DeInit
                0x0801d836                HAL_TIM_IC_MspInit
                0x0801d84a                HAL_TIM_IC_MspDeInit
                0x0801d85e                HAL_TIM_IC_Start
                0x0801da64                HAL_TIM_IC_Stop
                0x0801db46                HAL_TIM_IC_Start_IT
                0x0801dde4                HAL_TIM_IC_Stop_IT
                0x0801df60                HAL_TIM_IC_Start_DMA
                0x0801e304                HAL_TIM_IC_Stop_DMA
                0x0801e4a6                HAL_TIM_OnePulse_Init
                0x0801e546                HAL_TIM_OnePulse_DeInit
                0x0801e5ce                HAL_TIM_OnePulse_MspInit
                0x0801e5e2                HAL_TIM_OnePulse_MspDeInit
                0x0801e5f6                HAL_TIM_OnePulse_Start
                0x0801e6e4                HAL_TIM_OnePulse_Stop
                0x0801e7e4                HAL_TIM_OnePulse_Start_IT
                0x0801e8f0                HAL_TIM_OnePulse_Stop_IT
                0x0801ea10                HAL_TIM_Encoder_Init
                0x0801eb5c                HAL_TIM_Encoder_DeInit
                0x0801ebe4                HAL_TIM_Encoder_MspInit
                0x0801ebf8                HAL_TIM_Encoder_MspDeInit
                0x0801ec0c                HAL_TIM_Encoder_Start
                0x0801ed28                HAL_TIM_Encoder_Stop
                0x0801ee76                HAL_TIM_Encoder_Start_IT
                0x0801efd2                HAL_TIM_Encoder_Stop_IT
                0x0801f15c                HAL_TIM_Encoder_Start_DMA
                0x0801f434                HAL_TIM_Encoder_Stop_DMA
                0x0801f5e6                HAL_TIM_IRQHandler
                0x0801f7f4                HAL_TIM_OC_ConfigChannel
                0x0801f8e8                HAL_TIM_IC_ConfigChannel
                0x0801fa20                HAL_TIM_PWM_ConfigChannel
                0x0801fc46                HAL_TIM_OnePulse_ConfigChannel
                0x0801fdf4                HAL_TIM_DMABurst_WriteStart
                0x0801fe28                HAL_TIM_DMABurst_MultiWriteStart
                0x080200d0                HAL_TIM_DMABurst_WriteStop
                0x080201c4                HAL_TIM_DMABurst_ReadStart
                0x080201f8                HAL_TIM_DMABurst_MultiReadStart
                0x080204a0                HAL_TIM_DMABurst_ReadStop
                0x08020594                HAL_TIM_GenerateEvent
                0x080205e2                HAL_TIM_ConfigOCrefClear
                0x080207f8                HAL_TIM_ConfigClockSource
                0x080209e8                HAL_TIM_ConfigTI1Input
                0x08020a20                HAL_TIM_SlaveConfigSynchro
                0x08020aa4                HAL_TIM_SlaveConfigSynchro_IT
                0x08020b28                HAL_TIM_ReadCapturedValue
                0x08020bb0                HAL_TIM_PeriodElapsedCallback
                0x08020bc4                HAL_TIM_PeriodElapsedHalfCpltCallback
                0x08020bd8                HAL_TIM_OC_DelayElapsedCallback
                0x08020bec                HAL_TIM_IC_CaptureCallback
                0x08020c00                HAL_TIM_IC_CaptureHalfCpltCallback
                0x08020c14                HAL_TIM_PWM_PulseFinishedCallback
                0x08020c28                HAL_TIM_PWM_PulseFinishedHalfCpltCallback
                0x08020c3c                HAL_TIM_TriggerCallback
                0x08020c50                HAL_TIM_TriggerHalfCpltCallback
                0x08020c64                HAL_TIM_ErrorCallback
                0x08020c78                HAL_TIM_Base_GetState
                0x08020c94                HAL_TIM_OC_GetState
                0x08020cb0                HAL_TIM_PWM_GetState
                0x08020ccc                HAL_TIM_IC_GetState
                0x08020ce8                HAL_TIM_OnePulse_GetState
                0x08020d04                HAL_TIM_Encoder_GetState
                0x08020d20                HAL_TIM_GetActiveChannel
                0x08020d38                HAL_TIM_GetChannelState
                0x08020daa                HAL_TIM_DMABurstState
                0x08020dc6                TIM_DMAError
                0x08020f00                TIM_DMADelayPulseHalfCplt
                0x08020f68                TIM_DMACaptureCplt
                0x08021030                TIM_DMACaptureHalfCplt
                0x0802112c                TIM_Base_SetConfig
                0x0802138c                TIM_OC2_SetConfig
                0x080219ec                TIM_TI1_SetConfig
                0x08021d38                TIM_ETR_SetConfig
                0x08021d78                TIM_CCxChannelCmd
 .text          0x08021dc4     0x2960 ./Drivers/STM32H7xx_HAL_Driver/Src/stm32h7xx_hal_tim_ex.o
                0x08021dc4                HAL_TIMEx_HallSensor_Init
                0x08021f20                HAL_TIMEx_HallSensor_DeInit
                0x08021fa8                HAL_TIMEx_HallSensor_MspInit
                0x08021fbc                HAL_TIMEx_HallSensor_MspDeInit
                0x08021fd0                HAL_TIMEx_HallSensor_Start
                0x080220fc                HAL_TIMEx_HallSensor_Stop
                0x0802216c                HAL_TIMEx_HallSensor_Start_IT
                0x080222a8                HAL_TIMEx_HallSensor_Stop_IT
                0x08022328                HAL_TIMEx_HallSensor_Start_DMA
                0x080224a4                HAL_TIMEx_HallSensor_Stop_DMA
                0x0802251e                HAL_TIMEx_OCN_Start
                0x080226a0                HAL_TIMEx_OCN_Stop
                0x0802275a                HAL_TIMEx_OCN_Start_IT
                0x0802294c                HAL_TIMEx_OCN_Stop_IT
                0x08022a8a                HAL_TIMEx_OCN_Start_DMA
                0x08022d98                HAL_TIMEx_OCN_Stop_DMA
                0x08022ed0                HAL_TIMEx_PWMN_Start
                0x08023054                HAL_TIMEx_PWMN_Stop
                0x0802310e                HAL_TIMEx_PWMN_Start_IT
                0x08023300                HAL_TIMEx_PWMN_Stop_IT
                0x0802343e                HAL_TIMEx_PWMN_Start_DMA
                0x0802374c                HAL_TIMEx_PWMN_Stop_DMA
                0x08023884                HAL_TIMEx_OnePulseN_Start
                0x0802392e                HAL_TIMEx_OnePulseN_Stop
                0x080239ec                HAL_TIMEx_OnePulseN_Start_IT
                0x08023ab6                HAL_TIMEx_OnePulseN_Stop_IT
                0x08023b94                HAL_TIMEx_ConfigCommutEvent
                0x08023c6c                HAL_TIMEx_ConfigCommutEvent_IT
                0x08023d44                HAL_TIMEx_ConfigCommutEvent_DMA
                0x08023e40                HAL_TIMEx_MasterConfigSynchronization
                0x08023f5c                HAL_TIMEx_ConfigBreakDeadTime
                0x08024074                HAL_TIMEx_ConfigBreakInput
                0x08024200                HAL_TIMEx_RemapConfig
                0x0802424a                HAL_TIMEx_TISelection
                0x08024324                HAL_TIMEx_GroupChannel5
                0x0802438a                HAL_TIMEx_DisarmBreakInput
                0x0802441c                HAL_TIMEx_ReArmBreakInput
                0x080244de                HAL_TIMEx_CommutCallback
                0x080244f2                HAL_TIMEx_CommutHalfCpltCallback
                0x08024506                HAL_TIMEx_BreakCallback
                0x0802451a                HAL_TIMEx_Break2Callback
                0x0802452e                HAL_TIMEx_HallSensor_GetState
                0x0802454a                HAL_TIMEx_GetChannelNState
                0x0802459c                TIMEx_DMACommutationCplt
                0x080245c0                TIMEx_DMACommutationHalfCplt
 .text          0x08024724      0x78c ./Drivers/STM32H7xx_HAL_Driver/Src/stm32h7xx_ll_fmc.o
                0x08024724                FMC_NORSRAM_Init
                0x08024844                FMC_NORSRAM_DeInit
                0x080248ac                FMC_NORSRAM_Timing_Init
                0x0802493e                FMC_NORSRAM_Extended_Timing_Init
                0x080249b0                FMC_NORSRAM_WriteOperation_Enable
                0x080249dc                FMC_NORSRAM_WriteOperation_Disable
                0x08024a08                FMC_NAND_Init
                0x08024a5c                FMC_NAND_CommonSpace_Timing_Init
                0x08024a96                FMC_NAND_AttributeSpace_Timing_Init
                0x08024ad0                FMC_NAND_DeInit
                0x08024b10                FMC_NAND_ECC_Enable
                0x08024b34                FMC_NAND_ECC_Disable
                0x08024b58                FMC_NAND_GetECC
                0x08024bae                FMC_SDRAM_Init
                0x08024c64                FMC_SDRAM_Timing_Init
                0x08024d38                FMC_SDRAM_DeInit
                0x08024d7c                FMC_SDRAM_WriteProtection_Enable
                0x08024da8                FMC_SDRAM_WriteProtection_Disable
                0x08024dd4                FMC_SDRAM_SendCommand
                0x08024e1c                FMC_SDRAM_ProgramRefreshRate
                0x08024e4c                FMC_SDRAM_SetAutoRefreshNumber
                0x08024e78                FMC_SDRAM_GetModeStatus
 .text          0x08024eb0     0x2898 ./Drivers/STM32H7xx_HAL_Driver/Src/stm32h7xx_ll_usb.o
                0x08024eb0                USB_CoreInit
                0x08024f94                USB_SetTurnaroundTime
                0x080250d8                USB_EnableGlobalInt
                0x080250fa                USB_DisableGlobalInt
                0x0802511c                USB_SetCurrentMode
                0x080251b4                USB_DevInit
                0x08025470                USB_FlushTxFifo
                0x080254d4                USB_FlushRxFifo
                0x08025530                USB_SetDevSpeed
                0x08025562                USB_GetDevSpeed
                0x080255ac                USB_ActivateEndpoint
                0x080256bc                USB_ActivateDedicatedEndpoint
                0x080257d0                USB_DeactivateEndpoint
                0x08025988                USB_DeactivateDedicatedEndpoint
                0x08025aec                USB_EPStartXfer
                0x08026034                USB_EPStopXfer
                0x08026188                USB_WritePacket
                0x08026204                USB_ReadPacket
                0x080262b4                USB_EPSetStall
                0x08026390                USB_EPClearStall
                0x0802645c                USB_StopDevice
                0x080264fa                USB_SetDevAddress
                0x08026546                USB_DevConnect
                0x08026588                USB_DevDisconnect
                0x080265ca                USB_ReadInterrupts
                0x080265f0                USB_ReadChInterrupts
                0x08026632                USB_ReadDevAllOutEpInterrupt
                0x08026666                USB_ReadDevAllInEpInterrupt
                0x0802669a                USB_ReadDevOutEPInterrupt
                0x080266d6                USB_ReadDevInEPInterrupt
                0x08026732                USB_ClearInterrupts
                0x08026754                USB_GetMode
                0x08026770                USB_ActivateSetup
                0x080267b8                USB_EP0_OutStart
                0x080268d6                USB_HostInit
                0x08026a28                USB_InitFSLSPClkSel
                0x08026aa2                USB_ResetPort
                0x08026af6                USB_DriveVbus
                0x08026b68                USB_GetHostSpeed
                0x08026b96                USB_GetCurrentFrame
                0x08026bb8                USB_HC_Init
                0x08026e00                USB_HC_StartXfer
                0x080272e0                USB_HC_ReadInterrupt
                0x08027302                USB_HC_Halt
                0x08027542                USB_DoPing
                0x080275b8                USB_StopHost
                0x080276dc                USB_ActivateRemoteWakeup
                0x0802771a                USB_DeActivateRemoteWakeup
 .text          0x08027748      0x998 ./Middlewares/ST/STM32_USB_Device_Library/Class/CDC/Src/usbd_cdc.o
                0x08027f24                USBD_CDC_GetDeviceQualifierDescriptor
                0x08027f44                USBD_CDC_RegisterInterface
                0x08027f78                USBD_CDC_SetTxBuffer
                0x08027fbc                USBD_CDC_SetRxBuffer
                0x08027ff6                USBD_CDC_TransmitPacket
                0x08028074                USBD_CDC_ReceivePacket
 .text          0x080280e0      0x914 ./Middlewares/ST/STM32_USB_Device_Library/Core/Src/usbd_core.o
                0x080280e0                USBD_Init
                0x0802815c                USBD_DeInit
                0x080281bc                USBD_RegisterClass
                0x08028244                USBD_Start
                0x0802825c                USBD_Stop
                0x08028292                USBD_RunTestMode
                0x080282a8                USBD_SetClassConfig
                0x080282e0                USBD_ClrClassConfig
                0x08028314                USBD_LL_SetupStage
                0x080283be                USBD_LL_DataOutStage
                0x08028524                USBD_LL_DataInStage
                0x08028688                USBD_LL_Reset
                0x0802872c                USBD_LL_SetSpeed
                0x0802874c                USBD_LL_Suspend
                0x08028784                USBD_LL_Resume
                0x080287b4                USBD_LL_SOF
                0x080287f4                USBD_LL_IsoINIncomplete
                0x08028858                USBD_LL_IsoOUTIncomplete
                0x080288bc                USBD_LL_DevConnected
                0x080288d2                USBD_LL_DevDisconnected
                0x08028918                USBD_CoreFindIF
                0x08028932                USBD_CoreFindEP
                0x0802894c                USBD_GetEpDesc
                0x080289bc                USBD_GetNextDesc
 .text          0x080289f4      0xd08 ./Middlewares/ST/STM32_USB_Device_Library/Core/Src/usbd_ctlreq.o
                0x08028a30                USBD_StdDevReq
                0x08028b12                USBD_StdItfReq
                0x08028bea                USBD_StdEPReq
                0x0802958e                USBD_ParseSetupRequest
                0x08029602                USBD_CtlError
                0x08029624                USBD_GetString
 .text          0x080296fc      0x120 ./Middlewares/ST/STM32_USB_Device_Library/Core/Src/usbd_ioreq.o
                0x080296fc                USBD_CtlSendData
                0x08029732                USBD_CtlContinueSendData
                0x08029754                USBD_CtlPrepareRx
                0x0802978e                USBD_CtlContinueRx
                0x080297b0                USBD_CtlSendStatus
                0x080297d6                USBD_CtlReceiveStatus
                0x080297fc                USBD_GetRxCount
 .text          0x0802981c       0x64 ./USB_DEVICE/App/usb_device.o
                0x0802981c                MX_USB_DEVICE_Init
 .text          0x08029880      0x18c ./USB_DEVICE/App/usbd_cdc_if.o
                0x0802999c                CDC_Transmit_HS
 .text          0x08029a0c      0x244 ./USB_DEVICE/App/usbd_desc.o
                0x08029a0c                USBD_HS_DeviceDescriptor
                0x08029a30                USBD_HS_LangIDStrDescriptor
                0x08029a54                USBD_HS_ProductStrDescriptor
                0x08029a90                USBD_HS_ManufacturerStrDescriptor
                0x08029ab8                USBD_HS_SerialStrDescriptor
                0x08029adc                USBD_HS_ConfigStrDescriptor
                0x08029b18                USBD_HS_InterfaceStrDescriptor
                0x08029b54                USBD_HS_USR_BOSDescriptor
 .text          0x08029c50      0x7e8 ./USB_DEVICE/Target/usbd_conf.o
                0x08029c50                HAL_PCD_MspInit
                0x08029d9c                HAL_PCD_MspDeInit
                0x08029df0                HAL_PCD_SetupStageCallback
                0x08029e14                HAL_PCD_DataOutStageCallback
                0x08029e4a                HAL_PCD_DataInStageCallback
                0x08029e7e                HAL_PCD_SOFCallback
                0x08029e9a                HAL_PCD_ResetCallback
                0x08029eea                HAL_PCD_SuspendCallback
                0x08029f38                HAL_PCD_ResumeCallback
                0x08029f54                HAL_PCD_ISOOUTIncompleteCallback
                0x08029f78                HAL_PCD_ISOINIncompleteCallback
                0x08029f9c                HAL_PCD_ConnectCallback
                0x08029fb8                HAL_PCD_DisconnectCallback
                0x08029fd4                USBD_LL_Init
                0x0802a078                USBD_LL_DeInit
                0x0802a0ae                USBD_LL_Start
                0x0802a0e4                USBD_LL_Stop
                0x0802a11a                USBD_LL_OpenEP
                0x0802a166                USBD_LL_CloseEP
                0x0802a1a4                USBD_LL_FlushEP
                0x0802a1e2                USBD_LL_StallEP
                0x0802a220                USBD_LL_ClearStallEP
                0x0802a25e                USBD_LL_IsStallEP
                0x0802a2b6                USBD_LL_SetUSBAddress
                0x0802a2f4                USBD_LL_Transmit
                0x0802a336                USBD_LL_PrepareReceive
                0x0802a378                USBD_LL_GetRxDataSize
                0x0802a39e                USBD_static_malloc
                0x0802a3b8                USBD_static_free
                0x0802a3cc                USBD_LL_Delay
                0x0802a3e2                USBD_Get_USB_Status
 .text          0x0802a438       0x10 C:/ST/STM32CubeIDE_1.16.1/STM32CubeIDE/plugins/com.st.stm32cube.ide.mcu.externaltools.gnu-tools-for-stm32.12.3.rel1.win32_1.1.0.202410251130/tools/bin/../lib/gcc/arm-none-eabi/12.3.1/../../../../arm-none-eabi/lib/thumb/v7e-m+dp/hard\libc.a(libc_a-strlen.o)
                0x0802a438                strlen
 *fill*         0x0802a448        0x8 
 .text          0x0802a450       0xa0 C:/ST/STM32CubeIDE_1.16.1/STM32CubeIDE/plugins/com.st.stm32cube.ide.mcu.externaltools.gnu-tools-for-stm32.12.3.rel1.win32_1.1.0.202410251130/tools/bin/../lib/gcc/arm-none-eabi/12.3.1/../../../../arm-none-eabi/lib/thumb/v7e-m+dp/hard\libc.a(libc_a-memchr.o)
                0x0802a450                memchr
 .text          0x0802a4f0       0x30 C:/ST/STM32CubeIDE_1.16.1/STM32CubeIDE/plugins/com.st.stm32cube.ide.mcu.externaltools.gnu-tools-for-stm32.12.3.rel1.win32_1.1.0.202410251130/tools/bin/../lib/gcc/arm-none-eabi/12.3.1/thumb/v7e-m+dp/hard\libgcc.a(_aeabi_uldivmod.o)
                0x0802a4f0                __aeabi_uldivmod
 .text          0x0802a520      0x2bc C:/ST/STM32CubeIDE_1.16.1/STM32CubeIDE/plugins/com.st.stm32cube.ide.mcu.externaltools.gnu-tools-for-stm32.12.3.rel1.win32_1.1.0.202410251130/tools/bin/../lib/gcc/arm-none-eabi/12.3.1/thumb/v7e-m+dp/hard\libgcc.a(_udivmoddi4.o)
                0x0802a520                __udivmoddi4
 .text          0x0802a7dc        0x4 C:/ST/STM32CubeIDE_1.16.1/STM32CubeIDE/plugins/com.st.stm32cube.ide.mcu.externaltools.gnu-tools-for-stm32.12.3.rel1.win32_1.1.0.202410251130/tools/bin/../lib/gcc/arm-none-eabi/12.3.1/thumb/v7e-m+dp/hard\libgcc.a(_dvmd_tls.o)
                0x0802a7dc                __aeabi_idiv0
                0x0802a7dc                __aeabi_ldiv0
 *(.text*)
 .text.Reset_Handler
                0x0802a7e0       0x50 ./Core/Startup/startup_stm32h7a3zitx.o
                0x0802a7e0                Reset_Handler
 .text.Default_Handler
                0x0802a830        0x2 ./Core/Startup/startup_stm32h7a3zitx.o
                0x0802a830                RTC_Alarm_IRQHandler
                0x0802a830                TIM8_CC_IRQHandler
                0x0802a830                UART8_IRQHandler
                0x0802a830                BDMA2_Channel1_IRQHandler
                0x0802a830                SPI4_IRQHandler
                0x0802a830                BDMA2_Channel0_IRQHandler
                0x0802a830                TIM1_CC_IRQHandler
                0x0802a830                DMA2_Stream5_IRQHandler
                0x0802a830                JPEG_IRQHandler
                0x0802a830                DMA1_Stream5_IRQHandler
                0x0802a830                LPTIM4_IRQHandler
                0x0802a830                TIM8_TRG_COM_TIM14_IRQHandler
                0x0802a830                LPTIM2_IRQHandler
                0x0802a830                DFSDM1_FLT1_IRQHandler
                0x0802a830                DMAMUX2_OVR_IRQHandler
                0x0802a830                GFXMMU_IRQHandler
                0x0802a830                TIM8_UP_TIM13_IRQHandler
                0x0802a830                I2C3_ER_IRQHandler
                0x0802a830                DFSDM1_FLT2_IRQHandler
                0x0802a830                USART10_IRQHandler
                0x0802a830                MDMA_IRQHandler
                0x0802a830                LPTIM3_IRQHandler
                0x0802a830                BDMA2_Channel3_IRQHandler
                0x0802a830                HSEM1_IRQHandler
                0x0802a830                EXTI0_IRQHandler
                0x0802a830                I2C2_EV_IRQHandler
                0x0802a830                DAC2_IRQHandler
                0x0802a830                DMA1_Stream2_IRQHandler
                0x0802a830                FPU_IRQHandler
                0x0802a830                OTG_HS_WKUP_IRQHandler
                0x0802a830                FDCAN1_IT1_IRQHandler
                0x0802a830                LTDC_ER_IRQHandler
                0x0802a830                DMA2_Stream2_IRQHandler
                0x0802a830                OCTOSPI1_IRQHandler
                0x0802a830                TIM6_DAC_IRQHandler
                0x0802a830                BDMA2_Channel6_IRQHandler
                0x0802a830                DMA2_Stream3_IRQHandler
                0x0802a830                OCTOSPI2_IRQHandler
                0x0802a830                SAI2_IRQHandler
                0x0802a830                BDMA1_IRQHandler
                0x0802a830                DFSDM1_FLT3_IRQHandler
                0x0802a830                USART6_IRQHandler
                0x0802a830                TIM17_IRQHandler
                0x0802a830                USART3_IRQHandler
                0x0802a830                LPTIM5_IRQHandler
                0x0802a830                UART5_IRQHandler
                0x0802a830                DMA2_Stream0_IRQHandler
                0x0802a830                TIM4_IRQHandler
                0x0802a830                I2C1_EV_IRQHandler
                0x0802a830                DMA1_Stream6_IRQHandler
                0x0802a830                DMAMUX1_OVR_IRQHandler
                0x0802a830                TIM16_IRQHandler
                0x0802a830                UART4_IRQHandler
                0x0802a830                TIM3_IRQHandler
                0x0802a830                RCC_IRQHandler
                0x0802a830                UART9_IRQHandler
                0x0802a830                TIM8_BRK_TIM12_IRQHandler
                0x0802a830                TIM1_TRG_COM_IRQHandler
                0x0802a830                Default_Handler
                0x0802a830                ECC_IRQHandler
                0x0802a830                BDMA2_Channel2_IRQHandler
                0x0802a830                CEC_IRQHandler
                0x0802a830                DFSDM1_FLT4_IRQHandler
                0x0802a830                ADC_IRQHandler
                0x0802a830                DMA1_Stream7_IRQHandler
                0x0802a830                SPI5_IRQHandler
                0x0802a830                TIM7_IRQHandler
                0x0802a830                SDMMC1_IRQHandler
                0x0802a830                TIM5_IRQHandler
                0x0802a830                DMA2_Stream7_IRQHandler
                0x0802a830                TIM15_IRQHandler
                0x0802a830                I2C3_EV_IRQHandler
                0x0802a830                DFSDM2_IRQHandler
                0x0802a830                RTC_WKUP_IRQHandler
                0x0802a830                LTDC_IRQHandler
                0x0802a830                PVD_PVM_IRQHandler
                0x0802a830                DFSDM1_FLT5_IRQHandler
                0x0802a830                CRS_IRQHandler
                0x0802a830                EXTI4_IRQHandler
                0x0802a830                DFSDM1_FLT6_IRQHandler
                0x0802a830                RNG_IRQHandler
                0x0802a830                FDCAN2_IT1_IRQHandler
                0x0802a830                COMP_IRQHandler
                0x0802a830                TIM1_UP_IRQHandler
                0x0802a830                WWDG_IRQHandler
                0x0802a830                SPI6_IRQHandler
                0x0802a830                MDIOS_IRQHandler
                0x0802a830                I2C4_EV_IRQHandler
                0x0802a830                FDCAN2_IT0_IRQHandler
                0x0802a830                LPUART1_IRQHandler
                0x0802a830                FDCAN1_IT0_IRQHandler
                0x0802a830                BDMA2_Channel5_IRQHandler
                0x0802a830                DMA2D_IRQHandler
                0x0802a830                TIM1_BRK_IRQHandler
                0x0802a830                EXTI1_IRQHandler
                0x0802a830                SDMMC2_IRQHandler
                0x0802a830                DTS_IRQHandler
                0x0802a830                UART7_IRQHandler
                0x0802a830                MDIOS_WKUP_IRQHandler
                0x0802a830                USART2_IRQHandler
                0x0802a830                DFSDM1_FLT0_IRQHandler
                0x0802a830                I2C2_ER_IRQHandler
                0x0802a830                DMA2_Stream1_IRQHandler
                0x0802a830                DFSDM1_FLT7_IRQHandler
                0x0802a830                FLASH_IRQHandler
                0x0802a830                DMA2_Stream4_IRQHandler
                0x0802a830                USART1_IRQHandler
                0x0802a830                SPI3_IRQHandler
                0x0802a830                WAKEUP_PIN_IRQHandler
                0x0802a830                DMA1_Stream4_IRQHandler
                0x0802a830                I2C1_ER_IRQHandler
                0x0802a830                FMC_IRQHandler
                0x0802a830                BDMA2_Channel7_IRQHandler
                0x0802a830                FDCAN_CAL_IRQHandler
                0x0802a830                SWPMI1_IRQHandler
                0x0802a830                LPTIM1_IRQHandler
                0x0802a830                DCMI_PSSI_IRQHandler
                0x0802a830                I2C4_ER_IRQHandler
                0x0802a830                DMA2_Stream6_IRQHandler
                0x0802a830                SAI1_IRQHandler
                0x0802a830                DMA1_Stream3_IRQHandler
                0x0802a830                RTC_TAMP_STAMP_CSS_LSE_IRQHandler
                0x0802a830                BDMA2_Channel4_IRQHandler
 *fill*         0x0802a832        0x2 
 .text._malloc_r
                0x0802a834      0x474 C:/ST/STM32CubeIDE_1.16.1/STM32CubeIDE/plugins/com.st.stm32cube.ide.mcu.externaltools.gnu-tools-for-stm32.12.3.rel1.win32_1.1.0.202410251130/tools/bin/../lib/gcc/arm-none-eabi/12.3.1/../../../../arm-none-eabi/lib/thumb/v7e-m+dp/hard\libc.a(libc_a-mallocr.o)
                0x0802a834                _malloc_r
 .text.__malloc_lock
                0x0802aca8        0xc C:/ST/STM32CubeIDE_1.16.1/STM32CubeIDE/plugins/com.st.stm32cube.ide.mcu.externaltools.gnu-tools-for-stm32.12.3.rel1.win32_1.1.0.202410251130/tools/bin/../lib/gcc/arm-none-eabi/12.3.1/../../../../arm-none-eabi/lib/thumb/v7e-m+dp/hard\libc.a(libc_a-mlock.o)
                0x0802aca8                __malloc_lock
 .text.__malloc_unlock
                0x0802acb4        0xc C:/ST/STM32CubeIDE_1.16.1/STM32CubeIDE/plugins/com.st.stm32cube.ide.mcu.externaltools.gnu-tools-for-stm32.12.3.rel1.win32_1.1.0.202410251130/tools/bin/../lib/gcc/arm-none-eabi/12.3.1/../../../../arm-none-eabi/lib/thumb/v7e-m+dp/hard\libc.a(libc_a-mlock.o)
                0x0802acb4                __malloc_unlock
 .text.std      0x0802acc0       0x6c C:/ST/STM32CubeIDE_1.16.1/STM32CubeIDE/plugins/com.st.stm32cube.ide.mcu.externaltools.gnu-tools-for-stm32.12.3.rel1.win32_1.1.0.202410251130/tools/bin/../lib/gcc/arm-none-eabi/12.3.1/../../../../arm-none-eabi/lib/thumb/v7e-m+dp/hard\libc.a(libc_a-findfp.o)
 .text.stdio_exit_handler
                0x0802ad2c       0x18 C:/ST/STM32CubeIDE_1.16.1/STM32CubeIDE/plugins/com.st.stm32cube.ide.mcu.externaltools.gnu-tools-for-stm32.12.3.rel1.win32_1.1.0.202410251130/tools/bin/../lib/gcc/arm-none-eabi/12.3.1/../../../../arm-none-eabi/lib/thumb/v7e-m+dp/hard\libc.a(libc_a-findfp.o)
 .text.cleanup_stdio
                0x0802ad44       0x40 C:/ST/STM32CubeIDE_1.16.1/STM32CubeIDE/plugins/com.st.stm32cube.ide.mcu.externaltools.gnu-tools-for-stm32.12.3.rel1.win32_1.1.0.202410251130/tools/bin/../lib/gcc/arm-none-eabi/12.3.1/../../../../arm-none-eabi/lib/thumb/v7e-m+dp/hard\libc.a(libc_a-findfp.o)
 .text.global_stdio_init.part.0
                0x0802ad84       0x3c C:/ST/STM32CubeIDE_1.16.1/STM32CubeIDE/plugins/com.st.stm32cube.ide.mcu.externaltools.gnu-tools-for-stm32.12.3.rel1.win32_1.1.0.202410251130/tools/bin/../lib/gcc/arm-none-eabi/12.3.1/../../../../arm-none-eabi/lib/thumb/v7e-m+dp/hard\libc.a(libc_a-findfp.o)
 .text.__sfp_lock_acquire
                0x0802adc0        0xc C:/ST/STM32CubeIDE_1.16.1/STM32CubeIDE/plugins/com.st.stm32cube.ide.mcu.externaltools.gnu-tools-for-stm32.12.3.rel1.win32_1.1.0.202410251130/tools/bin/../lib/gcc/arm-none-eabi/12.3.1/../../../../arm-none-eabi/lib/thumb/v7e-m+dp/hard\libc.a(libc_a-findfp.o)
                0x0802adc0                __sfp_lock_acquire
 .text.__sfp_lock_release
                0x0802adcc        0xc C:/ST/STM32CubeIDE_1.16.1/STM32CubeIDE/plugins/com.st.stm32cube.ide.mcu.externaltools.gnu-tools-for-stm32.12.3.rel1.win32_1.1.0.202410251130/tools/bin/../lib/gcc/arm-none-eabi/12.3.1/../../../../arm-none-eabi/lib/thumb/v7e-m+dp/hard\libc.a(libc_a-findfp.o)
                0x0802adcc                __sfp_lock_release
 .text.__sinit  0x0802add8       0x30 C:/ST/STM32CubeIDE_1.16.1/STM32CubeIDE/plugins/com.st.stm32cube.ide.mcu.externaltools.gnu-tools-for-stm32.12.3.rel1.win32_1.1.0.202410251130/tools/bin/../lib/gcc/arm-none-eabi/12.3.1/../../../../arm-none-eabi/lib/thumb/v7e-m+dp/hard\libc.a(libc_a-findfp.o)
                0x0802add8                __sinit
 .text._fwalk_sglue
                0x0802ae08       0x3c C:/ST/STM32CubeIDE_1.16.1/STM32CubeIDE/plugins/com.st.stm32cube.ide.mcu.externaltools.gnu-tools-for-stm32.12.3.rel1.win32_1.1.0.202410251130/tools/bin/../lib/gcc/arm-none-eabi/12.3.1/../../../../arm-none-eabi/lib/thumb/v7e-m+dp/hard\libc.a(libc_a-fwalk.o)
                0x0802ae08                _fwalk_sglue
 .text.printf   0x0802ae44       0x24 C:/ST/STM32CubeIDE_1.16.1/STM32CubeIDE/plugins/com.st.stm32cube.ide.mcu.externaltools.gnu-tools-for-stm32.12.3.rel1.win32_1.1.0.202410251130/tools/bin/../lib/gcc/arm-none-eabi/12.3.1/../../../../arm-none-eabi/lib/thumb/v7e-m+dp/hard\libc.a(libc_a-printf.o)
                0x0802ae44                printf
 .text.putchar  0x0802ae68       0x10 C:/ST/STM32CubeIDE_1.16.1/STM32CubeIDE/plugins/com.st.stm32cube.ide.mcu.externaltools.gnu-tools-for-stm32.12.3.rel1.win32_1.1.0.202410251130/tools/bin/../lib/gcc/arm-none-eabi/12.3.1/../../../../arm-none-eabi/lib/thumb/v7e-m+dp/hard\libc.a(libc_a-putchar.o)
                0x0802ae68                putchar
 .text.sprintf  0x0802ae78       0x40 C:/ST/STM32CubeIDE_1.16.1/STM32CubeIDE/plugins/com.st.stm32cube.ide.mcu.externaltools.gnu-tools-for-stm32.12.3.rel1.win32_1.1.0.202410251130/tools/bin/../lib/gcc/arm-none-eabi/12.3.1/../../../../arm-none-eabi/lib/thumb/v7e-m+dp/hard\libc.a(libc_a-sprintf.o)
                0x0802ae78                sprintf
 .text.__sread  0x0802aeb8       0x22 C:/ST/STM32CubeIDE_1.16.1/STM32CubeIDE/plugins/com.st.stm32cube.ide.mcu.externaltools.gnu-tools-for-stm32.12.3.rel1.win32_1.1.0.202410251130/tools/bin/../lib/gcc/arm-none-eabi/12.3.1/../../../../arm-none-eabi/lib/thumb/v7e-m+dp/hard\libc.a(libc_a-stdio.o)
                0x0802aeb8                __sread
 .text.__swrite
                0x0802aeda       0x38 C:/ST/STM32CubeIDE_1.16.1/STM32CubeIDE/plugins/com.st.stm32cube.ide.mcu.externaltools.gnu-tools-for-stm32.12.3.rel1.win32_1.1.0.202410251130/tools/bin/../lib/gcc/arm-none-eabi/12.3.1/../../../../arm-none-eabi/lib/thumb/v7e-m+dp/hard\libc.a(libc_a-stdio.o)
                0x0802aeda                __swrite
 .text.__sseek  0x0802af12       0x24 C:/ST/STM32CubeIDE_1.16.1/STM32CubeIDE/plugins/com.st.stm32cube.ide.mcu.externaltools.gnu-tools-for-stm32.12.3.rel1.win32_1.1.0.202410251130/tools/bin/../lib/gcc/arm-none-eabi/12.3.1/../../../../arm-none-eabi/lib/thumb/v7e-m+dp/hard\libc.a(libc_a-stdio.o)
                0x0802af12                __sseek
 .text.__sclose
                0x0802af36        0x8 C:/ST/STM32CubeIDE_1.16.1/STM32CubeIDE/plugins/com.st.stm32cube.ide.mcu.externaltools.gnu-tools-for-stm32.12.3.rel1.win32_1.1.0.202410251130/tools/bin/../lib/gcc/arm-none-eabi/12.3.1/../../../../arm-none-eabi/lib/thumb/v7e-m+dp/hard\libc.a(libc_a-stdio.o)
                0x0802af36                __sclose
 .text.memset   0x0802af3e       0x10 C:/ST/STM32CubeIDE_1.16.1/STM32CubeIDE/plugins/com.st.stm32cube.ide.mcu.externaltools.gnu-tools-for-stm32.12.3.rel1.win32_1.1.0.202410251130/tools/bin/../lib/gcc/arm-none-eabi/12.3.1/../../../../arm-none-eabi/lib/thumb/v7e-m+dp/hard\libc.a(libc_a-memset.o)
                0x0802af3e                memset
 *fill*         0x0802af4e        0x2 
 .text._close_r
                0x0802af50       0x20 C:/ST/STM32CubeIDE_1.16.1/STM32CubeIDE/plugins/com.st.stm32cube.ide.mcu.externaltools.gnu-tools-for-stm32.12.3.rel1.win32_1.1.0.202410251130/tools/bin/../lib/gcc/arm-none-eabi/12.3.1/../../../../arm-none-eabi/lib/thumb/v7e-m+dp/hard\libc.a(libc_a-closer.o)
                0x0802af50                _close_r
 .text._lseek_r
                0x0802af70       0x24 C:/ST/STM32CubeIDE_1.16.1/STM32CubeIDE/plugins/com.st.stm32cube.ide.mcu.externaltools.gnu-tools-for-stm32.12.3.rel1.win32_1.1.0.202410251130/tools/bin/../lib/gcc/arm-none-eabi/12.3.1/../../../../arm-none-eabi/lib/thumb/v7e-m+dp/hard\libc.a(libc_a-lseekr.o)
                0x0802af70                _lseek_r
 .text._read_r  0x0802af94       0x24 C:/ST/STM32CubeIDE_1.16.1/STM32CubeIDE/plugins/com.st.stm32cube.ide.mcu.externaltools.gnu-tools-for-stm32.12.3.rel1.win32_1.1.0.202410251130/tools/bin/../lib/gcc/arm-none-eabi/12.3.1/../../../../arm-none-eabi/lib/thumb/v7e-m+dp/hard\libc.a(libc_a-readr.o)
                0x0802af94                _read_r
 .text._sbrk_r  0x0802afb8       0x20 C:/ST/STM32CubeIDE_1.16.1/STM32CubeIDE/plugins/com.st.stm32cube.ide.mcu.externaltools.gnu-tools-for-stm32.12.3.rel1.win32_1.1.0.202410251130/tools/bin/../lib/gcc/arm-none-eabi/12.3.1/../../../../arm-none-eabi/lib/thumb/v7e-m+dp/hard\libc.a(libc_a-sbrkr.o)
                0x0802afb8                _sbrk_r
 .text._write_r
                0x0802afd8       0x24 C:/ST/STM32CubeIDE_1.16.1/STM32CubeIDE/plugins/com.st.stm32cube.ide.mcu.externaltools.gnu-tools-for-stm32.12.3.rel1.win32_1.1.0.202410251130/tools/bin/../lib/gcc/arm-none-eabi/12.3.1/../../../../arm-none-eabi/lib/thumb/v7e-m+dp/hard\libc.a(libc_a-writer.o)
                0x0802afd8                _write_r
 .text.__errno  0x0802affc        0xc C:/ST/STM32CubeIDE_1.16.1/STM32CubeIDE/plugins/com.st.stm32cube.ide.mcu.externaltools.gnu-tools-for-stm32.12.3.rel1.win32_1.1.0.202410251130/tools/bin/../lib/gcc/arm-none-eabi/12.3.1/../../../../arm-none-eabi/lib/thumb/v7e-m+dp/hard\libc.a(libc_a-errno.o)
                0x0802affc                __errno
 .text.__libc_init_array
                0x0802b008       0x48 C:/ST/STM32CubeIDE_1.16.1/STM32CubeIDE/plugins/com.st.stm32cube.ide.mcu.externaltools.gnu-tools-for-stm32.12.3.rel1.win32_1.1.0.202410251130/tools/bin/../lib/gcc/arm-none-eabi/12.3.1/../../../../arm-none-eabi/lib/thumb/v7e-m+dp/hard\libc.a(libc_a-init.o)
                0x0802b008                __libc_init_array
 .text.__retarget_lock_init_recursive
                0x0802b050        0x2 C:/ST/STM32CubeIDE_1.16.1/STM32CubeIDE/plugins/com.st.stm32cube.ide.mcu.externaltools.gnu-tools-for-stm32.12.3.rel1.win32_1.1.0.202410251130/tools/bin/../lib/gcc/arm-none-eabi/12.3.1/../../../../arm-none-eabi/lib/thumb/v7e-m+dp/hard\libc.a(libc_a-lock.o)
                0x0802b050                __retarget_lock_init_recursive
 .text.__retarget_lock_close_recursive
                0x0802b052        0x2 C:/ST/STM32CubeIDE_1.16.1/STM32CubeIDE/plugins/com.st.stm32cube.ide.mcu.externaltools.gnu-tools-for-stm32.12.3.rel1.win32_1.1.0.202410251130/tools/bin/../lib/gcc/arm-none-eabi/12.3.1/../../../../arm-none-eabi/lib/thumb/v7e-m+dp/hard\libc.a(libc_a-lock.o)
                0x0802b052                __retarget_lock_close_recursive
 .text.__retarget_lock_acquire_recursive
                0x0802b054        0x2 C:/ST/STM32CubeIDE_1.16.1/STM32CubeIDE/plugins/com.st.stm32cube.ide.mcu.externaltools.gnu-tools-for-stm32.12.3.rel1.win32_1.1.0.202410251130/tools/bin/../lib/gcc/arm-none-eabi/12.3.1/../../../../arm-none-eabi/lib/thumb/v7e-m+dp/hard\libc.a(libc_a-lock.o)
                0x0802b054                __retarget_lock_acquire_recursive
 .text.__retarget_lock_release_recursive
                0x0802b056        0x2 C:/ST/STM32CubeIDE_1.16.1/STM32CubeIDE/plugins/com.st.stm32cube.ide.mcu.externaltools.gnu-tools-for-stm32.12.3.rel1.win32_1.1.0.202410251130/tools/bin/../lib/gcc/arm-none-eabi/12.3.1/../../../../arm-none-eabi/lib/thumb/v7e-m+dp/hard\libc.a(libc_a-lock.o)
                0x0802b056                __retarget_lock_release_recursive
 .text.sysconf  0x0802b058       0x18 C:/ST/STM32CubeIDE_1.16.1/STM32CubeIDE/plugins/com.st.stm32cube.ide.mcu.externaltools.gnu-tools-for-stm32.12.3.rel1.win32_1.1.0.202410251130/tools/bin/../lib/gcc/arm-none-eabi/12.3.1/../../../../arm-none-eabi/lib/thumb/v7e-m+dp/hard\libc.a(libc_a-sysconf.o)
                0x0802b058                sysconf
 .text.memcpy   0x0802b070       0x1c C:/ST/STM32CubeIDE_1.16.1/STM32CubeIDE/plugins/com.st.stm32cube.ide.mcu.externaltools.gnu-tools-for-stm32.12.3.rel1.win32_1.1.0.202410251130/tools/bin/../lib/gcc/arm-none-eabi/12.3.1/../../../../arm-none-eabi/lib/thumb/v7e-m+dp/hard\libc.a(libc_a-memcpy-stub.o)
                0x0802b070                memcpy
 .text.startup.register_fini
                0x0802b08c       0x14 C:/ST/STM32CubeIDE_1.16.1/STM32CubeIDE/plugins/com.st.stm32cube.ide.mcu.externaltools.gnu-tools-for-stm32.12.3.rel1.win32_1.1.0.202410251130/tools/bin/../lib/gcc/arm-none-eabi/12.3.1/../../../../arm-none-eabi/lib/thumb/v7e-m+dp/hard\libc.a(libc_a-__call_atexit.o)
 .text.atexit   0x0802b0a0        0xc C:/ST/STM32CubeIDE_1.16.1/STM32CubeIDE/plugins/com.st.stm32cube.ide.mcu.externaltools.gnu-tools-for-stm32.12.3.rel1.win32_1.1.0.202410251130/tools/bin/../lib/gcc/arm-none-eabi/12.3.1/../../../../arm-none-eabi/lib/thumb/v7e-m+dp/hard\libc.a(libc_a-atexit.o)
                0x0802b0a0                atexit
 .text._malloc_trim_r
                0x0802b0ac       0xac C:/ST/STM32CubeIDE_1.16.1/STM32CubeIDE/plugins/com.st.stm32cube.ide.mcu.externaltools.gnu-tools-for-stm32.12.3.rel1.win32_1.1.0.202410251130/tools/bin/../lib/gcc/arm-none-eabi/12.3.1/../../../../arm-none-eabi/lib/thumb/v7e-m+dp/hard\libc.a(libc_a-freer.o)
                0x0802b0ac                _malloc_trim_r
 .text._free_r  0x0802b158      0x180 C:/ST/STM32CubeIDE_1.16.1/STM32CubeIDE/plugins/com.st.stm32cube.ide.mcu.externaltools.gnu-tools-for-stm32.12.3.rel1.win32_1.1.0.202410251130/tools/bin/../lib/gcc/arm-none-eabi/12.3.1/../../../../arm-none-eabi/lib/thumb/v7e-m+dp/hard\libc.a(libc_a-freer.o)
                0x0802b158                _free_r
 .text._svfprintf_r
                0x0802b2d8     0x1308 C:/ST/STM32CubeIDE_1.16.1/STM32CubeIDE/plugins/com.st.stm32cube.ide.mcu.externaltools.gnu-tools-for-stm32.12.3.rel1.win32_1.1.0.202410251130/tools/bin/../lib/gcc/arm-none-eabi/12.3.1/../../../../arm-none-eabi/lib/thumb/v7e-m+dp/hard\libc.a(libc_a-svfprintf.o)
                0x0802b2d8                _svfprintf_r
 .text._vfprintf_r
                0x0802c5e0     0x13b0 C:/ST/STM32CubeIDE_1.16.1/STM32CubeIDE/plugins/com.st.stm32cube.ide.mcu.externaltools.gnu-tools-for-stm32.12.3.rel1.win32_1.1.0.202410251130/tools/bin/../lib/gcc/arm-none-eabi/12.3.1/../../../../arm-none-eabi/lib/thumb/v7e-m+dp/hard\libc.a(libc_a-vfprintf.o)
                0x0802c5e0                _vfprintf_r
 .text.__sbprintf
                0x0802d990       0x80 C:/ST/STM32CubeIDE_1.16.1/STM32CubeIDE/plugins/com.st.stm32cube.ide.mcu.externaltools.gnu-tools-for-stm32.12.3.rel1.win32_1.1.0.202410251130/tools/bin/../lib/gcc/arm-none-eabi/12.3.1/../../../../arm-none-eabi/lib/thumb/v7e-m+dp/hard\libc.a(libc_a-vfprintf.o)
 .text.__sprint_r
                0x0802da10       0x64 C:/ST/STM32CubeIDE_1.16.1/STM32CubeIDE/plugins/com.st.stm32cube.ide.mcu.externaltools.gnu-tools-for-stm32.12.3.rel1.win32_1.1.0.202410251130/tools/bin/../lib/gcc/arm-none-eabi/12.3.1/../../../../arm-none-eabi/lib/thumb/v7e-m+dp/hard\libc.a(libc_a-vfiprintf.o)
                0x0802da10                __sprint_r
 .text._vfiprintf_r
                0x0802da74      0x910 C:/ST/STM32CubeIDE_1.16.1/STM32CubeIDE/plugins/com.st.stm32cube.ide.mcu.externaltools.gnu-tools-for-stm32.12.3.rel1.win32_1.1.0.202410251130/tools/bin/../lib/gcc/arm-none-eabi/12.3.1/../../../../arm-none-eabi/lib/thumb/v7e-m+dp/hard\libc.a(libc_a-vfiprintf.o)
                0x0802da74                _vfiprintf_r
 .text.__sbprintf
                0x0802e384       0x80 C:/ST/STM32CubeIDE_1.16.1/STM32CubeIDE/plugins/com.st.stm32cube.ide.mcu.externaltools.gnu-tools-for-stm32.12.3.rel1.win32_1.1.0.202410251130/tools/bin/../lib/gcc/arm-none-eabi/12.3.1/../../../../arm-none-eabi/lib/thumb/v7e-m+dp/hard\libc.a(libc_a-vfiprintf.o)
 .text._fclose_r
                0x0802e404       0xaa C:/ST/STM32CubeIDE_1.16.1/STM32CubeIDE/plugins/com.st.stm32cube.ide.mcu.externaltools.gnu-tools-for-stm32.12.3.rel1.win32_1.1.0.202410251130/tools/bin/../lib/gcc/arm-none-eabi/12.3.1/../../../../arm-none-eabi/lib/thumb/v7e-m+dp/hard\libc.a(libc_a-fclose.o)
                0x0802e404                _fclose_r
 *fill*         0x0802e4ae        0x2 
 .text.__sflush_r
                0x0802e4b0      0x110 C:/ST/STM32CubeIDE_1.16.1/STM32CubeIDE/plugins/com.st.stm32cube.ide.mcu.externaltools.gnu-tools-for-stm32.12.3.rel1.win32_1.1.0.202410251130/tools/bin/../lib/gcc/arm-none-eabi/12.3.1/../../../../arm-none-eabi/lib/thumb/v7e-m+dp/hard\libc.a(libc_a-fflush.o)
                0x0802e4b0                __sflush_r
 .text._fflush_r
                0x0802e5c0       0x4a C:/ST/STM32CubeIDE_1.16.1/STM32CubeIDE/plugins/com.st.stm32cube.ide.mcu.externaltools.gnu-tools-for-stm32.12.3.rel1.win32_1.1.0.202410251130/tools/bin/../lib/gcc/arm-none-eabi/12.3.1/../../../../arm-none-eabi/lib/thumb/v7e-m+dp/hard\libc.a(libc_a-fflush.o)
                0x0802e5c0                _fflush_r
 *fill*         0x0802e60a        0x2 
 .text.__sfvwrite_r
                0x0802e60c      0x298 C:/ST/STM32CubeIDE_1.16.1/STM32CubeIDE/plugins/com.st.stm32cube.ide.mcu.externaltools.gnu-tools-for-stm32.12.3.rel1.win32_1.1.0.202410251130/tools/bin/../lib/gcc/arm-none-eabi/12.3.1/../../../../arm-none-eabi/lib/thumb/v7e-m+dp/hard\libc.a(libc_a-fvwrite.o)
                0x0802e60c                __sfvwrite_r
 .text._putc_r  0x0802e8a4       0x68 C:/ST/STM32CubeIDE_1.16.1/STM32CubeIDE/plugins/com.st.stm32cube.ide.mcu.externaltools.gnu-tools-for-stm32.12.3.rel1.win32_1.1.0.202410251130/tools/bin/../lib/gcc/arm-none-eabi/12.3.1/../../../../arm-none-eabi/lib/thumb/v7e-m+dp/hard\libc.a(libc_a-putc.o)
                0x0802e8a4                _putc_r
 .text.__swbuf_r
                0x0802e90c       0x92 C:/ST/STM32CubeIDE_1.16.1/STM32CubeIDE/plugins/com.st.stm32cube.ide.mcu.externaltools.gnu-tools-for-stm32.12.3.rel1.win32_1.1.0.202410251130/tools/bin/../lib/gcc/arm-none-eabi/12.3.1/../../../../arm-none-eabi/lib/thumb/v7e-m+dp/hard\libc.a(libc_a-wbuf.o)
                0x0802e90c                __swbuf_r
 *fill*         0x0802e99e        0x2 
 .text.__swsetup_r
                0x0802e9a0       0xac C:/ST/STM32CubeIDE_1.16.1/STM32CubeIDE/plugins/com.st.stm32cube.ide.mcu.externaltools.gnu-tools-for-stm32.12.3.rel1.win32_1.1.0.202410251130/tools/bin/../lib/gcc/arm-none-eabi/12.3.1/../../../../arm-none-eabi/lib/thumb/v7e-m+dp/hard\libc.a(libc_a-wsetup.o)
                0x0802e9a0                __swsetup_r
 .text.__fputwc
                0x0802ea4c       0x82 C:/ST/STM32CubeIDE_1.16.1/STM32CubeIDE/plugins/com.st.stm32cube.ide.mcu.externaltools.gnu-tools-for-stm32.12.3.rel1.win32_1.1.0.202410251130/tools/bin/../lib/gcc/arm-none-eabi/12.3.1/../../../../arm-none-eabi/lib/thumb/v7e-m+dp/hard\libc.a(libc_a-fputwc.o)
                0x0802ea4c                __fputwc
 .text._fputwc_r
                0x0802eace       0x52 C:/ST/STM32CubeIDE_1.16.1/STM32CubeIDE/plugins/com.st.stm32cube.ide.mcu.externaltools.gnu-tools-for-stm32.12.3.rel1.win32_1.1.0.202410251130/tools/bin/../lib/gcc/arm-none-eabi/12.3.1/../../../../arm-none-eabi/lib/thumb/v7e-m+dp/hard\libc.a(libc_a-fputwc.o)
                0x0802eace                _fputwc_r
 .text.memmove  0x0802eb20       0x34 C:/ST/STM32CubeIDE_1.16.1/STM32CubeIDE/plugins/com.st.stm32cube.ide.mcu.externaltools.gnu-tools-for-stm32.12.3.rel1.win32_1.1.0.202410251130/tools/bin/../lib/gcc/arm-none-eabi/12.3.1/../../../../arm-none-eabi/lib/thumb/v7e-m+dp/hard\libc.a(libc_a-memmove.o)
                0x0802eb20                memmove
 .text.strncpy  0x0802eb54       0x26 C:/ST/STM32CubeIDE_1.16.1/STM32CubeIDE/plugins/com.st.stm32cube.ide.mcu.externaltools.gnu-tools-for-stm32.12.3.rel1.win32_1.1.0.202410251130/tools/bin/../lib/gcc/arm-none-eabi/12.3.1/../../../../arm-none-eabi/lib/thumb/v7e-m+dp/hard\libc.a(libc_a-strncpy.o)
                0x0802eb54                strncpy
 *fill*         0x0802eb7a        0x2 
 .text.__locale_mb_cur_max
                0x0802eb7c        0xc C:/ST/STM32CubeIDE_1.16.1/STM32CubeIDE/plugins/com.st.stm32cube.ide.mcu.externaltools.gnu-tools-for-stm32.12.3.rel1.win32_1.1.0.202410251130/tools/bin/../lib/gcc/arm-none-eabi/12.3.1/../../../../arm-none-eabi/lib/thumb/v7e-m+dp/hard\libc.a(libc_a-locale.o)
                0x0802eb7c                __locale_mb_cur_max
 .text._localeconv_r
                0x0802eb88        0x8 C:/ST/STM32CubeIDE_1.16.1/STM32CubeIDE/plugins/com.st.stm32cube.ide.mcu.externaltools.gnu-tools-for-stm32.12.3.rel1.win32_1.1.0.202410251130/tools/bin/../lib/gcc/arm-none-eabi/12.3.1/../../../../arm-none-eabi/lib/thumb/v7e-m+dp/hard\libc.a(libc_a-localeconv.o)
                0x0802eb88                _localeconv_r
 .text.__libc_fini_array
                0x0802eb90       0x28 C:/ST/STM32CubeIDE_1.16.1/STM32CubeIDE/plugins/com.st.stm32cube.ide.mcu.externaltools.gnu-tools-for-stm32.12.3.rel1.win32_1.1.0.202410251130/tools/bin/../lib/gcc/arm-none-eabi/12.3.1/../../../../arm-none-eabi/lib/thumb/v7e-m+dp/hard\libc.a(libc_a-fini.o)
                0x0802eb90                __libc_fini_array
 .text.frexp    0x0802ebb8       0x70 C:/ST/STM32CubeIDE_1.16.1/STM32CubeIDE/plugins/com.st.stm32cube.ide.mcu.externaltools.gnu-tools-for-stm32.12.3.rel1.win32_1.1.0.202410251130/tools/bin/../lib/gcc/arm-none-eabi/12.3.1/../../../../arm-none-eabi/lib/thumb/v7e-m+dp/hard\libc.a(libm_a-s_frexp.o)
                0x0802ebb8                frexp
 .text.__register_exitproc
                0x0802ec28       0x80 C:/ST/STM32CubeIDE_1.16.1/STM32CubeIDE/plugins/com.st.stm32cube.ide.mcu.externaltools.gnu-tools-for-stm32.12.3.rel1.win32_1.1.0.202410251130/tools/bin/../lib/gcc/arm-none-eabi/12.3.1/../../../../arm-none-eabi/lib/thumb/v7e-m+dp/hard\libc.a(libc_a-__atexit.o)
                0x0802ec28                __register_exitproc
 .text.quorem   0x0802eca8      0x110 C:/ST/STM32CubeIDE_1.16.1/STM32CubeIDE/plugins/com.st.stm32cube.ide.mcu.externaltools.gnu-tools-for-stm32.12.3.rel1.win32_1.1.0.202410251130/tools/bin/../lib/gcc/arm-none-eabi/12.3.1/../../../../arm-none-eabi/lib/thumb/v7e-m+dp/hard\libc.a(libc_a-dtoa.o)
 .text._dtoa_r  0x0802edb8      0xa7c C:/ST/STM32CubeIDE_1.16.1/STM32CubeIDE/plugins/com.st.stm32cube.ide.mcu.externaltools.gnu-tools-for-stm32.12.3.rel1.win32_1.1.0.202410251130/tools/bin/../lib/gcc/arm-none-eabi/12.3.1/../../../../arm-none-eabi/lib/thumb/v7e-m+dp/hard\libc.a(libc_a-dtoa.o)
                0x0802edb8                _dtoa_r
 .text.__ascii_mbtowc
                0x0802f834       0x24 C:/ST/STM32CubeIDE_1.16.1/STM32CubeIDE/plugins/com.st.stm32cube.ide.mcu.externaltools.gnu-tools-for-stm32.12.3.rel1.win32_1.1.0.202410251130/tools/bin/../lib/gcc/arm-none-eabi/12.3.1/../../../../arm-none-eabi/lib/thumb/v7e-m+dp/hard\libc.a(libc_a-mbtowc_r.o)
                0x0802f834                __ascii_mbtowc
 .text._Balloc  0x0802f858       0x4a C:/ST/STM32CubeIDE_1.16.1/STM32CubeIDE/plugins/com.st.stm32cube.ide.mcu.externaltools.gnu-tools-for-stm32.12.3.rel1.win32_1.1.0.202410251130/tools/bin/../lib/gcc/arm-none-eabi/12.3.1/../../../../arm-none-eabi/lib/thumb/v7e-m+dp/hard\libc.a(libc_a-mprec.o)
                0x0802f858                _Balloc
 .text._Bfree   0x0802f8a2       0x12 C:/ST/STM32CubeIDE_1.16.1/STM32CubeIDE/plugins/com.st.stm32cube.ide.mcu.externaltools.gnu-tools-for-stm32.12.3.rel1.win32_1.1.0.202410251130/tools/bin/../lib/gcc/arm-none-eabi/12.3.1/../../../../arm-none-eabi/lib/thumb/v7e-m+dp/hard\libc.a(libc_a-mprec.o)
                0x0802f8a2                _Bfree
 .text.__multadd
                0x0802f8b4       0x8c C:/ST/STM32CubeIDE_1.16.1/STM32CubeIDE/plugins/com.st.stm32cube.ide.mcu.externaltools.gnu-tools-for-stm32.12.3.rel1.win32_1.1.0.202410251130/tools/bin/../lib/gcc/arm-none-eabi/12.3.1/../../../../arm-none-eabi/lib/thumb/v7e-m+dp/hard\libc.a(libc_a-mprec.o)
                0x0802f8b4                __multadd
 .text.__hi0bits
                0x0802f940       0x3e C:/ST/STM32CubeIDE_1.16.1/STM32CubeIDE/plugins/com.st.stm32cube.ide.mcu.externaltools.gnu-tools-for-stm32.12.3.rel1.win32_1.1.0.202410251130/tools/bin/../lib/gcc/arm-none-eabi/12.3.1/../../../../arm-none-eabi/lib/thumb/v7e-m+dp/hard\libc.a(libc_a-mprec.o)
                0x0802f940                __hi0bits
 .text.__lo0bits
                0x0802f97e       0x5a C:/ST/STM32CubeIDE_1.16.1/STM32CubeIDE/plugins/com.st.stm32cube.ide.mcu.externaltools.gnu-tools-for-stm32.12.3.rel1.win32_1.1.0.202410251130/tools/bin/../lib/gcc/arm-none-eabi/12.3.1/../../../../arm-none-eabi/lib/thumb/v7e-m+dp/hard\libc.a(libc_a-mprec.o)
                0x0802f97e                __lo0bits
 .text.__i2b    0x0802f9d8       0x2c C:/ST/STM32CubeIDE_1.16.1/STM32CubeIDE/plugins/com.st.stm32cube.ide.mcu.externaltools.gnu-tools-for-stm32.12.3.rel1.win32_1.1.0.202410251130/tools/bin/../lib/gcc/arm-none-eabi/12.3.1/../../../../arm-none-eabi/lib/thumb/v7e-m+dp/hard\libc.a(libc_a-mprec.o)
                0x0802f9d8                __i2b
 .text.__multiply
                0x0802fa04      0x154 C:/ST/STM32CubeIDE_1.16.1/STM32CubeIDE/plugins/com.st.stm32cube.ide.mcu.externaltools.gnu-tools-for-stm32.12.3.rel1.win32_1.1.0.202410251130/tools/bin/../lib/gcc/arm-none-eabi/12.3.1/../../../../arm-none-eabi/lib/thumb/v7e-m+dp/hard\libc.a(libc_a-mprec.o)
                0x0802fa04                __multiply
 .text.__pow5mult
                0x0802fb58       0x80 C:/ST/STM32CubeIDE_1.16.1/STM32CubeIDE/plugins/com.st.stm32cube.ide.mcu.externaltools.gnu-tools-for-stm32.12.3.rel1.win32_1.1.0.202410251130/tools/bin/../lib/gcc/arm-none-eabi/12.3.1/../../../../arm-none-eabi/lib/thumb/v7e-m+dp/hard\libc.a(libc_a-mprec.o)
                0x0802fb58                __pow5mult
 .text.__lshift
                0x0802fbd8       0xd8 C:/ST/STM32CubeIDE_1.16.1/STM32CubeIDE/plugins/com.st.stm32cube.ide.mcu.externaltools.gnu-tools-for-stm32.12.3.rel1.win32_1.1.0.202410251130/tools/bin/../lib/gcc/arm-none-eabi/12.3.1/../../../../arm-none-eabi/lib/thumb/v7e-m+dp/hard\libc.a(libc_a-mprec.o)
                0x0802fbd8                __lshift
 .text.__mcmp   0x0802fcb0       0x36 C:/ST/STM32CubeIDE_1.16.1/STM32CubeIDE/plugins/com.st.stm32cube.ide.mcu.externaltools.gnu-tools-for-stm32.12.3.rel1.win32_1.1.0.202410251130/tools/bin/../lib/gcc/arm-none-eabi/12.3.1/../../../../arm-none-eabi/lib/thumb/v7e-m+dp/hard\libc.a(libc_a-mprec.o)
                0x0802fcb0                __mcmp