../Drivers/STM32H7xx_HAL_Driver/Src/stm32h7xx_hal_nand.c:246:13:HAL_NAND_MspInit	0	static
../Drivers/STM32H7xx_HAL_Driver/Src/stm32h7xx_hal_nand.c:158:20:HAL_NAND_Init	16	static
../Drivers/STM32H7xx_HAL_Driver/Src/stm32h7xx_hal_nand.c:262:13:HAL_NAND_MspDeInit	0	static
../Drivers/STM32H7xx_HAL_Driver/Src/stm32h7xx_hal_nand.c:213:19:HAL_NAND_DeInit	8	static
../Drivers/STM32H7xx_HAL_Driver/Src/stm32h7xx_hal_nand.c:345:13:HAL_NAND_ITCallback	0	static
../Drivers/STM32H7xx_HAL_Driver/Src/stm32h7xx_hal_nand.c:279:6:HAL_NAND_IRQHandler	8	static
../Drivers/STM32H7xx_HAL_Driver/Src/stm32h7xx_hal_nand.c:381:19:HAL_NAND_Read_ID	16	static,ignoring_inline_asm
../Drivers/STM32H7xx_HAL_Driver/Src/stm32h7xx_hal_nand.c:452:19:HAL_NAND_Reset	0	static
../Drivers/STM32H7xx_HAL_Driver/Src/stm32h7xx_hal_nand.c:497:20:HAL_NAND_ConfigDevice	0	static
../Drivers/STM32H7xx_HAL_Driver/Src/stm32h7xx_hal_nand.c:1816:19:HAL_NAND_Erase_Block	20	static,ignoring_inline_asm
../Drivers/STM32H7xx_HAL_Driver/Src/stm32h7xx_hal_nand.c:1872:10:HAL_NAND_Address_Inc	8	static
../Drivers/STM32H7xx_HAL_Driver/Src/stm32h7xx_hal_nand.c:2053:20:HAL_NAND_ECC_Enable	16	static
../Drivers/STM32H7xx_HAL_Driver/Src/stm32h7xx_hal_nand.c:2085:20:HAL_NAND_ECC_Disable	16	static
../Drivers/STM32H7xx_HAL_Driver/Src/stm32h7xx_hal_nand.c:2119:20:HAL_NAND_GetECC	16	static
../Drivers/STM32H7xx_HAL_Driver/Src/stm32h7xx_hal_nand.c:2173:23:HAL_NAND_GetState	0	static
../Drivers/STM32H7xx_HAL_Driver/Src/stm32h7xx_hal_nand.c:2184:10:HAL_NAND_Read_Status	0	static
../Drivers/STM32H7xx_HAL_Driver/Src/stm32h7xx_hal_nand.c:519:19:HAL_NAND_Read_Page_8b	40	static,ignoring_inline_asm
../Drivers/STM32H7xx_HAL_Driver/Src/stm32h7xx_hal_nand.c:677:19:HAL_NAND_Read_Page_16b	40	static,ignoring_inline_asm
../Drivers/STM32H7xx_HAL_Driver/Src/stm32h7xx_hal_nand.c:845:19:HAL_NAND_Write_Page_8b	40	static,ignoring_inline_asm
../Drivers/STM32H7xx_HAL_Driver/Src/stm32h7xx_hal_nand.c:998:19:HAL_NAND_Write_Page_16b	40	static,ignoring_inline_asm
../Drivers/STM32H7xx_HAL_Driver/Src/stm32h7xx_hal_nand.c:1162:19:HAL_NAND_Read_SpareArea_8b	48	static,ignoring_inline_asm
../Drivers/STM32H7xx_HAL_Driver/Src/stm32h7xx_hal_nand.c:1327:19:HAL_NAND_Read_SpareArea_16b	48	static,ignoring_inline_asm
../Drivers/STM32H7xx_HAL_Driver/Src/stm32h7xx_hal_nand.c:1492:19:HAL_NAND_Write_SpareArea_8b	40	static,ignoring_inline_asm
../Drivers/STM32H7xx_HAL_Driver/Src/stm32h7xx_hal_nand.c:1655:19:HAL_NAND_Write_SpareArea_16b	40	static,ignoring_inline_asm
