../Drivers/STM32H7xx_HAL_Driver/Src/stm32h7xx_hal_spdifrx.c:1612:26:SPDIFRX_WaitOnFlagUntilTimeout.constprop	24	static
../Drivers/STM32H7xx_HAL_Driver/Src/stm32h7xx_hal_spdifrx.c:396:13:HAL_SPDIFRX_MspInit	0	static
../Drivers/STM32H7xx_HAL_Driver/Src/stm32h7xx_hal_spdifrx.c:244:19:HAL_SPDIFRX_Init	8	static
../Drivers/STM32H7xx_HAL_Driver/Src/stm32h7xx_hal_spdifrx.c:411:13:HAL_SPDIFRX_MspDeInit	0	static
../Drivers/STM32H7xx_HAL_Driver/Src/stm32h7xx_hal_spdifrx.c:351:19:HAL_SPDIFRX_DeInit	8	static
../Drivers/STM32H7xx_HAL_Driver/Src/stm32h7xx_hal_spdifrx.c:621:19:HAL_SPDIFRX_SetDataFormat	8	static
../Drivers/STM32H7xx_HAL_Driver/Src/stm32h7xx_hal_spdifrx.c:720:19:HAL_SPDIFRX_ReceiveDataFlow	24	static
../Drivers/STM32H7xx_HAL_Driver/Src/stm32h7xx_hal_spdifrx.c:794:19:HAL_SPDIFRX_ReceiveCtrlFlow	24	static
../Drivers/STM32H7xx_HAL_Driver/Src/stm32h7xx_hal_spdifrx.c:866:19:HAL_SPDIFRX_ReceiveDataFlow_IT	8	static
../Drivers/STM32H7xx_HAL_Driver/Src/stm32h7xx_hal_spdifrx.c:952:19:HAL_SPDIFRX_ReceiveCtrlFlow_IT	12	static
../Drivers/STM32H7xx_HAL_Driver/Src/stm32h7xx_hal_spdifrx.c:1038:19:HAL_SPDIFRX_ReceiveDataFlow_DMA	16	static
../Drivers/STM32H7xx_HAL_Driver/Src/stm32h7xx_hal_spdifrx.c:1141:19:HAL_SPDIFRX_ReceiveCtrlFlow_DMA	16	static
../Drivers/STM32H7xx_HAL_Driver/Src/stm32h7xx_hal_spdifrx.c:1242:19:HAL_SPDIFRX_DMAStop	0	static
../Drivers/STM32H7xx_HAL_Driver/Src/stm32h7xx_hal_spdifrx.c:1326:13:HAL_SPDIFRX_RxHalfCpltCallback	0	static
../Drivers/STM32H7xx_HAL_Driver/Src/stm32h7xx_hal_spdifrx.c:1467:13:SPDIFRX_DMARxHalfCplt	8	static
../Drivers/STM32H7xx_HAL_Driver/Src/stm32h7xx_hal_spdifrx.c:1341:13:HAL_SPDIFRX_RxCpltCallback	0	static
../Drivers/STM32H7xx_HAL_Driver/Src/stm32h7xx_hal_spdifrx.c:1444:13:SPDIFRX_DMARxCplt	8	static
../Drivers/STM32H7xx_HAL_Driver/Src/stm32h7xx_hal_spdifrx.c:1356:13:HAL_SPDIFRX_CxHalfCpltCallback	0	static
../Drivers/STM32H7xx_HAL_Driver/Src/stm32h7xx_hal_spdifrx.c:1505:13:SPDIFRX_DMACxHalfCplt	8	static
../Drivers/STM32H7xx_HAL_Driver/Src/stm32h7xx_hal_spdifrx.c:1371:13:HAL_SPDIFRX_CxCpltCallback	0	static
../Drivers/STM32H7xx_HAL_Driver/Src/stm32h7xx_hal_spdifrx.c:1484:13:SPDIFRX_DMACxCplt	8	static
../Drivers/STM32H7xx_HAL_Driver/Src/stm32h7xx_hal_spdifrx.c:1386:13:HAL_SPDIFRX_ErrorCallback	0	static
../Drivers/STM32H7xx_HAL_Driver/Src/stm32h7xx_hal_spdifrx.c:1521:13:SPDIFRX_DMAError	8	static
../Drivers/STM32H7xx_HAL_Driver/Src/stm32h7xx_hal_spdifrx.c:1277:6:HAL_SPDIFRX_IRQHandler	24	static
../Drivers/STM32H7xx_HAL_Driver/Src/stm32h7xx_hal_spdifrx.c:1420:26:HAL_SPDIFRX_GetState	0	static
../Drivers/STM32H7xx_HAL_Driver/Src/stm32h7xx_hal_spdifrx.c:1430:10:HAL_SPDIFRX_GetError	0	static
