../USB_DEVICE/Target/usbd_conf.c:66:6:HAL_PCD_MspInit	240	static
../USB_DEVICE/Target/usbd_conf.c:128:6:HAL_PCD_MspDeInit	8	static
../USB_DEVICE/Target/usbd_conf.c:166:6:HAL_PCD_SetupStageCallback	0	static
../USB_DEVICE/Target/usbd_conf.c:181:6:HAL_PCD_DataOutStageCallback	0	static
../USB_DEVICE/Target/usbd_conf.c:196:6:HAL_PCD_DataInStageCallback	0	static
../USB_DEVICE/Target/usbd_conf.c:210:6:HAL_PCD_SOFCallback	0	static
../USB_DEVICE/Target/usbd_conf.c:224:6:HAL_PCD_ResetCallback	8	static
../USB_DEVICE/Target/usbd_conf.c:257:6:HAL_PCD_SuspendCallback	8	static
../USB_DEVICE/Target/usbd_conf.c:282:6:HAL_PCD_ResumeCallback	0	static
../USB_DEVICE/Target/usbd_conf.c:300:6:HAL_PCD_ISOOUTIncompleteCallback	0	static
../USB_DEVICE/Target/usbd_conf.c:315:6:HAL_PCD_ISOINIncompleteCallback	0	static
../USB_DEVICE/Target/usbd_conf.c:329:6:HAL_PCD_ConnectCallback	0	static
../USB_DEVICE/Target/usbd_conf.c:343:6:HAL_PCD_DisconnectCallback	0	static
../USB_DEVICE/Target/usbd_conf.c:358:20:USBD_LL_Init	8	static
../USB_DEVICE/Target/usbd_conf.c:555:9:USBD_LL_IsStallEP	0	static
../USB_DEVICE/Target/usbd_conf.c:633:10:USBD_LL_GetRxDataSize	0	static
../USB_DEVICE/Target/usbd_conf.c:658:7:USBD_static_malloc	0	static
../USB_DEVICE/Target/usbd_conf.c:670:6:USBD_static_free	0	static
../USB_DEVICE/Target/usbd_conf.c:680:6:USBD_LL_Delay	0	static
../USB_DEVICE/Target/usbd_conf.c:690:20:USBD_Get_USB_Status	0	static
../USB_DEVICE/Target/usbd_conf.c:411:20:USBD_LL_DeInit	8	static
../USB_DEVICE/Target/usbd_conf.c:428:20:USBD_LL_Start	8	static
../USB_DEVICE/Target/usbd_conf.c:445:20:USBD_LL_Stop	8	static
../USB_DEVICE/Target/usbd_conf.c:465:20:USBD_LL_OpenEP	8	static
../USB_DEVICE/Target/usbd_conf.c:483:20:USBD_LL_CloseEP	8	static
../USB_DEVICE/Target/usbd_conf.c:501:20:USBD_LL_FlushEP	8	static
../USB_DEVICE/Target/usbd_conf.c:519:20:USBD_LL_StallEP	8	static
../USB_DEVICE/Target/usbd_conf.c:537:20:USBD_LL_ClearStallEP	8	static
../USB_DEVICE/Target/usbd_conf.c:575:20:USBD_LL_SetUSBAddress	8	static
../USB_DEVICE/Target/usbd_conf.c:595:20:USBD_LL_Transmit	8	static
../USB_DEVICE/Target/usbd_conf.c:615:20:USBD_LL_PrepareReceive	8	static
