../Core/Src/ssd1306.c:8:6:ssd1306_Reset	0	static
../Core/Src/ssd1306.c:13:6:ssd1306_WriteCommand	32	static
../Core/Src/ssd1306.c:19:6:ssd1306_WriteData	24	static
../Core/Src/ssd1306.c:64:17:ssd1306_FillBuffer	8	static
../Core/Src/ssd1306.c:176:6:ssd1306_Fill	0	static
../Core/Src/ssd1306.c:182:6:ssd1306_UpdateScreen	16	static
../Core/Src/ssd1306.c:203:6:ssd1306_DrawPixel	12	static
../Core/Src/ssd1306.c:223:6:ssd1306_WriteChar	72	static
../Core/Src/ssd1306.c:259:6:ssd1306_WriteString	40	static
../Core/Src/ssd1306.c:273:6:ssd1306_SetCursor	0	static
../Core/Src/ssd1306.c:279:6:ssd1306_Line	48	static
../Core/Src/ssd1306.c:307:6:ssd1306_Polyline	32	static
../Core/Src/ssd1306.c:344:6:ssd1306_DrawArc	72	static
../Core/Src/ssd1306.c:385:6:ssd1306_DrawArcWithRadiusLine	80	static
../Core/Src/ssd1306.c:430:6:ssd1306_DrawCircle	48	static
../Core/Src/ssd1306.c:466:6:ssd1306_FillCircle	48	static
../Core/Src/ssd1306.c:503:6:ssd1306_DrawRectangle	32	static
../Core/Src/ssd1306.c:514:6:ssd1306_FillRectangle	24	static
../Core/Src/ssd1306.c:529:17:ssd1306_InvertRectangle	28	static
../Core/Src/ssd1306.c:561:6:ssd1306_DrawBitmap	48	static
../Core/Src/ssd1306.c:587:6:ssd1306_SetContrast	8	static
../Core/Src/ssd1306.c:593:6:ssd1306_SetDisplayOn	0	static
../Core/Src/ssd1306.c:74:6:ssd1306_Init	8	static
../Core/Src/ssd1306.c:605:9:ssd1306_GetDisplayOn	0	static
