../Core/Src/stm32h7xx_it.c:81:6:NMI_Handler	0	static
../Core/Src/stm32h7xx_it.c:95:6:HardFault_Handler	8	static
../Core/Src/stm32h7xx_it.c:114:6:MemManage_Handler	0	static
../Core/Src/stm32h7xx_it.c:129:6:BusFault_Handler	0	static
../Core/Src/stm32h7xx_it.c:144:6:UsageFault_Handler	0	static
../Core/Src/stm32h7xx_it.c:159:6:SVC_Handler	0	static
../Core/Src/stm32h7xx_it.c:172:6:DebugMon_Handler	0	static
../Core/Src/stm32h7xx_it.c:185:6:PendSV_Handler	0	static
../Core/Src/stm32h7xx_it.c:198:6:SysTick_Handler	0	static
../Core/Src/stm32h7xx_it.c:256:6:DMA1_Stream0_IRQHandler	0	static
../Core/Src/stm32h7xx_it.c:270:6:DMA1_Stream1_IRQHandler	0	static
../Core/Src/stm32h7xx_it.c:300:6:TIM2_IRQHandler	0	static
../Core/Src/stm32h7xx_it.c:315:6:SPI1_IRQHandler	0	static
../Core/Src/stm32h7xx_it.c:329:6:SPI2_IRQHandler	0	static
../Core/Src/stm32h7xx_it.c:360:6:OTG_HS_EP1_OUT_IRQHandler	0	static
../Core/Src/stm32h7xx_it.c:374:6:OTG_HS_EP1_IN_IRQHandler	0	static
../Core/Src/stm32h7xx_it.c:388:6:OTG_HS_IRQHandler	0	static
../Core/Src/stm32h7xx_it.c:402:6:SPDIF_RX_IRQHandler	0	static
../Core/Src/stm32h7xx_it.c:415:6:clearAllInterrupts	0	static
../Core/Src/stm32h7xx_it.c:219:6:EXTI2_IRQHandler	8	static
../Core/Src/stm32h7xx_it.c:240:6:EXTI3_IRQHandler	8	static
../Core/Src/stm32h7xx_it.c:284:6:EXTI9_5_IRQHandler	8	static
../Core/Src/stm32h7xx_it.c:431:6:doEverythingFunction	8	static
../Core/Src/stm32h7xx_it.c:343:6:EXTI15_10_IRQHandler	8	static
