../Core/Src/stm32h7xx_it.c:80:6:NMI_Handler	0	static
../Core/Src/stm32h7xx_it.c:94:6:HardFault_Handler	8	static
../Core/Src/stm32h7xx_it.c:113:6:MemManage_Handler	0	static
../Core/Src/stm32h7xx_it.c:128:6:BusFault_Handler	0	static
../Core/Src/stm32h7xx_it.c:143:6:UsageFault_Handler	0	static
../Core/Src/stm32h7xx_it.c:158:6:SVC_Handler	0	static
../Core/Src/stm32h7xx_it.c:171:6:DebugMon_Handler	0	static
../Core/Src/stm32h7xx_it.c:184:6:PendSV_Handler	0	static
../Core/Src/stm32h7xx_it.c:197:6:SysTick_Handler	0	static
../Core/Src/stm32h7xx_it.c:250:6:DMA1_Stream0_IRQHandler	0	static
../Core/Src/stm32h7xx_it.c:264:6:DMA1_Stream1_IRQHandler	0	static
../Core/Src/stm32h7xx_it.c:294:6:TIM2_IRQHandler	0	static
../Core/Src/stm32h7xx_it.c:309:6:SPI1_IRQHandler	0	static
../Core/Src/stm32h7xx_it.c:323:6:SPI2_IRQHandler	0	static
../Core/Src/stm32h7xx_it.c:354:6:OTG_HS_EP1_OUT_IRQHandler	0	static
../Core/Src/stm32h7xx_it.c:368:6:OTG_HS_EP1_IN_IRQHandler	0	static
../Core/Src/stm32h7xx_it.c:382:6:OTG_HS_IRQHandler	0	static
../Core/Src/stm32h7xx_it.c:396:6:SPDIF_RX_IRQHandler	0	static
../Core/Src/stm32h7xx_it.c:409:6:clearAllInterrupts	0	static
../Core/Src/stm32h7xx_it.c:218:6:EXTI2_IRQHandler	8	static
../Core/Src/stm32h7xx_it.c:234:6:EXTI3_IRQHandler	8	static
../Core/Src/stm32h7xx_it.c:278:6:EXTI9_5_IRQHandler	8	static
../Core/Src/stm32h7xx_it.c:337:6:EXTI15_10_IRQHandler	8	static
../Core/Src/stm32h7xx_it.c:425:6:doEverythingFunction	8	static
