../Core/Src/main.c:92:5:main	32	static
../Core/Src/main.c:187:6:SystemClock_Config	120	static
../Core/Src/main.c:250:6:PeriphCommonClock_Config	200	static
../Core/Src/main.c:278:13:MX_NVIC_Init	8	static
../Core/Src/main.c:296:6:HAL_I2SEx_TxRxHalfCpltCallback	16	static
../Core/Src/main.c:304:6:HAL_I2SEx_TxRxCpltCallback	16	static
../Core/Src/main.c:312:6:processData	16	static
../Core/Src/main.c:337:5:testFlash	24	static
../Core/Src/main.c:350:6:testRAM	1000072	static
../Core/Src/main.c:376:6:MPU_Config	24	static
../Core/Src/main.c:427:6:Error_Handler	4	static,ignoring_inline_asm
