../Core/Src/main.c:109:5:main	40	static
../Core/Src/main.c:209:6:SystemClock_Config	120	static
../Core/Src/main.c:272:6:PeriphCommonClock_Config	200	static
../Core/Src/main.c:300:13:MX_NVIC_Init	8	static
../Core/Src/main.c:318:6:HAL_I2S_RxCpltCallback	32	static
../Core/Src/main.c:342:6:HAL_I2S_TxCpltCallback	32	static
../Core/Src/main.c:370:6:HAL_I2S_RxHalfCpltCallback	24	static
../Core/Src/main.c:381:6:HAL_I2S_TxHalfCpltCallback	24	static
../Core/Src/main.c:396:6:HAL_I2S_ErrorCallback	16	static
../Core/Src/main.c:400:6:HAL_GPIO_EXTI_Callback	32	static
../Core/Src/main.c:484:5:testFlash	24	static
../Core/Src/main.c:497:6:testRAM	168	static
../Core/Src/main.c:526:6:MPU_Config	24	static
../Core/Src/main.c:577:6:Error_Handler	4	static,ignoring_inline_asm
