../Core/Src/stm32h7xx_it.c:74:6:NMI_Handler	4	static
../Core/Src/stm32h7xx_it.c:87:6:HardFault_Handler	16	static
../Core/Src/stm32h7xx_it.c:104:6:MemManage_Handler	4	static
../Core/Src/stm32h7xx_it.c:117:6:BusFault_Handler	4	static
../Core/Src/stm32h7xx_it.c:130:6:UsageFault_Handler	4	static
../Core/Src/stm32h7xx_it.c:143:6:SVC_Handler	4	static
../Core/Src/stm32h7xx_it.c:155:6:DebugMon_Handler	4	static
../Core/Src/stm32h7xx_it.c:167:6:PendSV_Handler	4	static
../Core/Src/stm32h7xx_it.c:179:6:SysTick_Handler	8	static
../Core/Src/stm32h7xx_it.c:199:6:TIM2_IRQHandler	8	static
../Core/Src/stm32h7xx_it.c:213:6:SPI1_IRQHandler	8	static
../Core/Src/stm32h7xx_it.c:226:6:OTG_HS_EP1_OUT_IRQHandler	8	static
../Core/Src/stm32h7xx_it.c:239:6:OTG_HS_EP1_IN_IRQHandler	8	static
../Core/Src/stm32h7xx_it.c:252:6:OTG_HS_IRQHandler	8	static
../Core/Src/stm32h7xx_it.c:265:6:SPDIF_RX_IRQHandler	8	static
