../Core/Src/stm32h7xx_it.c:74:6:NMI_Handler	4	static
../Core/Src/stm32h7xx_it.c:89:6:HardFault_Handler	16	static
../Core/Src/stm32h7xx_it.c:108:6:MemManage_Handler	4	static
../Core/Src/stm32h7xx_it.c:123:6:BusFault_Handler	4	static
../Core/Src/stm32h7xx_it.c:138:6:UsageFault_Handler	4	static
../Core/Src/stm32h7xx_it.c:153:6:SVC_Handler	4	static
../Core/Src/stm32h7xx_it.c:166:6:DebugMon_Handler	4	static
../Core/Src/stm32h7xx_it.c:179:6:PendSV_Handler	4	static
../Core/Src/stm32h7xx_it.c:192:6:SysTick_Handler	8	static
../Core/Src/stm32h7xx_it.c:213:6:TIM2_IRQHandler	40	static
../Core/Src/stm32h7xx_it.c:228:6:SPI1_IRQHandler	8	static
../Core/Src/stm32h7xx_it.c:242:6:OTG_HS_EP1_OUT_IRQHandler	8	static
../Core/Src/stm32h7xx_it.c:256:6:OTG_HS_EP1_IN_IRQHandler	8	static
../Core/Src/stm32h7xx_it.c:270:6:OTG_HS_IRQHandler	8	static
../Core/Src/stm32h7xx_it.c:284:6:SPDIF_RX_IRQHandler	8	static
